11-05 16:40:47.491 15253 15253 D AatpDeviceManager: taskStatus update (0060f98d7aee389f0dfd4d8d0862380d65c3981b: {"result":{"rotation":0},"state":2})
11-05 16:40:47.491   728   728 D NotificationService: cancelNotificationLocked
11-05 16:40:47.491   728   728 D NotificationService:  hasClearableItems
11-05 16:40:47.491   728   728 D NotificationService: Num of hasClearableItems : 1
11-05 16:40:47.491   728   728 W ContextImpl: Calling a method in the system process without a qualified user: android.app.ContextImpl.sendBroadcast:1524 com.android.server.StatusBarManagerService.sendNotification:1002 com.android.server.StatusBarManagerService.removeNotification:727 com.android.server.NotificationManagerService.cancelNotificationLocked:2499 com.android.server.NotificationManagerService.access$5200:161 
11-05 16:40:47.491   728   728 D STATUSBAR-StatusBarManagerService: sendNotification(3) - 1096041604
11-05 16:40:47.491   728   728 D LightsService: [api] [SvcLED] turnOff:: id = 4 (uid: 1000 pid: 728) 
11-05 16:40:47.491   728   728 D LightsService: [SvcLED] setSvcLedStateLocked:: SvcLEDState : 0x0 -> 0x0 | SvcLED(id=4) set Off
11-05 16:40:47.491   728  1012 D LightsService: [SvcLED] Lux failed to be updated in 700ms. -> handleForcedSvcLEDTasK
11-05 16:40:47.491   728  1012 D LightsService: [SvcLED]  setSvcLedLightLocked :: Current SvcLED(id=3) maintains its priority right
11-05 16:40:47.501  1092  1092 D ProgressBar: setProgressDrawable drawableHeight = 0
11-05 16:40:47.511  1092  1092 D PhoneStatusBar: tick(): knoxCustomManager = android.app.enterprise.knoxcustom.KnoxCustomManager@425e2e70
11-05 16:40:47.521  1092  1092 D STATUSBAR-IconMerger: checkOverflow(360), More:false, Req:false Child:4
11-05 16:40:47.541 15253 15257 D dalvikvm: GC_CONCURRENT freed 2036K, 45% free 11599K/20804K, paused 5ms+9ms, total 126ms
11-05 16:40:47.541 15253 18067 D dalvikvm: WAIT_FOR_CONCURRENT_GC blocked 57ms
11-05 16:40:47.541 15253 18067 D Aatp    : /task/0060f98d7aee389f0dfd4d8d0862380d65c3981b
11-05 16:40:47.671 15253 18085 D Aatp    : /task/0060f98d7aee389f0dfd4d8d0862380d65c3981b/status
11-05 16:40:47.861 16221 16481 I qtaguid : Untagging socket 90
11-05 16:40:47.871 16221 16447 D ConnectivityManager: getActiveNetworkInfo : NetworkInfo: type: WIFI[], state: CONNECTED/CONNECTED, reason: (unspecified), extra: "9902014101", roaming: false, failover: false, isAvailable: true, isConnectedToProvisioningNetwork: false
11-05 16:40:47.871  4232  4256 D ConnectivityManager: getActiveNetworkInfo : NetworkInfo: type: WIFI[], state: CONNECTED/CONNECTED, reason: (unspecified), extra: "9902014101", roaming: false, failover: false, isAvailable: true, isConnectedToProvisioningNetwork: false
11-05 16:40:47.901 16221 16481 I qtaguid : Tagging socket 90 with tag 3000040700000000{805307399,0} for uid 4294967295, pid: 16221, getuid(): 10015
11-05 16:40:47.911 15253 18094 D Aatp    : /default-rotation
11-05 16:40:47.921 15253 18094 D Aatp    : sha1: 48de8056ace0afb4d22180fbe6425ded098d1efb
11-05 16:40:47.931 15253 15253 D AatpDeviceManager: taskStatus update (48de8056ace0afb4d22180fbe6425ded098d1efb: {"state":1})
11-05 16:40:47.931 15253 15253 D AatpDeviceManager: taskStatus update (48de8056ace0afb4d22180fbe6425ded098d1efb: {"result":{"rotation":0},"state":2})
11-05 16:40:47.931   728   728 W ContextImpl: Calling a method in the system process without a qualified user: android.app.ContextImpl.sendBroadcast:1524 com.android.server.StatusBarManagerService.sendNotification:1002 com.android.server.StatusBarManagerService.addNotification:691 com.android.server.NotificationManagerService$7.run:2186 android.os.Handler.handleCallback:733 
11-05 16:40:47.931   728   728 D STATUSBAR-StatusBarManagerService: sendNotification(1) - 1096041605
11-05 16:40:47.941   728   728 D NotificationService: cancelNotificationLocked
11-05 16:40:47.941   728   728 D NotificationService:  hasClearableItems
11-05 16:40:47.941   728   728 D NotificationService: Num of hasClearableItems : 1
11-05 16:40:47.941 15253 18094 D Aatp    : /task/48de8056ace0afb4d22180fbe6425ded098d1efb
11-05 16:40:47.941  1092  1092 D ProgressBar: setProgressDrawable drawableHeight = 0
11-05 16:40:47.941   728   728 W ContextImpl: Calling a method in the system process without a qualified user: android.app.ContextImpl.sendBroadcast:1524 com.android.server.StatusBarManagerService.sendNotification:1002 com.android.server.StatusBarManagerService.removeNotification:727 com.android.server.NotificationManagerService.cancelNotificationLocked:2499 com.android.server.NotificationManagerService.access$5200:161 
11-05 16:40:47.941   728   728 D STATUSBAR-StatusBarManagerService: sendNotification(3) - 1096041605
11-05 16:40:47.941   728   728 D LightsService: [api] [SvcLED] turnOff:: id = 4 (uid: 1000 pid: 728) 
11-05 16:40:47.941   728   728 D LightsService: [SvcLED] setSvcLedStateLocked:: SvcLEDState : 0x0 -> 0x0 | SvcLED(id=4) set Off
11-05 16:40:47.941   728  1012 D LightsService: [SvcLED] Lux failed to be updated in 700ms. -> handleForcedSvcLEDTasK
11-05 16:40:47.941   728  1012 D LightsService: [SvcLED]  setSvcLedLightLocked :: Current SvcLED(id=3) maintains its priority right
11-05 16:40:47.951  1092  1092 D PhoneStatusBar: tick(): knoxCustomManager = android.app.enterprise.knoxcustom.KnoxCustomManager@425e2e70
11-05 16:40:47.971  1092  1092 D STATUSBAR-IconMerger: checkOverflow(360), More:false, Req:false Child:4
11-05 16:40:48.071 15253 18096 D Aatp    : /task/48de8056ace0afb4d22180fbe6425ded098d1efb/status
11-05 16:40:48.311   254   963 D MDnsDS  : Starting MDNSD
11-05 16:40:48.311   728  1059 D NsdService: startMDnsDaemon
11-05 16:40:48.431 15253 18104 D Aatp    : /default-rotation
11-05 16:40:48.441 15253 18104 D Aatp    : sha1: 6d0fd2a2337e03202ced2560c552fdcdb2b2bfc9
11-05 16:40:48.461   728   728 W ContextImpl: Calling a method in the system process without a qualified user: android.app.ContextImpl.sendBroadcast:1524 com.android.server.StatusBarManagerService.sendNotification:1002 com.android.server.StatusBarManagerService.addNotification:691 com.android.server.NotificationManagerService$7.run:2186 android.os.Handler.handleCallback:733 
11-05 16:40:48.461 15253 18104 D Aatp    : /task/6d0fd2a2337e03202ced2560c552fdcdb2b2bfc9
11-05 16:40:48.461   728   728 D STATUSBAR-StatusBarManagerService: sendNotification(1) - 1096041606
11-05 16:40:48.471 15253 15253 D AatpDeviceManager: taskStatus update (6d0fd2a2337e03202ced2560c552fdcdb2b2bfc9: {"state":1})
11-05 16:40:48.471 15253 15253 D AatpDeviceManager: taskStatus update (6d0fd2a2337e03202ced2560c552fdcdb2b2bfc9: {"result":{"rotation":0},"state":2})
11-05 16:40:48.471   728   728 W ContextImpl: Calling a method in the system process without a qualified user: android.app.ContextImpl.sendBroadcast:1524 com.android.server.StatusBarManagerService.sendNotification:1002 com.android.server.StatusBarManagerService.removeNotification:727 com.android.server.NotificationManagerService.cancelNotificationLocked:2499 com.android.server.NotificationManagerService.access$5200:161 
11-05 16:40:48.481   728   728 D NotificationService: cancelNotificationLocked
11-05 16:40:48.481   728   728 D NotificationService:  hasClearableItems
11-05 16:40:48.481   728   728 D NotificationService: Num of hasClearableItems : 1
11-05 16:40:48.481   728   728 D STATUSBAR-StatusBarManagerService: sendNotification(3) - 1096041606
11-05 16:40:48.481   728   728 D LightsService: [api] [SvcLED] turnOff:: id = 4 (uid: 1000 pid: 728) 
11-05 16:40:48.481   728   728 D LightsService: [SvcLED] setSvcLedStateLocked:: SvcLEDState : 0x0 -> 0x0 | SvcLED(id=4) set Off
11-05 16:40:48.481   728  1012 D LightsService: [SvcLED] Lux failed to be updated in 700ms. -> handleForcedSvcLEDTasK
11-05 16:40:48.481   728  1012 D LightsService: [SvcLED]  setSvcLedLightLocked :: Current SvcLED(id=3) maintains its priority right
11-05 16:40:48.491  1092  1092 D ProgressBar: setProgressDrawable drawableHeight = 0
11-05 16:40:48.491  1092  1092 D PhoneStatusBar: tick(): knoxCustomManager = android.app.enterprise.knoxcustom.KnoxCustomManager@425e2e70
11-05 16:40:48.511  1092  1092 D STATUSBAR-IconMerger: checkOverflow(360), More:false, Req:false Child:4
11-05 16:40:48.511   728  1059 D NsdService: New client listening to asynchronous messages
11-05 16:40:48.521   728  1059 D NsdService: New client, channel: com.android.internal.util.AsyncChannel@42e50918 messenger: android.os.Messenger@42e508b8
11-05 16:40:48.551   728  1059 D NsdService: Discover services
11-05 16:40:48.551   728  1059 D NsdService: discoverServices: 2 _services._dns-sd._udp
11-05 16:40:48.561   254   963 D MDnsDS  : discover((null), _services._dns-sd._udp, (null), 2, 0)
11-05 16:40:48.561   254   963 D MDnsDS  : using ref 0xb8408a8c
11-05 16:40:48.561   254   963 D MDnsDS  : startMonitoring 2
11-05 16:40:48.561   254   963 D MDnsDS  : triggering rescan
11-05 16:40:48.561   254   963 D MDnsDS  : discover successful
11-05 16:40:48.561   254   962 D MDnsDS  : Monitor poll got data pollCount = 1, 1
11-05 16:40:48.561   254   962 D MDnsDS  : controlSocket shows revent= 1
11-05 16:40:48.561   254   962 D MDnsDS  : MDnsSdListener::Monitor got 1
11-05 16:40:48.561   254   962 D MDnsDS  : MDnsSdListener::Monitor poll rescanning - size=10, live=1
11-05 16:40:48.561   254   962 D MDnsDS  : Going to poll with pollCount 2
11-05 16:40:48.561   728  1059 D NsdService: Discover 1 2_services._dns-sd._udp
11-05 16:40:48.621  4232  4256 D ConnectivityManager: getActiveNetworkInfo : NetworkInfo: type: WIFI[], state: CONNECTED/CONNECTED, reason: (unspecified), extra: "9902014101", roaming: false, failover: false, isAvailable: true, isConnectedToProvisioningNetwork: false
11-05 16:40:48.661 15253 18115 D Aatp    : /task/6d0fd2a2337e03202ced2560c552fdcdb2b2bfc9/status
11-05 16:40:48.911 15253 18122 D Aatp    : /default-rotation
11-05 16:40:48.921 15253 18122 D Aatp    : sha1: 299e0416d21e0903c67cb0df489fc986ba7952d5
11-05 16:40:48.941   728   728 W ContextImpl: Calling a method in the system process without a qualified user: android.app.ContextImpl.sendBroadcast:1524 com.android.server.StatusBarManagerService.sendNotification:1002 com.android.server.StatusBarManagerService.addNotification:691 com.android.server.NotificationManagerService$7.run:2186 android.os.Handler.handleCallback:733 
11-05 16:40:48.961 15253 18122 D Aatp    : /task/299e0416d21e0903c67cb0df489fc986ba7952d5
11-05 16:40:48.961   728   728 D STATUSBAR-StatusBarManagerService: sendNotification(1) - 1096041607
11-05 16:40:48.971 15253 15253 D AatpDeviceManager: taskStatus update (299e0416d21e0903c67cb0df489fc986ba7952d5: {"state":1})
11-05 16:40:48.971 15253 15253 D AatpDeviceManager: taskStatus update (299e0416d21e0903c67cb0df489fc986ba7952d5: {"result":{"rotation":0},"state":2})
11-05 16:40:48.981   728   728 D NotificationService: cancelNotificationLocked
11-05 16:40:48.981   728   728 D NotificationService:  hasClearableItems
11-05 16:40:48.981   728   728 D NotificationService: Num of hasClearableItems : 1
11-05 16:40:48.981   728   728 W ContextImpl: Calling a method in the system process without a qualified user: android.app.ContextImpl.sendBroadcast:1524 com.android.server.StatusBarManagerService.sendNotification:1002 com.android.server.StatusBarManagerService.removeNotification:727 com.android.server.NotificationManagerService.cancelNotificationLocked:2499 com.android.server.NotificationManagerService.access$5200:161 
11-05 16:40:48.981   728   728 D STATUSBAR-StatusBarManagerService: sendNotification(3) - 1096041607
11-05 16:40:48.981   728   728 D LightsService: [api] [SvcLED] turnOff:: id = 4 (uid: 1000 pid: 728) 
11-05 16:40:48.981   728   728 D LightsService: [SvcLED] setSvcLedStateLocked:: SvcLEDState : 0x0 -> 0x0 | SvcLED(id=4) set Off
11-05 16:40:48.981   728  1012 D LightsService: [SvcLED] Lux failed to be updated in 700ms. -> handleForcedSvcLEDTasK
11-05 16:40:48.981   728  1012 D LightsService: [SvcLED]  setSvcLedLightLocked :: Current SvcLED(id=3) maintains its priority right
11-05 16:40:48.991  1092  1092 D ProgressBar: setProgressDrawable drawableHeight = 0
11-05 16:40:49.001  1092  1092 D PhoneStatusBar: tick(): knoxCustomManager = android.app.enterprise.knoxcustom.KnoxCustomManager@425e2e70
11-05 16:40:49.021   728  1327 D BatteryService: level:100, scale:100, status:5, health:2, present:true, voltage: 4383, temperature: 223, technology: Li-ion, AC powered:false, USB powered:true, Wireless powered:false, icon:17303772, invalid charger:0, online:4, current avg:450, charge type:1, power sharing:false, high voltage charger:false
11-05 16:40:49.021   728   728 D BatteryService: Sending ACTION_BATTERY_CHANGED.
11-05 16:40:49.021   728   728 D UiModeManager: mCoverManager.getCoverState() : true
11-05 16:40:49.031  1092  1092 D STATUSBAR-IconMerger: checkOverflow(360), More:false, Req:false Child:4
11-05 16:40:49.031  1405  1405 D BatteryMonitor: new battery level: 100
11-05 16:40:49.041  1092  1092 D KeyguardUpdateMonitor: received broadcast android.intent.action.BATTERY_CHANGED
11-05 16:40:49.041  3948  3948 V HeadsetService: HeadsetService - Received Intent.ACTION_BATTERY_CHANGED
11-05 16:40:49.041  3948 16573 D HeadsetStateMachine: Disconnected process message: 10
11-05 16:40:49.051  1092  1092 D STATUSBAR-PhoneStatusBar:  mBrightnessEnablebySettings = true mBrightnessEnablebyBattery = true mBrightnessEnablebyDisableFlag = true mPmsBrightnessEnablebySettings = true
11-05 16:40:49.051  1092  1092 D BatteryMeterView: ACTION_BATTERY_CHANGED : level:100 status:5 health:2
11-05 16:40:49.061  1092  1092 D KeyguardUpdateMonitor: handleBatteryUpdate
11-05 16:40:49.061 16221 16447 D ConnectivityManager: getActiveNetworkInfo : NetworkInfo: type: WIFI[], state: CONNECTED/CONNECTED, reason: (unspecified), extra: "9902014101", roaming: false, failover: false, isAvailable: true, isConnectedToProvisioningNetwork: false
11-05 16:40:49.061 16221 16481 I qtaguid : Untagging socket 90
11-05 16:40:49.061  1092  1092 D STATUSBAR-IconMerger: checkOverflow(360), More:false, Req:false Child:4
11-05 16:40:49.131 15253 18141 D Aatp    : /task/299e0416d21e0903c67cb0df489fc986ba7952d5/status
11-05 16:40:49.141 16221 16481 I qtaguid : Tagging socket 90 with tag 3000040700000000{805307399,0} for uid 4294967295, pid: 16221, getuid(): 10015
11-05 16:40:49.281  4232  4256 D ConnectivityManager: getActiveNetworkInfo : NetworkInfo: type: WIFI[], state: CONNECTED/CONNECTED, reason: (unspecified), extra: "9902014101", roaming: false, failover: false, isAvailable: true, isConnectedToProvisioningNetwork: false
11-05 16:40:49.431 15253 18148 D Aatp    : /default-rotation
11-05 16:40:49.451 15253 18148 D Aatp    : sha1: 84d786bf5ae12aa17eb86bbf2071b4ab6f563792
11-05 16:40:49.481 15253 15253 D AatpDeviceManager: taskStatus update (84d786bf5ae12aa17eb86bbf2071b4ab6f563792: {"state":1})
11-05 16:40:49.481 15253 15253 D AatpDeviceManager: taskStatus update (84d786bf5ae12aa17eb86bbf2071b4ab6f563792: {"result":{"rotation":0},"state":2})
11-05 16:40:49.491 15253 18148 D Aatp    : /task/84d786bf5ae12aa17eb86bbf2071b4ab6f563792
11-05 16:40:49.491   728   728 W ContextImpl: Calling a method in the system process without a qualified user: android.app.ContextImpl.sendBroadcast:1524 com.android.server.StatusBarManagerService.sendNotification:1002 com.android.server.StatusBarManagerService.addNotification:691 com.android.server.NotificationManagerService$7.run:2186 android.os.Handler.handleCallback:733 
11-05 16:40:49.501   728   728 D STATUSBAR-StatusBarManagerService: sendNotification(1) - 1096041608
11-05 16:40:49.501   728   728 W ContextImpl: Calling a method in the system process without a qualified user: android.app.ContextImpl.sendBroadcast:1524 com.android.server.StatusBarManagerService.sendNotification:1002 com.android.server.StatusBarManagerService.removeNotification:727 com.android.server.NotificationManagerService.cancelNotificationLocked:2499 com.android.server.NotificationManagerService.access$5200:161 
11-05 16:40:49.501   728   728 D NotificationService: cancelNotificationLocked
11-05 16:40:49.501   728   728 D NotificationService:  hasClearableItems
11-05 16:40:49.501   728   728 D NotificationService: Num of hasClearableItems : 1
11-05 16:40:49.501   728   728 D STATUSBAR-StatusBarManagerService: sendNotification(3) - 1096041608
11-05 16:40:49.501   728   728 D LightsService: [api] [SvcLED] turnOff:: id = 4 (uid: 1000 pid: 728) 
11-05 16:40:49.501   728   728 D LightsService: [SvcLED] setSvcLedStateLocked:: SvcLEDState : 0x0 -> 0x0 | SvcLED(id=4) set Off
11-05 16:40:49.501   728  1012 D LightsService: [SvcLED] Lux failed to be updated in 700ms. -> handleForcedSvcLEDTasK
11-05 16:40:49.501   728  1012 D LightsService: [SvcLED]  setSvcLedLightLocked :: Current SvcLED(id=3) maintains its priority right
11-05 16:40:49.511  1092  1092 D ProgressBar: setProgressDrawable drawableHeight = 0
11-05 16:40:49.521  1092  1092 D PhoneStatusBar: tick(): knoxCustomManager = android.app.enterprise.knoxcustom.KnoxCustomManager@425e2e70
11-05 16:40:49.541  1092  1092 D STATUSBAR-IconMerger: checkOverflow(360), More:false, Req:false Child:4
11-05 16:40:49.591   257   257 E SMD     : DCD ON
11-05 16:40:49.631 15253 18154 D Aatp    : /task/84d786bf5ae12aa17eb86bbf2071b4ab6f563792/status
11-05 16:40:49.811  4232  4256 D ConnectivityManager: getActiveNetworkInfo : NetworkInfo: type: WIFI[], state: CONNECTED/CONNECTED, reason: (unspecified), extra: "9902014101", roaming: false, failover: false, isAvailable: true, isConnectedToProvisioningNetwork: false
11-05 16:40:49.921 15253 18168 D Aatp    : /default-rotation
11-05 16:40:49.941 15253 18168 D Aatp    : sha1: fb4f212a34267203219bc364a992540480196d27
11-05 16:40:49.961   728   728 W ContextImpl: Calling a method in the system process without a qualified user: android.app.ContextImpl.sendBroadcast:1524 com.android.server.StatusBarManagerService.sendNotification:1002 com.android.server.StatusBarManagerService.addNotification:691 com.android.server.NotificationManagerService$7.run:2186 android.os.Handler.handleCallback:733 
11-05 16:40:49.971 15253 18168 D Aatp    : /task/fb4f212a34267203219bc364a992540480196d27
11-05 16:40:49.971   728   728 D STATUSBAR-StatusBarManagerService: sendNotification(1) - 1096041609
11-05 16:40:49.991 15253 15253 D AatpDeviceManager: taskStatus update (fb4f212a34267203219bc364a992540480196d27: {"state":1})
11-05 16:40:49.991 15253 15253 D AatpDeviceManager: taskStatus update (fb4f212a34267203219bc364a992540480196d27: {"result":{"rotation":0},"state":2})
11-05 16:40:49.991   728   728 D NotificationService: cancelNotificationLocked
11-05 16:40:49.991   728   728 D NotificationService:  hasClearableItems
11-05 16:40:49.991   728   728 D NotificationService: Num of hasClearableItems : 1
11-05 16:40:49.991   728   728 W ContextImpl: Calling a method in the system process without a qualified user: android.app.ContextImpl.sendBroadcast:1524 com.android.server.StatusBarManagerService.sendNotification:1002 com.android.server.StatusBarManagerService.removeNotification:727 com.android.server.NotificationManagerService.cancelNotificationLocked:2499 com.android.server.NotificationManagerService.access$5200:161 
11-05 16:40:49.991   728   728 D STATUSBAR-StatusBarManagerService: sendNotification(3) - 1096041609
11-05 16:40:49.991   728   728 D LightsService: [api] [SvcLED] turnOff:: id = 4 (uid: 1000 pid: 728) 
11-05 16:40:49.991   728   728 D LightsService: [SvcLED] setSvcLedStateLocked:: SvcLEDState : 0x0 -> 0x0 | SvcLED(id=4) set Off
11-05 16:40:49.991   728  1012 D LightsService: [SvcLED] Lux failed to be updated in 700ms. -> handleForcedSvcLEDTasK
11-05 16:40:49.991   728  1012 D LightsService: [SvcLED]  setSvcLedLightLocked :: Current SvcLED(id=3) maintains its priority right
11-05 16:40:50.001  1092  1092 D ProgressBar: setProgressDrawable drawableHeight = 0
11-05 16:40:50.001  1092  1092 D PhoneStatusBar: tick(): knoxCustomManager = android.app.enterprise.knoxcustom.KnoxCustomManager@425e2e70
11-05 16:40:50.021  1092  1092 D STATUSBAR-IconMerger: checkOverflow(360), More:false, Req:false Child:4
11-05 16:40:50.071 15253 15257 D dalvikvm: GC_CONCURRENT freed 2016K, 45% free 11600K/20804K, paused 4ms+3ms, total 109ms
11-05 16:40:50.171 15253 18170 D Aatp    : /task/fb4f212a34267203219bc364a992540480196d27/status
11-05 16:40:50.281   728  2536 D SSRMv2  : SIOP:: AP = 290 (20), PST = 313, Delta = 5
11-05 16:40:50.361 16221 16481 I qtaguid : Untagging socket 90
11-05 16:40:50.361 16221 16447 D ConnectivityManager: getActiveNetworkInfo : NetworkInfo: type: WIFI[], state: CONNECTED/CONNECTED, reason: (unspecified), extra: "9902014101", roaming: false, failover: false, isAvailable: true, isConnectedToProvisioningNetwork: false
11-05 16:40:50.411 16221 16481 I qtaguid : Tagging socket 90 with tag 3000040700000000{805307399,0} for uid 4294967295, pid: 16221, getuid(): 10015
11-05 16:40:50.411 15253 18172 D Aatp    : /default-rotation
11-05 16:40:50.421 15253 18172 D Aatp    : sha1: 4306fd8300651331e594ad3ba29661b03ff9c2a7
11-05 16:40:50.431   728   728 W ContextImpl: Calling a method in the system process without a qualified user: android.app.ContextImpl.sendBroadcast:1524 com.android.server.StatusBarManagerService.sendNotification:1002 com.android.server.StatusBarManagerService.addNotification:691 com.android.server.NotificationManagerService$7.run:2186 android.os.Handler.handleCallback:733 
11-05 16:40:50.431   728   728 D STATUSBAR-StatusBarManagerService: sendNotification(1) - 1096041610
11-05 16:40:50.441 15253 18172 D Aatp    : /task/4306fd8300651331e594ad3ba29661b03ff9c2a7
11-05 16:40:50.451 15253 15253 D AatpDeviceManager: taskStatus update (4306fd8300651331e594ad3ba29661b03ff9c2a7: {"state":1})
11-05 16:40:50.451 15253 15253 D AatpDeviceManager: taskStatus update (4306fd8300651331e594ad3ba29661b03ff9c2a7: {"result":{"rotation":0},"state":2})
11-05 16:40:50.451  1092  1092 D ProgressBar: setProgressDrawable drawableHeight = 0
11-05 16:40:50.451   728   728 D NotificationService: cancelNotificationLocked
11-05 16:40:50.451   728   728 D NotificationService:  hasClearableItems
11-05 16:40:50.451   728   728 D NotificationService: Num of hasClearableItems : 1
11-05 16:40:50.451   728   728 W ContextImpl: Calling a method in the system process without a qualified user: android.app.ContextImpl.sendBroadcast:1524 com.android.server.StatusBarManagerService.sendNotification:1002 com.android.server.StatusBarManagerService.removeNotification:727 com.android.server.NotificationManagerService.cancelNotificationLocked:2499 com.android.server.NotificationManagerService.access$5200:161 
11-05 16:40:50.451   728   728 D STATUSBAR-StatusBarManagerService: sendNotification(3) - 1096041610
11-05 16:40:50.461   728   728 D LightsService: [api] [SvcLED] turnOff:: id = 4 (uid: 1000 pid: 728) 
11-05 16:40:50.461   728   728 D LightsService: [SvcLED] setSvcLedStateLocked:: SvcLEDState : 0x0 -> 0x0 | SvcLED(id=4) set Off
11-05 16:40:50.461   728  1012 D LightsService: [SvcLED] Lux failed to be updated in 700ms. -> handleForcedSvcLEDTasK
11-05 16:40:50.461   728  1012 D LightsService: [SvcLED]  setSvcLedLightLocked :: Current SvcLED(id=3) maintains its priority right
11-05 16:40:50.461  1092  1092 D PhoneStatusBar: tick(): knoxCustomManager = android.app.enterprise.knoxcustom.KnoxCustomManager@425e2e70
11-05 16:40:50.471  1092  1092 D STATUSBAR-IconMerger: checkOverflow(360), More:false, Req:false Child:4
11-05 16:40:50.581 15253 18188 D Aatp    : /task/4306fd8300651331e594ad3ba29661b03ff9c2a7/status
11-05 16:40:50.711  4232  4256 D ConnectivityManager: getActiveNetworkInfo : NetworkInfo: type: WIFI[], state: CONNECTED/CONNECTED, reason: (unspecified), extra: "9902014101", roaming: false, failover: false, isAvailable: true, isConnectedToProvisioningNetwork: false
11-05 16:40:50.921 15253 18200 D Aatp    : /default-rotation
11-05 16:40:50.951 15253 18200 D Aatp    : sha1: 9299ed715810d0695e130daab8397cbd83f05bc7
11-05 16:40:50.981 15253 18200 D Aatp    : /task/9299ed715810d0695e130daab8397cbd83f05bc7
11-05 16:40:50.981   728   728 W ContextImpl: Calling a method in the system process without a qualified user: android.app.ContextImpl.sendBroadcast:1524 com.android.server.StatusBarManagerService.sendNotification:1002 com.android.server.StatusBarManagerService.addNotification:691 com.android.server.NotificationManagerService$7.run:2186 android.os.Handler.handleCallback:733 
11-05 16:40:50.991   728   728 D STATUSBAR-StatusBarManagerService: sendNotification(1) - 1096041611
11-05 16:40:51.001 15253 15253 D AatpDeviceManager: taskStatus update (9299ed715810d0695e130daab8397cbd83f05bc7: {"state":1})
11-05 16:40:51.001 15253 15253 D AatpDeviceManager: taskStatus update (9299ed715810d0695e130daab8397cbd83f05bc7: {"result":{"rotation":0},"state":2})
11-05 16:40:51.001   728   728 D NotificationService: cancelNotificationLocked
11-05 16:40:51.001   728   728 D NotificationService:  hasClearableItems
11-05 16:40:51.001   728   728 D NotificationService: Num of hasClearableItems : 1
11-05 16:40:51.001   728   728 W ContextImpl: Calling a method in the system process without a qualified user: android.app.ContextImpl.sendBroadcast:1524 com.android.server.StatusBarManagerService.sendNotification:1002 com.android.server.StatusBarManagerService.removeNotification:727 com.android.server.NotificationManagerService.cancelNotificationLocked:2499 com.android.server.NotificationManagerService.access$5200:161 
11-05 16:40:51.001   728   728 D STATUSBAR-StatusBarManagerService: sendNotification(3) - 1096041611
11-05 16:40:51.001   728   728 D LightsService: [api] [SvcLED] turnOff:: id = 4 (uid: 1000 pid: 728) 
11-05 16:40:51.001   728   728 D LightsService: [SvcLED] setSvcLedStateLocked:: SvcLEDState : 0x0 -> 0x0 | SvcLED(id=4) set Off
11-05 16:40:51.001   728  1012 D LightsService: [SvcLED] Lux failed to be updated in 700ms. -> handleForcedSvcLEDTasK
11-05 16:40:51.001   728  1012 D LightsService: [SvcLED]  setSvcLedLightLocked :: Current SvcLED(id=3) maintains its priority right
11-05 16:40:51.011  1092  1092 D ProgressBar: setProgressDrawable drawableHeight = 0
11-05 16:40:51.021  1092  1092 D PhoneStatusBar: tick(): knoxCustomManager = android.app.enterprise.knoxcustom.KnoxCustomManager@425e2e70
11-05 16:40:51.041  1092  1092 D STATUSBAR-IconMerger: checkOverflow(360), More:false, Req:false Child:4
11-05 16:40:51.161 15253 18217 D Aatp    : /task/9299ed715810d0695e130daab8397cbd83f05bc7/status
11-05 16:40:51.331  4232  4256 D ConnectivityManager: getActiveNetworkInfo : NetworkInfo: type: WIFI[], state: CONNECTED/CONNECTED, reason: (unspecified), extra: "9902014101", roaming: false, failover: false, isAvailable: true, isConnectedToProvisioningNetwork: false
11-05 16:40:51.421 15253 18224 D Aatp    : /default-rotation
11-05 16:40:51.451 15253 18224 D Aatp    : sha1: 4f794301daf243a64416011cb8affb974add0c7f
11-05 16:40:51.471   728   728 W ContextImpl: Calling a method in the system process without a qualified user: android.app.ContextImpl.sendBroadcast:1524 com.android.server.StatusBarManagerService.sendNotification:1002 com.android.server.StatusBarManagerService.addNotification:691 com.android.server.NotificationManagerService$7.run:2186 android.os.Handler.handleCallback:733 
11-05 16:40:51.481 15253 18224 D Aatp    : /task/4f794301daf243a64416011cb8affb974add0c7f
11-05 16:40:51.481   728   728 D STATUSBAR-StatusBarManagerService: sendNotification(1) - 1096041612
11-05 16:40:51.491 15253 15253 D AatpDeviceManager: taskStatus update (4f794301daf243a64416011cb8affb974add0c7f: {"state":1})
11-05 16:40:51.491 15253 15253 D AatpDeviceManager: taskStatus update (4f794301daf243a64416011cb8affb974add0c7f: {"result":{"rotation":0},"state":2})
11-05 16:40:51.491   728   728 W ContextImpl: Calling a method in the system process without a qualified user: android.app.ContextImpl.sendBroadcast:1524 com.android.server.StatusBarManagerService.sendNotification:1002 com.android.server.StatusBarManagerService.removeNotification:727 com.android.server.NotificationManagerService.cancelNotificationLocked:2499 com.android.server.NotificationManagerService.access$5200:161 
11-05 16:40:51.501   728   728 D NotificationService: cancelNotificationLocked
11-05 16:40:51.501   728   728 D NotificationService:  hasClearableItems
11-05 16:40:51.501   728   728 D NotificationService: Num of hasClearableItems : 1
11-05 16:40:51.501  1092  1092 D ProgressBar: setProgressDrawable drawableHeight = 0
11-05 16:40:51.501   728   728 D STATUSBAR-StatusBarManagerService: sendNotification(3) - 1096041612
11-05 16:40:51.501   728   728 D LightsService: [api] [SvcLED] turnOff:: id = 4 (uid: 1000 pid: 728) 
11-05 16:40:51.501   728   728 D LightsService: [SvcLED] setSvcLedStateLocked:: SvcLEDState : 0x0 -> 0x0 | SvcLED(id=4) set Off
11-05 16:40:51.501   728  1012 D LightsService: [SvcLED] Lux failed to be updated in 700ms. -> handleForcedSvcLEDTasK
11-05 16:40:51.501   728  1012 D LightsService: [SvcLED]  setSvcLedLightLocked :: Current SvcLED(id=3) maintains its priority right
11-05 16:40:51.511  1092  1092 D PhoneStatusBar: tick(): knoxCustomManager = android.app.enterprise.knoxcustom.KnoxCustomManager@425e2e70
11-05 16:40:51.521  1092  1092 D STATUSBAR-IconMerger: checkOverflow(360), More:false, Req:false Child:4
11-05 16:40:51.671 15253 18229 D Aatp    : /task/4f794301daf243a64416011cb8affb974add0c7f/status
11-05 16:40:51.781 16221 16481 I qtaguid : Untagging socket 90
11-05 16:40:51.791 16221 16447 D ConnectivityManager: getActiveNetworkInfo : NetworkInfo: type: WIFI[], state: CONNECTED/CONNECTED, reason: (unspecified), extra: "9902014101", roaming: false, failover: false, isAvailable: true, isConnectedToProvisioningNetwork: false
11-05 16:40:51.911 15253 18238 D Aatp    : /default-rotation
11-05 16:40:51.931 16221 16481 I qtaguid : Tagging socket 90 with tag 3000040700000000{805307399,0} for uid 4294967295, pid: 16221, getuid(): 10015
11-05 16:40:51.931 15253 18238 D Aatp    : sha1: 785cd9f055c89eeaf36e8050161925690e57c6a9
11-05 16:40:51.941 15253 15253 D AatpDeviceManager: taskStatus update (785cd9f055c89eeaf36e8050161925690e57c6a9: {"state":1})
11-05 16:40:51.941 15253 15253 D AatpDeviceManager: taskStatus update (785cd9f055c89eeaf36e8050161925690e57c6a9: {"result":{"rotation":0},"state":2})
11-05 16:40:51.941   728   728 W ContextImpl: Calling a method in the system process without a qualified user: android.app.ContextImpl.sendBroadcast:1524 com.android.server.StatusBarManagerService.sendNotification:1002 com.android.server.StatusBarManagerService.addNotification:691 com.android.server.NotificationManagerService$7.run:2186 android.os.Handler.handleCallback:733 
11-05 16:40:51.941   728   728 D STATUSBAR-StatusBarManagerService: sendNotification(1) - 1096041613
11-05 16:40:51.951   728   728 D NotificationService: cancelNotificationLocked
11-05 16:40:51.951   728   728 D NotificationService:  hasClearableItems
11-05 16:40:51.951   728   728 D NotificationService: Num of hasClearableItems : 1
11-05 16:40:51.951   728   728 W ContextImpl: Calling a method in the system process without a qualified user: android.app.ContextImpl.sendBroadcast:1524 com.android.server.StatusBarManagerService.sendNotification:1002 com.android.server.StatusBarManagerService.removeNotification:727 com.android.server.NotificationManagerService.cancelNotificationLocked:2499 com.android.server.NotificationManagerService.access$5200:161 
11-05 16:40:51.951   728   728 D STATUSBAR-StatusBarManagerService: sendNotification(3) - 1096041613
11-05 16:40:51.951   728   728 D LightsService: [api] [SvcLED] turnOff:: id = 4 (uid: 1000 pid: 728) 
11-05 16:40:51.951   728   728 D LightsService: [SvcLED] setSvcLedStateLocked:: SvcLEDState : 0x0 -> 0x0 | SvcLED(id=4) set Off
11-05 16:40:51.951   728  1012 D LightsService: [SvcLED] Lux failed to be updated in 700ms. -> handleForcedSvcLEDTasK
11-05 16:40:51.951   728  1012 D LightsService: [SvcLED]  setSvcLedLightLocked :: Current SvcLED(id=3) maintains its priority right
11-05 16:40:51.961 15253 18238 D Aatp    : /task/785cd9f055c89eeaf36e8050161925690e57c6a9
11-05 16:40:51.961  4232  4256 D ConnectivityManager: getActiveNetworkInfo : NetworkInfo: type: WIFI[], state: CONNECTED/CONNECTED, reason: (unspecified), extra: "9902014101", roaming: false, failover: false, isAvailable: true, isConnectedToProvisioningNetwork: false
11-05 16:40:51.971  1092  1092 D ProgressBar: setProgressDrawable drawableHeight = 0
11-05 16:40:51.971  1092  1092 D PhoneStatusBar: tick(): knoxCustomManager = android.app.enterprise.knoxcustom.KnoxCustomManager@425e2e70
11-05 16:40:51.991  1092  1092 D STATUSBAR-IconMerger: checkOverflow(360), More:false, Req:false Child:4
11-05 16:40:52.101 15253 18246 D Aatp    : /task/785cd9f055c89eeaf36e8050161925690e57c6a9/status
11-05 16:40:52.421 15253 18250 D Aatp    : /default-rotation
11-05 16:40:52.441 15253 18250 D Aatp    : sha1: 457116ff46fc8a07d832739c89a497744e1b7821
11-05 16:40:52.481 15253 18250 D Aatp    : /task/457116ff46fc8a07d832739c89a497744e1b7821
11-05 16:40:52.481   728   728 W ContextImpl: Calling a method in the system process without a qualified user: android.app.ContextImpl.sendBroadcast:1524 com.android.server.StatusBarManagerService.sendNotification:1002 com.android.server.StatusBarManagerService.addNotification:691 com.android.server.NotificationManagerService$7.run:2186 android.os.Handler.handleCallback:733 
11-05 16:40:52.491 15253 15253 D AatpDeviceManager: taskStatus update (457116ff46fc8a07d832739c89a497744e1b7821: {"state":1})
11-05 16:40:52.491 15253 15253 D AatpDeviceManager: taskStatus update (457116ff46fc8a07d832739c89a497744e1b7821: {"result":{"rotation":0},"state":2})
11-05 16:40:52.491   728   728 D STATUSBAR-StatusBarManagerService: sendNotification(1) - 1096041614
11-05 16:40:52.501   728   728 D NotificationService: cancelNotificationLocked
11-05 16:40:52.501   728   728 D NotificationService:  hasClearableItems
11-05 16:40:52.501   728   728 D NotificationService: Num of hasClearableItems : 1
11-05 16:40:52.501   728   728 W ContextImpl: Calling a method in the system process without a qualified user: android.app.ContextImpl.sendBroadcast:1524 com.android.server.StatusBarManagerService.sendNotification:1002 com.android.server.StatusBarManagerService.removeNotification:727 com.android.server.NotificationManagerService.cancelNotificationLocked:2499 com.android.server.NotificationManagerService.access$5200:161 
11-05 16:40:52.501   728   728 D STATUSBAR-StatusBarManagerService: sendNotification(3) - 1096041614
11-05 16:40:52.501   728   728 D LightsService: [api] [SvcLED] turnOff:: id = 4 (uid: 1000 pid: 728) 
11-05 16:40:52.501   728   728 D LightsService: [SvcLED] setSvcLedStateLocked:: SvcLEDState : 0x0 -> 0x0 | SvcLED(id=4) set Off
11-05 16:40:52.501   728  1012 D LightsService: [SvcLED] Lux failed to be updated in 700ms. -> handleForcedSvcLEDTasK
11-05 16:40:52.501   728  1012 D LightsService: [SvcLED]  setSvcLedLightLocked :: Current SvcLED(id=3) maintains its priority right
11-05 16:40:52.511  1092  1092 D ProgressBar: setProgressDrawable drawableHeight = 0
11-05 16:40:52.511  1092  1092 D PhoneStatusBar: tick(): knoxCustomManager = android.app.enterprise.knoxcustom.KnoxCustomManager@425e2e70
11-05 16:40:52.541  1092  1092 D STATUSBAR-IconMerger: checkOverflow(360), More:false, Req:false Child:4
11-05 16:40:52.541   728  1232 E Watchdog: !@Sync 138
11-05 16:40:52.551  4232  4256 D ConnectivityManager: getActiveNetworkInfo : NetworkInfo: type: WIFI[], state: CONNECTED/CONNECTED, reason: (unspecified), extra: "9902014101", roaming: false, failover: false, isAvailable: true, isConnectedToProvisioningNetwork: false
11-05 16:40:52.591   257   257 E SMD     : DCD ON
11-05 16:40:52.651 15253 18264 D Aatp    : /task/457116ff46fc8a07d832739c89a497744e1b7821/status
11-05 16:40:52.691 15253 15257 D dalvikvm: GC_CONCURRENT freed 1991K, 45% free 11601K/20804K, paused 8ms+5ms, total 50ms
11-05 16:40:52.871  4232  4236 D dalvikvm: GC_CONCURRENT freed 1939K, 39% free 12721K/20804K, paused 4ms+3ms, total 46ms
11-05 16:40:52.921 15253 18272 D Aatp    : /default-rotation
11-05 16:40:52.921 15253 18272 D Aatp    : sha1: 775caf0425cf1ef53df2b580945ae5063136802a
11-05 16:40:52.941 15253 15253 D AatpDeviceManager: taskStatus update (775caf0425cf1ef53df2b580945ae5063136802a: {"state":1})
11-05 16:40:52.941 15253 18272 D Aatp    : /task/775caf0425cf1ef53df2b580945ae5063136802a
11-05 16:40:52.951 15253 15253 D AatpDeviceManager: taskStatus update (775caf0425cf1ef53df2b580945ae5063136802a: {"result":{"rotation":0},"state":2})
11-05 16:40:52.961   728   728 D NotificationService: cancelNotificationLocked
11-05 16:40:52.961   728   728 W ContextImpl: Calling a method in the system process without a qualified user: android.app.ContextImpl.sendBroadcast:1524 com.android.server.StatusBarManagerService.sendNotification:1002 com.android.server.StatusBarManagerService.addNotification:691 com.android.server.NotificationManagerService$7.run:2186 android.os.Handler.handleCallback:733 
11-05 16:40:52.961   728   728 D STATUSBAR-StatusBarManagerService: sendNotification(1) - 1096041615
11-05 16:40:52.961   728   728 W ContextImpl: Calling a method in the system process without a qualified user: android.app.ContextImpl.sendBroadcast:1524 com.android.server.StatusBarManagerService.sendNotification:1002 com.android.server.StatusBarManagerService.removeNotification:727 com.android.server.NotificationManagerService.cancelNotificationLocked:2499 com.android.server.NotificationManagerService.access$5200:161 
11-05 16:40:52.961   728   728 D STATUSBAR-StatusBarManagerService: sendNotification(3) - 1096041615
11-05 16:40:52.971   728   728 D NotificationService:  hasClearableItems
11-05 16:40:52.971   728   728 D NotificationService: Num of hasClearableItems : 1
11-05 16:40:52.971   728   728 D LightsService: [api] [SvcLED] turnOff:: id = 4 (uid: 1000 pid: 728) 
11-05 16:40:52.971   728   728 D LightsService: [SvcLED] setSvcLedStateLocked:: SvcLEDState : 0x0 -> 0x0 | SvcLED(id=4) set Off
11-05 16:40:52.971   728  1012 D LightsService: [SvcLED] Lux failed to be updated in 700ms. -> handleForcedSvcLEDTasK
11-05 16:40:52.971   728  1012 D LightsService: [SvcLED]  setSvcLedLightLocked :: Current SvcLED(id=3) maintains its priority right
11-05 16:40:52.991  1092  1092 D ProgressBar: setProgressDrawable drawableHeight = 0
11-05 16:40:53.001  1092  1092 D PhoneStatusBar: tick(): knoxCustomManager = android.app.enterprise.knoxcustom.KnoxCustomManager@425e2e70
11-05 16:40:53.091 15253 18275 D Aatp    : /task/775caf0425cf1ef53df2b580945ae5063136802a/status
11-05 16:40:53.101  4232  4256 D ConnectivityManager: getActiveNetworkInfo : NetworkInfo: type: WIFI[], state: CONNECTED/CONNECTED, reason: (unspecified), extra: "9902014101", roaming: false, failover: false, isAvailable: true, isConnectedToProvisioningNetwork: false
11-05 16:40:53.131   728  1185 D dalvikvm: GC_EXPLICIT freed 3671K, 33% free 35490K/52448K, paused 11ms+9ms, total 193ms
11-05 16:40:53.151 16221 16447 D ConnectivityManager: getActiveNetworkInfo : NetworkInfo: type: WIFI[], state: CONNECTED/CONNECTED, reason: (unspecified), extra: "9902014101", roaming: false, failover: false, isAvailable: true, isConnectedToProvisioningNetwork: false
11-05 16:40:53.151 16221 16481 I qtaguid : Untagging socket 90
11-05 16:40:53.151  1092  1092 D STATUSBAR-IconMerger: checkOverflow(360), More:false, Req:false Child:4
11-05 16:40:53.171 16221 16225 D dalvikvm: GC_CONCURRENT freed 1942K, 36% free 13410K/20804K, paused 3ms+4ms, total 31ms
11-05 16:40:53.211 16058 16280 D ConnectivityManager: getActiveNetworkInfo : NetworkInfo: type: WIFI[], state: CONNECTED/CONNECTED, reason: (unspecified), extra: "9902014101", roaming: false, failover: false, isAvailable: true, isConnectedToProvisioningNetwork: false
11-05 16:40:53.421 15253 18277 D Aatp    : /default-rotation
11-05 16:40:53.441 15253 18277 D Aatp    : sha1: b63cfbabcb388695db5c7977480e6a425a1f809b
11-05 16:40:53.451 15253 15253 D AatpDeviceManager: taskStatus update (b63cfbabcb388695db5c7977480e6a425a1f809b: {"state":1})
11-05 16:40:53.451 15253 15253 D AatpDeviceManager: taskStatus update (b63cfbabcb388695db5c7977480e6a425a1f809b: {"result":{"rotation":0},"state":2})
11-05 16:40:53.461 15253 18277 D Aatp    : /task/b63cfbabcb388695db5c7977480e6a425a1f809b
11-05 16:40:53.481   728   967 W ProcessCpuTracker: Skipping unknown process pid 18256
11-05 16:40:53.481   728   967 W ProcessCpuTracker: Skipping unknown process pid 18259
11-05 16:40:53.491   728   728 W ContextImpl: Calling a method in the system process without a qualified user: android.app.ContextImpl.sendBroadcast:1524 com.android.server.StatusBarManagerService.sendNotification:1002 com.android.server.StatusBarManagerService.addNotification:691 com.android.server.NotificationManagerService$7.run:2186 android.os.Handler.handleCallback:733 
11-05 16:40:53.491   728   728 D STATUSBAR-StatusBarManagerService: sendNotification(1) - 1096041616
11-05 16:40:53.491   728   728 W ContextImpl: Calling a method in the system process without a qualified user: android.app.ContextImpl.sendBroadcast:1524 com.android.server.StatusBarManagerService.sendNotification:1002 com.android.server.StatusBarManagerService.removeNotification:727 com.android.server.NotificationManagerService.cancelNotificationLocked:2499 com.android.server.NotificationManagerService.access$5200:161 
11-05 16:40:53.491   728   728 D NotificationService: cancelNotificationLocked
11-05 16:40:53.491   728   728 D NotificationService:  hasClearableItems
11-05 16:40:53.491   728   728 D NotificationService: Num of hasClearableItems : 1
11-05 16:40:53.491   728   728 D STATUSBAR-StatusBarManagerService: sendNotification(3) - 1096041616
11-05 16:40:53.501  1092  1092 D ProgressBar: setProgressDrawable drawableHeight = 0
11-05 16:40:53.501   728   728 D LightsService: [api] [SvcLED] turnOff:: id = 4 (uid: 1000 pid: 728) 
11-05 16:40:53.501   728   728 D LightsService: [SvcLED] setSvcLedStateLocked:: SvcLEDState : 0x0 -> 0x0 | SvcLED(id=4) set Off
11-05 16:40:53.501   728  1012 D LightsService: [SvcLED] Lux failed to be updated in 700ms. -> handleForcedSvcLEDTasK
11-05 16:40:53.501   728  1012 D LightsService: [SvcLED]  setSvcLedLightLocked :: Current SvcLED(id=3) maintains its priority right
11-05 16:40:53.501  1092  1092 D PhoneStatusBar: tick(): knoxCustomManager = android.app.enterprise.knoxcustom.KnoxCustomManager@425e2e70
11-05 16:40:53.521  1092  1092 D STATUSBAR-IconMerger: checkOverflow(360), More:false, Req:false Child:4
11-05 16:40:53.541  4232  4256 D ConnectivityManager: getActiveNetworkInfo : NetworkInfo: type: WIFI[], state: CONNECTED/CONNECTED, reason: (unspecified), extra: "9902014101", roaming: false, failover: false, isAvailable: true, isConnectedToProvisioningNetwork: false
11-05 16:40:53.561   728  1059 D NsdService: Stop service discovery
11-05 16:40:53.561   254   963 D MDnsDS  : Stopping discover with ref 0xb8408a8c
11-05 16:40:53.561   254   963 D MDnsDS  : freeServiceRef 2
11-05 16:40:53.561   254   963 D MDnsDS  : triggering rescan
11-05 16:40:53.561   254   962 D MDnsDS  : Monitor poll got data pollCount = 2, 2
11-05 16:40:53.561   254   962 D MDnsDS  : Monitor found [1].revents = 32 - calling ProcessResults
11-05 16:40:53.561   728  1059 D NsdService: stopServiceDiscovery: 2
11-05 16:40:53.571   254   962 D MDnsDS  : controlSocket shows revent= 1
11-05 16:40:53.571   254   962 D MDnsDS  : MDnsSdListener::Monitor got 1
11-05 16:40:53.571   254   962 D MDnsDS  : MDnsSdListener::Monitor poll rescanning - size=10, live=0
11-05 16:40:53.571   254   962 D MDnsDS  : Going to poll with pollCount 1
11-05 16:40:53.571 15253 18282 D Aatp    : /task/b63cfbabcb388695db5c7977480e6a425a1f809b/status
11-05 16:40:53.921 15253 18286 D Aatp    : /default-rotation
11-05 16:40:53.951 15253 18286 D Aatp    : sha1: cfd2600537688718fb965beb4b6997a74dc72f21
11-05 16:40:53.971 15253 18286 D Aatp    : /task/cfd2600537688718fb965beb4b6997a74dc72f21
11-05 16:40:53.971   728   728 W ContextImpl: Calling a method in the system process without a qualified user: android.app.ContextImpl.sendBroadcast:1524 com.android.server.StatusBarManagerService.sendNotification:1002 com.android.server.StatusBarManagerService.addNotification:691 com.android.server.NotificationManagerService$7.run:2186 android.os.Handler.handleCallback:733 
11-05 16:40:53.981 15253 15253 D AatpDeviceManager: taskStatus update (cfd2600537688718fb965beb4b6997a74dc72f21: {"state":1})
11-05 16:40:53.981   728   728 D STATUSBAR-StatusBarManagerService: sendNotification(1) - 1096041617
11-05 16:40:53.991 15253 15253 D AatpDeviceManager: taskStatus update (cfd2600537688718fb965beb4b6997a74dc72f21: {"result":{"rotation":0},"state":2})
11-05 16:40:53.991   728   728 D NotificationService: cancelNotificationLocked
11-05 16:40:53.991   728   728 D NotificationService:  hasClearableItems
11-05 16:40:53.991   728   728 D NotificationService: Num of hasClearableItems : 1
11-05 16:40:53.991   728   728 W ContextImpl: Calling a method in the system process without a qualified user: android.app.ContextImpl.sendBroadcast:1524 com.android.server.StatusBarManagerService.sendNotification:1002 com.android.server.StatusBarManagerService.removeNotification:727 com.android.server.NotificationManagerService.cancelNotificationLocked:2499 com.android.server.NotificationManagerService.access$5200:161 
11-05 16:40:53.991   728   728 D STATUSBAR-StatusBarManagerService: sendNotification(3) - 1096041617
11-05 16:40:53.991   728   728 D LightsService: [api] [SvcLED] turnOff:: id = 4 (uid: 1000 pid: 728) 
11-05 16:40:53.991   728   728 D LightsService: [SvcLED] setSvcLedStateLocked:: SvcLEDState : 0x0 -> 0x0 | SvcLED(id=4) set Off
11-05 16:40:53.991   728  1012 D LightsService: [SvcLED] Lux failed to be updated in 700ms. -> handleForcedSvcLEDTasK
11-05 16:40:53.991   728  1012 D LightsService: [SvcLED]  setSvcLedLightLocked :: Current SvcLED(id=3) maintains its priority right
11-05 16:40:54.001  1092  1092 D ProgressBar: setProgressDrawable drawableHeight = 0
11-05 16:40:54.001  1092  1092 D PhoneStatusBar: tick(): knoxCustomManager = android.app.enterprise.knoxcustom.KnoxCustomManager@425e2e70
11-05 16:40:54.021  1092  1092 D STATUSBAR-IconMerger: checkOverflow(360), More:false, Req:false Child:4
11-05 16:40:54.041  4232  4256 D ConnectivityManager: getActiveNetworkInfo : NetworkInfo: type: WIFI[], state: CONNECTED/CONNECTED, reason: (unspecified), extra: "9902014101", roaming: false, failover: false, isAvailable: true, isConnectedToProvisioningNetwork: false
11-05 16:40:54.151 15253 18302 D Aatp    : /task/cfd2600537688718fb965beb4b6997a74dc72f21/status
11-05 16:40:54.431 15253 18313 D Aatp    : /default-rotation
11-05 16:40:54.441 15253 18313 D Aatp    : sha1: 3aecff054333e1298a4b9db8e0d31c23184820b7
11-05 16:40:54.461 15253 18313 D Aatp    : /task/3aecff054333e1298a4b9db8e0d31c23184820b7
11-05 16:40:54.471   728   728 W ContextImpl: Calling a method in the system process without a qualified user: android.app.ContextImpl.sendBroadcast:1524 com.android.server.StatusBarManagerService.sendNotification:1002 com.android.server.StatusBarManagerService.addNotification:691 com.android.server.NotificationManagerService$7.run:2186 android.os.Handler.handleCallback:733 
11-05 16:40:54.481 15253 15253 D AatpDeviceManager: taskStatus update (3aecff054333e1298a4b9db8e0d31c23184820b7: {"state":1})
11-05 16:40:54.481 15253 15253 D AatpDeviceManager: taskStatus update (3aecff054333e1298a4b9db8e0d31c23184820b7: {"result":{"rotation":0},"state":2})
11-05 16:40:54.481   728   728 D STATUSBAR-StatusBarManagerService: sendNotification(1) - 1096041618
11-05 16:40:54.481   728   728 W ContextImpl: Calling a method in the system process without a qualified user: android.app.ContextImpl.sendBroadcast:1524 com.android.server.StatusBarManagerService.sendNotification:1002 com.android.server.StatusBarManagerService.removeNotification:727 com.android.server.NotificationManagerService.cancelNotificationLocked:2499 com.android.server.NotificationManagerService.access$5200:161 
11-05 16:40:54.491   728   728 D NotificationService: cancelNotificationLocked
11-05 16:40:54.491   728   728 D NotificationService:  hasClearableItems
11-05 16:40:54.491   728   728 D NotificationService: Num of hasClearableItems : 1
11-05 16:40:54.491   728   728 D STATUSBAR-StatusBarManagerService: sendNotification(3) - 1096041618
11-05 16:40:54.491   728   728 D LightsService: [api] [SvcLED] turnOff:: id = 4 (uid: 1000 pid: 728) 
11-05 16:40:54.491   728   728 D LightsService: [SvcLED] setSvcLedStateLocked:: SvcLEDState : 0x0 -> 0x0 | SvcLED(id=4) set Off
11-05 16:40:54.491   728  1012 D LightsService: [SvcLED] Lux failed to be updated in 700ms. -> handleForcedSvcLEDTasK
11-05 16:40:54.491   728  1012 D LightsService: [SvcLED]  setSvcLedLightLocked :: Current SvcLED(id=3) maintains its priority right
11-05 16:40:54.501  1092  1092 D ProgressBar: setProgressDrawable drawableHeight = 0
11-05 16:40:54.501  1092  1092 D PhoneStatusBar: tick(): knoxCustomManager = android.app.enterprise.knoxcustom.KnoxCustomManager@425e2e70
11-05 16:40:54.521  1092  1092 D STATUSBAR-IconMerger: checkOverflow(360), More:false, Req:false Child:4
11-05 16:40:54.641 15253 18315 D Aatp    : /task/3aecff054333e1298a4b9db8e0d31c23184820b7/status
11-05 16:40:54.701  4232  4256 D ConnectivityManager: getActiveNetworkInfo : NetworkInfo: type: WIFI[], state: CONNECTED/CONNECTED, reason: (unspecified), extra: "9902014101", roaming: false, failover: false, isAvailable: true, isConnectedToProvisioningNetwork: false
11-05 16:40:54.931 15253 18316 D Aatp    : /default-rotation
11-05 16:40:54.941 15253 18316 D Aatp    : sha1: d803e2514b3a183932590c400df3d9b96f37db99
