11-05 16:40:39.451   728  1012 D LightsService: [SvcLED] Lux failed to be updated in 700ms. -> handleForcedSvcLEDTasK
11-05 16:40:39.451   728  1012 D LightsService: [SvcLED]  setSvcLedLightLocked :: Current SvcLED(id=3) maintains its priority right
11-05 16:40:39.461  1092  1092 D ProgressBar: setProgressDrawable drawableHeight = 0
11-05 16:40:39.471 15253 15257 D dalvikvm: GC_CONCURRENT freed 1987K, 45% free 11635K/20804K, paused 7ms+3ms, total 46ms
11-05 16:40:39.471 15253 17834 D dalvikvm: WAIT_FOR_CONCURRENT_GC blocked 8ms
11-05 16:40:39.471  1092  1092 D PhoneStatusBar: tick(): knoxCustomManager = android.app.enterprise.knoxcustom.KnoxCustomManager@425e2e70
11-05 16:40:39.481  1092  1092 D STATUSBAR-IconMerger: checkOverflow(360), More:false, Req:false Child:4
11-05 16:40:39.581 15253 17836 D Aatp    : /task/ef0dea2a1f63be27890ba94f1347dce529b10eed/status
11-05 16:40:39.871  4232  4256 D ConnectivityManager: getActiveNetworkInfo : NetworkInfo: type: WIFI[], state: CONNECTED/CONNECTED, reason: (unspecified), extra: "9902014101", roaming: false, failover: false, isAvailable: true, isConnectedToProvisioningNetwork: false
11-05 16:40:39.911 16221 16447 D ConnectivityManager: getActiveNetworkInfo : NetworkInfo: type: WIFI[], state: CONNECTED/CONNECTED, reason: (unspecified), extra: "9902014101", roaming: false, failover: false, isAvailable: true, isConnectedToProvisioningNetwork: false
11-05 16:40:39.911 15253 17843 D Aatp    : /default-rotation
11-05 16:40:39.921 15253 17843 D Aatp    : sha1: b2f985480ba50aa4c11ce10a427e765c97d2eeff
11-05 16:40:39.921 16221 16481 I qtaguid : Untagging socket 90
11-05 16:40:39.931   728   728 W ContextImpl: Calling a method in the system process without a qualified user: android.app.ContextImpl.sendBroadcast:1524 com.android.server.StatusBarManagerService.sendNotification:1002 com.android.server.StatusBarManagerService.addNotification:691 com.android.server.NotificationManagerService$7.run:2186 android.os.Handler.handleCallback:733 
11-05 16:40:39.941 15253 15253 D AatpDeviceManager: taskStatus update (b2f985480ba50aa4c11ce10a427e765c97d2eeff: {"state":1})
11-05 16:40:39.941 15253 17843 D Aatp    : /task/b2f985480ba50aa4c11ce10a427e765c97d2eeff
11-05 16:40:39.951   728   728 D STATUSBAR-StatusBarManagerService: sendNotification(1) - 1096041589
11-05 16:40:39.951 15253 15253 D AatpDeviceManager: taskStatus update (b2f985480ba50aa4c11ce10a427e765c97d2eeff: {"result":{"rotation":0},"state":2})
11-05 16:40:39.961   728   728 D NotificationService: cancelNotificationLocked
11-05 16:40:39.961   728   728 D NotificationService:  hasClearableItems
11-05 16:40:39.961   728   728 D NotificationService: Num of hasClearableItems : 1
11-05 16:40:39.961  1092  1092 D ProgressBar: setProgressDrawable drawableHeight = 0
11-05 16:40:39.961   728   728 W ContextImpl: Calling a method in the system process without a qualified user: android.app.ContextImpl.sendBroadcast:1524 com.android.server.StatusBarManagerService.sendNotification:1002 com.android.server.StatusBarManagerService.removeNotification:727 com.android.server.NotificationManagerService.cancelNotificationLocked:2499 com.android.server.NotificationManagerService.access$5200:161 
11-05 16:40:39.961   728   728 D STATUSBAR-StatusBarManagerService: sendNotification(3) - 1096041589
11-05 16:40:39.961   728   728 D LightsService: [api] [SvcLED] turnOff:: id = 4 (uid: 1000 pid: 728) 
11-05 16:40:39.961   728   728 D LightsService: [SvcLED] setSvcLedStateLocked:: SvcLEDState : 0x0 -> 0x0 | SvcLED(id=4) set Off
11-05 16:40:39.961   728  1012 D LightsService: [SvcLED] Lux failed to be updated in 700ms. -> handleForcedSvcLEDTasK
11-05 16:40:39.961   728  1012 D LightsService: [SvcLED]  setSvcLedLightLocked :: Current SvcLED(id=3) maintains its priority right
11-05 16:40:39.971  1092  1092 D PhoneStatusBar: tick(): knoxCustomManager = android.app.enterprise.knoxcustom.KnoxCustomManager@425e2e70
11-05 16:40:39.981  1092  1092 D STATUSBAR-IconMerger: checkOverflow(360), More:false, Req:false Child:4
11-05 16:40:40.081 16221 16481 I qtaguid : Tagging socket 90 with tag 3000040700000000{805307399,0} for uid 4294967295, pid: 16221, getuid(): 10015
11-05 16:40:40.101 15253 17859 D Aatp    : /task/b2f985480ba50aa4c11ce10a427e765c97d2eeff/status
11-05 16:40:40.141 16221 16447 D ConnectivityManager: getActiveNetworkInfo : NetworkInfo: type: WIFI[], state: CONNECTED/CONNECTED, reason: (unspecified), extra: "9902014101", roaming: false, failover: false, isAvailable: true, isConnectedToProvisioningNetwork: false
11-05 16:40:40.241   728  2536 D SSRMv2  : SIOP:: AP = 310 (20), PST = 308, Delta = 7
11-05 16:40:40.421 15253 17872 D Aatp    : /default-rotation
11-05 16:40:40.421 15253 17872 D Aatp    : sha1: bee7ca047ddd4301bc95117a7d34ab3a3ad2b8e0
11-05 16:40:40.441 15253 15253 D AatpDeviceManager: taskStatus update (bee7ca047ddd4301bc95117a7d34ab3a3ad2b8e0: {"state":1})
11-05 16:40:40.441 15253 17872 D Aatp    : /task/bee7ca047ddd4301bc95117a7d34ab3a3ad2b8e0
11-05 16:40:40.441   728   728 W ContextImpl: Calling a method in the system process without a qualified user: android.app.ContextImpl.sendBroadcast:1524 com.android.server.StatusBarManagerService.sendNotification:1002 com.android.server.StatusBarManagerService.addNotification:691 com.android.server.NotificationManagerService$7.run:2186 android.os.Handler.handleCallback:733 
11-05 16:40:40.441   728   728 D STATUSBAR-StatusBarManagerService: sendNotification(1) - 1096041590
11-05 16:40:40.451 15253 15253 D AatpDeviceManager: taskStatus update (bee7ca047ddd4301bc95117a7d34ab3a3ad2b8e0: {"result":{"rotation":0},"state":2})
11-05 16:40:40.451   728   728 W ContextImpl: Calling a method in the system process without a qualified user: android.app.ContextImpl.sendBroadcast:1524 com.android.server.StatusBarManagerService.sendNotification:1002 com.android.server.StatusBarManagerService.removeNotification:727 com.android.server.NotificationManagerService.cancelNotificationLocked:2499 com.android.server.NotificationManagerService.access$5200:161 
11-05 16:40:40.451   728   728 D NotificationService: cancelNotificationLocked
11-05 16:40:40.451   728   728 D NotificationService:  hasClearableItems
11-05 16:40:40.451   728   728 D NotificationService: Num of hasClearableItems : 1
11-05 16:40:40.451   728   728 D STATUSBAR-StatusBarManagerService: sendNotification(3) - 1096041590
11-05 16:40:40.451   728   728 D LightsService: [api] [SvcLED] turnOff:: id = 4 (uid: 1000 pid: 728) 
11-05 16:40:40.451   728   728 D LightsService: [SvcLED] setSvcLedStateLocked:: SvcLEDState : 0x0 -> 0x0 | SvcLED(id=4) set Off
11-05 16:40:40.451   728  1012 D LightsService: [SvcLED] Lux failed to be updated in 700ms. -> handleForcedSvcLEDTasK
11-05 16:40:40.461  1092  1092 D ProgressBar: setProgressDrawable drawableHeight = 0
11-05 16:40:40.461   728  1012 D LightsService: [SvcLED]  setSvcLedLightLocked :: Current SvcLED(id=3) maintains its priority right
11-05 16:40:40.471  1092  1092 D PhoneStatusBar: tick(): knoxCustomManager = android.app.enterprise.knoxcustom.KnoxCustomManager@425e2e70
11-05 16:40:40.481  1092  1092 D STATUSBAR-IconMerger: checkOverflow(360), More:false, Req:false Child:4
11-05 16:40:40.591   257   257 E SMD     : DCD ON
11-05 16:40:40.591  4232  4256 D ConnectivityManager: getActiveNetworkInfo : NetworkInfo: type: WIFI[], state: CONNECTED/CONNECTED, reason: (unspecified), extra: "9902014101", roaming: false, failover: false, isAvailable: true, isConnectedToProvisioningNetwork: false
11-05 16:40:40.601 15253 17874 D Aatp    : /task/bee7ca047ddd4301bc95117a7d34ab3a3ad2b8e0/status
11-05 16:40:40.911 15253 17878 D Aatp    : /default-rotation
11-05 16:40:40.921 15253 17878 D Aatp    : sha1: 7c4580630aed9570270f70f15cbbf57303ab45a9
11-05 16:40:40.931   728   728 W ContextImpl: Calling a method in the system process without a qualified user: android.app.ContextImpl.sendBroadcast:1524 com.android.server.StatusBarManagerService.sendNotification:1002 com.android.server.StatusBarManagerService.addNotification:691 com.android.server.NotificationManagerService$7.run:2186 android.os.Handler.handleCallback:733 
11-05 16:40:40.941 15253 17878 D Aatp    : /task/7c4580630aed9570270f70f15cbbf57303ab45a9
11-05 16:40:40.941   728   728 D STATUSBAR-StatusBarManagerService: sendNotification(1) - 1096041591
11-05 16:40:40.951 15253 15253 D AatpDeviceManager: taskStatus update (7c4580630aed9570270f70f15cbbf57303ab45a9: {"state":1})
11-05 16:40:40.951 15253 15253 D AatpDeviceManager: taskStatus update (7c4580630aed9570270f70f15cbbf57303ab45a9: {"result":{"rotation":0},"state":2})
11-05 16:40:40.951   728   728 D NotificationService: cancelNotificationLocked
11-05 16:40:40.951   728   728 D NotificationService:  hasClearableItems
11-05 16:40:40.951   728   728 D NotificationService: Num of hasClearableItems : 1
11-05 16:40:40.951   728   728 W ContextImpl: Calling a method in the system process without a qualified user: android.app.ContextImpl.sendBroadcast:1524 com.android.server.StatusBarManagerService.sendNotification:1002 com.android.server.StatusBarManagerService.removeNotification:727 com.android.server.NotificationManagerService.cancelNotificationLocked:2499 com.android.server.NotificationManagerService.access$5200:161 
11-05 16:40:40.951   728   728 D STATUSBAR-StatusBarManagerService: sendNotification(3) - 1096041591
11-05 16:40:40.961   728   728 D LightsService: [api] [SvcLED] turnOff:: id = 4 (uid: 1000 pid: 728) 
11-05 16:40:40.961   728   728 D LightsService: [SvcLED] setSvcLedStateLocked:: SvcLEDState : 0x0 -> 0x0 | SvcLED(id=4) set Off
11-05 16:40:40.961   728  1012 D LightsService: [SvcLED] Lux failed to be updated in 700ms. -> handleForcedSvcLEDTasK
11-05 16:40:40.961   728  1012 D LightsService: [SvcLED]  setSvcLedLightLocked :: Current SvcLED(id=3) maintains its priority right
11-05 16:40:40.961  1092  1092 D ProgressBar: setProgressDrawable drawableHeight = 0
11-05 16:40:40.981  1092  1092 D PhoneStatusBar: tick(): knoxCustomManager = android.app.enterprise.knoxcustom.KnoxCustomManager@425e2e70
11-05 16:40:41.001  1092  1092 D STATUSBAR-IconMerger: checkOverflow(360), More:false, Req:false Child:4
11-05 16:40:41.041 16221 16481 I qtaguid : Untagging socket 90
11-05 16:40:41.041 16221 16447 D ConnectivityManager: getActiveNetworkInfo : NetworkInfo: type: WIFI[], state: CONNECTED/CONNECTED, reason: (unspecified), extra: "9902014101", roaming: false, failover: false, isAvailable: true, isConnectedToProvisioningNetwork: false
11-05 16:40:41.101 16221 16481 I qtaguid : Tagging socket 90 with tag 3000040700000000{805307399,0} for uid 4294967295, pid: 16221, getuid(): 10015
11-05 16:40:41.101  4232  4256 D ConnectivityManager: getActiveNetworkInfo : NetworkInfo: type: WIFI[], state: CONNECTED/CONNECTED, reason: (unspecified), extra: "9902014101", roaming: false, failover: false, isAvailable: true, isConnectedToProvisioningNetwork: false
11-05 16:40:41.101 15253 17895 D Aatp    : /task/7c4580630aed9570270f70f15cbbf57303ab45a9/status
11-05 16:40:41.171 16629 16764 D ConnectivityManager: getActiveNetworkInfo : NetworkInfo: type: WIFI[], state: CONNECTED/CONNECTED, reason: (unspecified), extra: "9902014101", roaming: false, failover: false, isAvailable: true, isConnectedToProvisioningNetwork: false
11-05 16:40:41.411 15253 17904 D Aatp    : /default-rotation
11-05 16:40:41.421 15253 17904 D Aatp    : sha1: 15317d4bfd769b36e6443985c6be502edbbf728c
11-05 16:40:41.451 15253 15253 D AatpDeviceManager: taskStatus update (15317d4bfd769b36e6443985c6be502edbbf728c: {"state":1})
11-05 16:40:41.451 15253 17904 D Aatp    : /task/15317d4bfd769b36e6443985c6be502edbbf728c
11-05 16:40:41.461 15253 15253 D AatpDeviceManager: taskStatus update (15317d4bfd769b36e6443985c6be502edbbf728c: {"result":{"rotation":0},"state":2})
11-05 16:40:41.471   728   728 D NotificationService: cancelNotificationLocked
11-05 16:40:41.471   728   728 D NotificationService:  hasClearableItems
11-05 16:40:41.471   728   728 W ContextImpl: Calling a method in the system process without a qualified user: android.app.ContextImpl.sendBroadcast:1524 com.android.server.StatusBarManagerService.sendNotification:1002 com.android.server.StatusBarManagerService.addNotification:691 com.android.server.NotificationManagerService$7.run:2186 android.os.Handler.handleCallback:733 
11-05 16:40:41.471   728   728 D STATUSBAR-StatusBarManagerService: sendNotification(1) - 1096041592
11-05 16:40:41.471   728   728 W ContextImpl: Calling a method in the system process without a qualified user: android.app.ContextImpl.sendBroadcast:1524 com.android.server.StatusBarManagerService.sendNotification:1002 com.android.server.StatusBarManagerService.removeNotification:727 com.android.server.NotificationManagerService.cancelNotificationLocked:2499 com.android.server.NotificationManagerService.access$5200:161 
11-05 16:40:41.471   728   728 D STATUSBAR-StatusBarManagerService: sendNotification(3) - 1096041592
11-05 16:40:41.481   728   728 D NotificationService: Num of hasClearableItems : 1
11-05 16:40:41.481   728   728 D LightsService: [api] [SvcLED] turnOff:: id = 4 (uid: 1000 pid: 728) 
11-05 16:40:41.481   728   728 D LightsService: [SvcLED] setSvcLedStateLocked:: SvcLEDState : 0x0 -> 0x0 | SvcLED(id=4) set Off
11-05 16:40:41.481   728  1012 D LightsService: [SvcLED] Lux failed to be updated in 700ms. -> handleForcedSvcLEDTasK
11-05 16:40:41.481   728  1012 D LightsService: [SvcLED]  setSvcLedLightLocked :: Current SvcLED(id=3) maintains its priority right
11-05 16:40:41.491  1092  1092 D ProgressBar: setProgressDrawable drawableHeight = 0
11-05 16:40:41.501  1092  1092 D PhoneStatusBar: tick(): knoxCustomManager = android.app.enterprise.knoxcustom.KnoxCustomManager@425e2e70
11-05 16:40:41.511  1092  1092 D STATUSBAR-IconMerger: checkOverflow(360), More:false, Req:false Child:4
11-05 16:40:41.601 15253 17906 D Aatp    : /task/15317d4bfd769b36e6443985c6be502edbbf728c/status
11-05 16:40:41.611  4232  4256 D ConnectivityManager: getActiveNetworkInfo : NetworkInfo: type: WIFI[], state: CONNECTED/CONNECTED, reason: (unspecified), extra: "9902014101", roaming: false, failover: false, isAvailable: true, isConnectedToProvisioningNetwork: false
11-05 16:40:41.901 16221 16447 D ConnectivityManager: getActiveNetworkInfo : NetworkInfo: type: WIFI[], state: CONNECTED/CONNECTED, reason: (unspecified), extra: "9902014101", roaming: false, failover: false, isAvailable: true, isConnectedToProvisioningNetwork: false
11-05 16:40:41.911 16221 16481 I qtaguid : Untagging socket 90
11-05 16:40:41.911 15253 17910 D Aatp    : /default-rotation
11-05 16:40:41.921 15253 17910 D Aatp    : sha1: 1540abd7343843de604fd9ae64c6374885467d69
11-05 16:40:41.931   728   728 W ContextImpl: Calling a method in the system process without a qualified user: android.app.ContextImpl.sendBroadcast:1524 com.android.server.StatusBarManagerService.sendNotification:1002 com.android.server.StatusBarManagerService.addNotification:691 com.android.server.NotificationManagerService$7.run:2186 android.os.Handler.handleCallback:733 
11-05 16:40:41.931   728   728 D STATUSBAR-StatusBarManagerService: sendNotification(1) - 1096041593
11-05 16:40:41.941 15253 17910 D Aatp    : /task/1540abd7343843de604fd9ae64c6374885467d69
11-05 16:40:41.951 15253 15253 D AatpDeviceManager: taskStatus update (1540abd7343843de604fd9ae64c6374885467d69: {"state":1})
11-05 16:40:41.951 15253 15253 D AatpDeviceManager: taskStatus update (1540abd7343843de604fd9ae64c6374885467d69: {"result":{"rotation":0},"state":2})
11-05 16:40:41.961   728   728 D NotificationService: cancelNotificationLocked
11-05 16:40:41.961   728   728 D NotificationService:  hasClearableItems
11-05 16:40:41.961   728   728 D NotificationService: Num of hasClearableItems : 1
11-05 16:40:41.961  1092  1092 D ProgressBar: setProgressDrawable drawableHeight = 0
11-05 16:40:41.961   728   728 W ContextImpl: Calling a method in the system process without a qualified user: android.app.ContextImpl.sendBroadcast:1524 com.android.server.StatusBarManagerService.sendNotification:1002 com.android.server.StatusBarManagerService.removeNotification:727 com.android.server.NotificationManagerService.cancelNotificationLocked:2499 com.android.server.NotificationManagerService.access$5200:161 
11-05 16:40:41.961   728   728 D STATUSBAR-StatusBarManagerService: sendNotification(3) - 1096041593
11-05 16:40:41.961   728   728 D LightsService: [api] [SvcLED] turnOff:: id = 4 (uid: 1000 pid: 728) 
11-05 16:40:41.961   728   728 D LightsService: [SvcLED] setSvcLedStateLocked:: SvcLEDState : 0x0 -> 0x0 | SvcLED(id=4) set Off
11-05 16:40:41.961   728  1012 D LightsService: [SvcLED] Lux failed to be updated in 700ms. -> handleForcedSvcLEDTasK
11-05 16:40:41.961   728  1012 D LightsService: [SvcLED]  setSvcLedLightLocked :: Current SvcLED(id=3) maintains its priority right
11-05 16:40:41.971  1092  1092 D PhoneStatusBar: tick(): knoxCustomManager = android.app.enterprise.knoxcustom.KnoxCustomManager@425e2e70
11-05 16:40:42.001  1092  1092 D STATUSBAR-IconMerger: checkOverflow(360), More:false, Req:false Child:4
11-05 16:40:42.041 15253 15257 D dalvikvm: GC_CONCURRENT freed 1958K, 45% free 11609K/20804K, paused 11ms+2ms, total 49ms
11-05 16:40:42.051 16221 16481 I qtaguid : Tagging socket 90 with tag 3000040700000000{805307399,0} for uid 4294967295, pid: 16221, getuid(): 10015
11-05 16:40:42.101 15253 17927 D Aatp    : /task/1540abd7343843de604fd9ae64c6374885467d69/status
11-05 16:40:42.271  4232  4256 D ConnectivityManager: getActiveNetworkInfo : NetworkInfo: type: WIFI[], state: CONNECTED/CONNECTED, reason: (unspecified), extra: "9902014101", roaming: false, failover: false, isAvailable: true, isConnectedToProvisioningNetwork: false
11-05 16:40:42.331  4232  4236 D dalvikvm: GC_CONCURRENT freed 1975K, 39% free 12721K/20804K, paused 11ms+2ms, total 55ms
11-05 16:40:42.411 15253 17932 D Aatp    : /default-rotation
11-05 16:40:42.441 15253 17932 D Aatp    : sha1: 6333cc57835f5e6e8dcc8eb97c892a043ae9fa82
11-05 16:40:42.461 15253 17932 D Aatp    : /task/6333cc57835f5e6e8dcc8eb97c892a043ae9fa82
11-05 16:40:42.461 15253 15253 D AatpDeviceManager: taskStatus update (6333cc57835f5e6e8dcc8eb97c892a043ae9fa82: {"state":1})
11-05 16:40:42.471 15253 15253 D AatpDeviceManager: taskStatus update (6333cc57835f5e6e8dcc8eb97c892a043ae9fa82: {"result":{"rotation":0},"state":2})
11-05 16:40:42.471   728   728 W ContextImpl: Calling a method in the system process without a qualified user: android.app.ContextImpl.sendBroadcast:1524 com.android.server.StatusBarManagerService.sendNotification:1002 com.android.server.StatusBarManagerService.addNotification:691 com.android.server.NotificationManagerService$7.run:2186 android.os.Handler.handleCallback:733 
11-05 16:40:42.481   728   728 D STATUSBAR-StatusBarManagerService: sendNotification(1) - 1096041594
11-05 16:40:42.491   728   728 W ContextImpl: Calling a method in the system process without a qualified user: android.app.ContextImpl.sendBroadcast:1524 com.android.server.StatusBarManagerService.sendNotification:1002 com.android.server.StatusBarManagerService.removeNotification:727 com.android.server.NotificationManagerService.cancelNotificationLocked:2499 com.android.server.NotificationManagerService.access$5200:161 
11-05 16:40:42.491   728   728 D NotificationService: cancelNotificationLocked
11-05 16:40:42.491  1092  1092 D ProgressBar: setProgressDrawable drawableHeight = 0
11-05 16:40:42.491   728   728 D NotificationService:  hasClearableItems
11-05 16:40:42.491   728   728 D NotificationService: Num of hasClearableItems : 1
11-05 16:40:42.491   728   728 D STATUSBAR-StatusBarManagerService: sendNotification(3) - 1096041594
11-05 16:40:42.491   728   728 D LightsService: [api] [SvcLED] turnOff:: id = 4 (uid: 1000 pid: 728) 
11-05 16:40:42.491   728   728 D LightsService: [SvcLED] setSvcLedStateLocked:: SvcLEDState : 0x0 -> 0x0 | SvcLED(id=4) set Off
11-05 16:40:42.491   728  1012 D LightsService: [SvcLED] Lux failed to be updated in 700ms. -> handleForcedSvcLEDTasK
11-05 16:40:42.491   728  1012 D LightsService: [SvcLED]  setSvcLedLightLocked :: Current SvcLED(id=3) maintains its priority right
11-05 16:40:42.501  1092  1092 D PhoneStatusBar: tick(): knoxCustomManager = android.app.enterprise.knoxcustom.KnoxCustomManager@425e2e70
11-05 16:40:42.511  1092  1092 D STATUSBAR-IconMerger: checkOverflow(360), More:false, Req:false Child:4
11-05 16:40:42.591 15253 17935 D Aatp    : /task/6333cc57835f5e6e8dcc8eb97c892a043ae9fa82/status
11-05 16:40:42.791  4232  4256 D ConnectivityManager: getActiveNetworkInfo : NetworkInfo: type: WIFI[], state: CONNECTED/CONNECTED, reason: (unspecified), extra: "9902014101", roaming: false, failover: false, isAvailable: true, isConnectedToProvisioningNetwork: false
11-05 16:40:42.911 15253 17943 D Aatp    : /default-rotation
11-05 16:40:42.941 15253 17943 D Aatp    : sha1: a0329be6df53d3c5835f183995c2b31343eb8daa
11-05 16:40:42.961   728   728 W ContextImpl: Calling a method in the system process without a qualified user: android.app.ContextImpl.sendBroadcast:1524 com.android.server.StatusBarManagerService.sendNotification:1002 com.android.server.StatusBarManagerService.addNotification:691 com.android.server.NotificationManagerService$7.run:2186 android.os.Handler.handleCallback:733 
11-05 16:40:42.971 15253 17943 D Aatp    : /task/a0329be6df53d3c5835f183995c2b31343eb8daa
11-05 16:40:42.971   728   728 D STATUSBAR-StatusBarManagerService: sendNotification(1) - 1096041595
11-05 16:40:42.981 15253 15253 D AatpDeviceManager: taskStatus update (a0329be6df53d3c5835f183995c2b31343eb8daa: {"state":1})
11-05 16:40:42.981 15253 15253 D AatpDeviceManager: taskStatus update (a0329be6df53d3c5835f183995c2b31343eb8daa: {"result":{"rotation":0},"state":2})
11-05 16:40:42.991   728   728 D NotificationService: cancelNotificationLocked
11-05 16:40:42.991   728   728 D NotificationService:  hasClearableItems
11-05 16:40:42.991   728   728 D NotificationService: Num of hasClearableItems : 1
11-05 16:40:42.991  1092  1092 D ProgressBar: setProgressDrawable drawableHeight = 0
11-05 16:40:42.991   728   728 W ContextImpl: Calling a method in the system process without a qualified user: android.app.ContextImpl.sendBroadcast:1524 com.android.server.StatusBarManagerService.sendNotification:1002 com.android.server.StatusBarManagerService.removeNotification:727 com.android.server.NotificationManagerService.cancelNotificationLocked:2499 com.android.server.NotificationManagerService.access$5200:161 
11-05 16:40:42.991   728   728 D STATUSBAR-StatusBarManagerService: sendNotification(3) - 1096041595
11-05 16:40:42.991   728   728 D LightsService: [api] [SvcLED] turnOff:: id = 4 (uid: 1000 pid: 728) 
11-05 16:40:42.991   728   728 D LightsService: [SvcLED] setSvcLedStateLocked:: SvcLEDState : 0x0 -> 0x0 | SvcLED(id=4) set Off
11-05 16:40:42.991   728  1012 D LightsService: [SvcLED] Lux failed to be updated in 700ms. -> handleForcedSvcLEDTasK
11-05 16:40:42.991   728  1012 D LightsService: [SvcLED]  setSvcLedLightLocked :: Current SvcLED(id=3) maintains its priority right
11-05 16:40:43.001  1092  1092 D PhoneStatusBar: tick(): knoxCustomManager = android.app.enterprise.knoxcustom.KnoxCustomManager@425e2e70
11-05 16:40:43.011  1092  1092 D STATUSBAR-IconMerger: checkOverflow(360), More:false, Req:false Child:4
11-05 16:40:43.121 16221 16481 I qtaguid : Untagging socket 90
11-05 16:40:43.121 16221 16447 D ConnectivityManager: getActiveNetworkInfo : NetworkInfo: type: WIFI[], state: CONNECTED/CONNECTED, reason: (unspecified), extra: "9902014101", roaming: false, failover: false, isAvailable: true, isConnectedToProvisioningNetwork: false
11-05 16:40:43.151 15253 17959 D Aatp    : /task/a0329be6df53d3c5835f183995c2b31343eb8daa/status
11-05 16:40:43.321 16221 16481 I qtaguid : Tagging socket 90 with tag 3000040700000000{805307399,0} for uid 4294967295, pid: 16221, getuid(): 10015
11-05 16:40:43.401  4232  4256 D ConnectivityManager: getActiveNetworkInfo : NetworkInfo: type: WIFI[], state: CONNECTED/CONNECTED, reason: (unspecified), extra: "9902014101", roaming: false, failover: false, isAvailable: true, isConnectedToProvisioningNetwork: false
11-05 16:40:43.411 15253 17963 D Aatp    : /default-rotation
11-05 16:40:43.441 15253 17963 D Aatp    : sha1: 440043535e921da186ff75b59570505cc8dbd028
11-05 16:40:43.461 15253 15253 D AatpDeviceManager: taskStatus update (440043535e921da186ff75b59570505cc8dbd028: {"state":1})
11-05 16:40:43.461   728   728 W ContextImpl: Calling a method in the system process without a qualified user: android.app.ContextImpl.sendBroadcast:1524 com.android.server.StatusBarManagerService.sendNotification:1002 com.android.server.StatusBarManagerService.addNotification:691 com.android.server.NotificationManagerService$7.run:2186 android.os.Handler.handleCallback:733 
11-05 16:40:43.461   728   728 D STATUSBAR-StatusBarManagerService: sendNotification(1) - 1096041596
11-05 16:40:43.471 15253 15253 D AatpDeviceManager: taskStatus update (440043535e921da186ff75b59570505cc8dbd028: {"result":{"rotation":0},"state":2})
11-05 16:40:43.471 15253 17963 D Aatp    : /task/440043535e921da186ff75b59570505cc8dbd028
11-05 16:40:43.481   728   728 W ContextImpl: Calling a method in the system process without a qualified user: android.app.ContextImpl.sendBroadcast:1524 com.android.server.StatusBarManagerService.sendNotification:1002 com.android.server.StatusBarManagerService.removeNotification:727 com.android.server.NotificationManagerService.cancelNotificationLocked:2499 com.android.server.NotificationManagerService.access$5200:161 
11-05 16:40:43.481   728   728 D NotificationService: cancelNotificationLocked
11-05 16:40:43.481   728   728 D NotificationService:  hasClearableItems
11-05 16:40:43.481   728   728 D NotificationService: Num of hasClearableItems : 1
11-05 16:40:43.481   728   728 D STATUSBAR-StatusBarManagerService: sendNotification(3) - 1096041596
11-05 16:40:43.481   728   728 D LightsService: [api] [SvcLED] turnOff:: id = 4 (uid: 1000 pid: 728) 
11-05 16:40:43.481   728   728 D LightsService: [SvcLED] setSvcLedStateLocked:: SvcLEDState : 0x0 -> 0x0 | SvcLED(id=4) set Off
11-05 16:40:43.481   728  1012 D LightsService: [SvcLED] Lux failed to be updated in 700ms. -> handleForcedSvcLEDTasK
11-05 16:40:43.481   728  1012 D LightsService: [SvcLED]  setSvcLedLightLocked :: Current SvcLED(id=3) maintains its priority right
11-05 16:40:43.491  1092  1092 D ProgressBar: setProgressDrawable drawableHeight = 0
11-05 16:40:43.491  1092  1092 D PhoneStatusBar: tick(): knoxCustomManager = android.app.enterprise.knoxcustom.KnoxCustomManager@425e2e70
11-05 16:40:43.511  1092  1092 D STATUSBAR-IconMerger: checkOverflow(360), More:false, Req:false Child:4
11-05 16:40:43.591   257   257 E SMD     : DCD ON
11-05 16:40:43.601 15253 17970 D Aatp    : /task/440043535e921da186ff75b59570505cc8dbd028/status
11-05 16:40:43.861 16221 16447 D ConnectivityManager: getActiveNetworkInfo : NetworkInfo: type: WIFI[], state: CONNECTED/CONNECTED, reason: (unspecified), extra: "9902014101", roaming: false, failover: false, isAvailable: true, isConnectedToProvisioningNetwork: false
11-05 16:40:43.881 16221 16481 I qtaguid : Untagging socket 90
11-05 16:40:43.911 15253 17977 D Aatp    : /default-rotation
11-05 16:40:43.921 15253 17977 D Aatp    : sha1: e67dafca5adb23107ac153c78f40ad8fc4d7be65
11-05 16:40:43.941   728   728 W ContextImpl: Calling a method in the system process without a qualified user: android.app.ContextImpl.sendBroadcast:1524 com.android.server.StatusBarManagerService.sendNotification:1002 com.android.server.StatusBarManagerService.addNotification:691 com.android.server.NotificationManagerService$7.run:2186 android.os.Handler.handleCallback:733 
11-05 16:40:43.951 15253 17977 D Aatp    : /task/e67dafca5adb23107ac153c78f40ad8fc4d7be65
11-05 16:40:43.951   728   728 D STATUSBAR-StatusBarManagerService: sendNotification(1) - 1096041597
11-05 16:40:43.951 15253 15253 D AatpDeviceManager: taskStatus update (e67dafca5adb23107ac153c78f40ad8fc4d7be65: {"state":1})
11-05 16:40:43.961 15253 15253 D AatpDeviceManager: taskStatus update (e67dafca5adb23107ac153c78f40ad8fc4d7be65: {"result":{"rotation":0},"state":2})
11-05 16:40:43.961   728   728 D NotificationService: cancelNotificationLocked
11-05 16:40:43.961   728   728 D NotificationService:  hasClearableItems
11-05 16:40:43.961   728   728 D NotificationService: Num of hasClearableItems : 1
11-05 16:40:43.961   728   728 W ContextImpl: Calling a method in the system process without a qualified user: android.app.ContextImpl.sendBroadcast:1524 com.android.server.StatusBarManagerService.sendNotification:1002 com.android.server.StatusBarManagerService.removeNotification:727 com.android.server.NotificationManagerService.cancelNotificationLocked:2499 com.android.server.NotificationManagerService.access$5200:161 
11-05 16:40:43.961   728   728 D STATUSBAR-StatusBarManagerService: sendNotification(3) - 1096041597
11-05 16:40:43.961   728   728 D LightsService: [api] [SvcLED] turnOff:: id = 4 (uid: 1000 pid: 728) 
11-05 16:40:43.961   728   728 D LightsService: [SvcLED] setSvcLedStateLocked:: SvcLEDState : 0x0 -> 0x0 | SvcLED(id=4) set Off
11-05 16:40:43.961   728  1012 D LightsService: [SvcLED] Lux failed to be updated in 700ms. -> handleForcedSvcLEDTasK
11-05 16:40:43.961   728  1012 D LightsService: [SvcLED]  setSvcLedLightLocked :: Current SvcLED(id=3) maintains its priority right
11-05 16:40:43.971  1092  1092 D ProgressBar: setProgressDrawable drawableHeight = 0
11-05 16:40:43.981  1092  1092 D PhoneStatusBar: tick(): knoxCustomManager = android.app.enterprise.knoxcustom.KnoxCustomManager@425e2e70
11-05 16:40:43.991  1092  1092 D STATUSBAR-IconMerger: checkOverflow(360), More:false, Req:false Child:4
11-05 16:40:44.031  4232  4256 D ConnectivityManager: getActiveNetworkInfo : NetworkInfo: type: WIFI[], state: CONNECTED/CONNECTED, reason: (unspecified), extra: "9902014101", roaming: false, failover: false, isAvailable: true, isConnectedToProvisioningNetwork: false
11-05 16:40:44.041 16221 16481 I qtaguid : Tagging socket 90 with tag 3000040700000000{805307399,0} for uid 4294967295, pid: 16221, getuid(): 10015
11-05 16:40:44.121 15253 17979 D Aatp    : /task/e67dafca5adb23107ac153c78f40ad8fc4d7be65/status
11-05 16:40:44.411 15253 17980 D Aatp    : /default-rotation
11-05 16:40:44.431 15253 17980 D Aatp    : sha1: 3b353d4f52fa03c5bffd370a369856c0186973a9
11-05 16:40:44.451 15253 17980 D Aatp    : /task/3b353d4f52fa03c5bffd370a369856c0186973a9
11-05 16:40:44.471   728   728 W ContextImpl: Calling a method in the system process without a qualified user: android.app.ContextImpl.sendBroadcast:1524 com.android.server.StatusBarManagerService.sendNotification:1002 com.android.server.StatusBarManagerService.addNotification:691 com.android.server.NotificationManagerService$7.run:2186 android.os.Handler.handleCallback:733 
11-05 16:40:44.471   728   728 D STATUSBAR-StatusBarManagerService: sendNotification(1) - 1096041598
11-05 16:40:44.481 15253 15253 D AatpDeviceManager: taskStatus update (3b353d4f52fa03c5bffd370a369856c0186973a9: {"state":1})
11-05 16:40:44.481 15253 15253 D AatpDeviceManager: taskStatus update (3b353d4f52fa03c5bffd370a369856c0186973a9: {"result":{"rotation":0},"state":2})
11-05 16:40:44.481   728   728 D NotificationService: cancelNotificationLocked
11-05 16:40:44.481   728   728 D NotificationService:  hasClearableItems
11-05 16:40:44.481   728   728 D NotificationService: Num of hasClearableItems : 1
11-05 16:40:44.481   728   728 W ContextImpl: Calling a method in the system process without a qualified user: android.app.ContextImpl.sendBroadcast:1524 com.android.server.StatusBarManagerService.sendNotification:1002 com.android.server.StatusBarManagerService.removeNotification:727 com.android.server.NotificationManagerService.cancelNotificationLocked:2499 com.android.server.NotificationManagerService.access$5200:161 
11-05 16:40:44.481   728   728 D STATUSBAR-StatusBarManagerService: sendNotification(3) - 1096041598
11-05 16:40:44.481   728   728 D LightsService: [api] [SvcLED] turnOff:: id = 4 (uid: 1000 pid: 728) 
11-05 16:40:44.481   728   728 D LightsService: [SvcLED] setSvcLedStateLocked:: SvcLEDState : 0x0 -> 0x0 | SvcLED(id=4) set Off
11-05 16:40:44.481   728  1012 D LightsService: [SvcLED] Lux failed to be updated in 700ms. -> handleForcedSvcLEDTasK
11-05 16:40:44.481   728  1012 D LightsService: [SvcLED]  setSvcLedLightLocked :: Current SvcLED(id=3) maintains its priority right
11-05 16:40:44.491  1092  1092 D ProgressBar: setProgressDrawable drawableHeight = 0
11-05 16:40:44.501  1092  1092 D PhoneStatusBar: tick(): knoxCustomManager = android.app.enterprise.knoxcustom.KnoxCustomManager@425e2e70
11-05 16:40:44.511  1092  1092 D STATUSBAR-IconMerger: checkOverflow(360), More:false, Req:false Child:4
11-05 16:40:44.531  4232  4256 D ConnectivityManager: getActiveNetworkInfo : NetworkInfo: type: WIFI[], state: CONNECTED/CONNECTED, reason: (unspecified), extra: "9902014101", roaming: false, failover: false, isAvailable: true, isConnectedToProvisioningNetwork: false
11-05 16:40:44.641 15253 17992 D Aatp    : /task/3b353d4f52fa03c5bffd370a369856c0186973a9/status
11-05 16:40:44.671 15253 15257 D dalvikvm: GC_CONCURRENT freed 2053K, 45% free 11593K/20804K, paused 3ms+3ms, total 33ms
11-05 16:40:44.911 15253 17999 D Aatp    : /default-rotation
11-05 16:40:44.941 15253 17999 D Aatp    : sha1: d7b37ee5411657b5850b970b7f2fba6b89a8c0e9
11-05 16:40:44.961 15253 17999 D Aatp    : /task/d7b37ee5411657b5850b970b7f2fba6b89a8c0e9
11-05 16:40:44.961   728   728 W ContextImpl: Calling a method in the system process without a qualified user: android.app.ContextImpl.sendBroadcast:1524 com.android.server.StatusBarManagerService.sendNotification:1002 com.android.server.StatusBarManagerService.addNotification:691 com.android.server.NotificationManagerService$7.run:2186 android.os.Handler.handleCallback:733 
11-05 16:40:44.971 15253 15253 D AatpDeviceManager: taskStatus update (d7b37ee5411657b5850b970b7f2fba6b89a8c0e9: {"state":1})
11-05 16:40:44.971   728   728 D STATUSBAR-StatusBarManagerService: sendNotification(1) - 1096041599
11-05 16:40:44.981 15253 15253 D AatpDeviceManager: taskStatus update (d7b37ee5411657b5850b970b7f2fba6b89a8c0e9: {"result":{"rotation":0},"state":2})
11-05 16:40:44.981   728   728 D NotificationService: cancelNotificationLocked
11-05 16:40:44.981   728   728 D NotificationService:  hasClearableItems
11-05 16:40:44.981   728   728 D NotificationService: Num of hasClearableItems : 1
11-05 16:40:44.981   728   728 W ContextImpl: Calling a method in the system process without a qualified user: android.app.ContextImpl.sendBroadcast:1524 com.android.server.StatusBarManagerService.sendNotification:1002 com.android.server.StatusBarManagerService.removeNotification:727 com.android.server.NotificationManagerService.cancelNotificationLocked:2499 com.android.server.NotificationManagerService.access$5200:161 
11-05 16:40:44.981   728   728 D STATUSBAR-StatusBarManagerService: sendNotification(3) - 1096041599
11-05 16:40:44.981   728   728 D LightsService: [api] [SvcLED] turnOff:: id = 4 (uid: 1000 pid: 728) 
11-05 16:40:44.981   728   728 D LightsService: [SvcLED] setSvcLedStateLocked:: SvcLEDState : 0x0 -> 0x0 | SvcLED(id=4) set Off
11-05 16:40:44.981   728  1012 D LightsService: [SvcLED] Lux failed to be updated in 700ms. -> handleForcedSvcLEDTasK
11-05 16:40:44.981   728  1012 D LightsService: [SvcLED]  setSvcLedLightLocked :: Current SvcLED(id=3) maintains its priority right
11-05 16:40:44.991  1092  1092 D ProgressBar: setProgressDrawable drawableHeight = 0
11-05 16:40:45.001  1092  1092 D PhoneStatusBar: tick(): knoxCustomManager = android.app.enterprise.knoxcustom.KnoxCustomManager@425e2e70
11-05 16:40:45.011  1092  1092 D STATUSBAR-IconMerger: checkOverflow(360), More:false, Req:false Child:4
11-05 16:40:45.051  4232  4256 D ConnectivityManager: getActiveNetworkInfo : NetworkInfo: type: WIFI[], state: CONNECTED/CONNECTED, reason: (unspecified), extra: "9902014101", roaming: false, failover: false, isAvailable: true, isConnectedToProvisioningNetwork: false
11-05 16:40:45.161 15253 18010 D Aatp    : /task/d7b37ee5411657b5850b970b7f2fba6b89a8c0e9/status
11-05 16:40:45.211 16221 16481 I qtaguid : Untagging socket 90
11-05 16:40:45.211 16221 16447 D ConnectivityManager: getActiveNetworkInfo : NetworkInfo: type: WIFI[], state: CONNECTED/CONNECTED, reason: (unspecified), extra: "9902014101", roaming: false, failover: false, isAvailable: true, isConnectedToProvisioningNetwork: false
11-05 16:40:45.271 16221 16481 I qtaguid : Tagging socket 90 with tag 3000040700000000{805307399,0} for uid 4294967295, pid: 16221, getuid(): 10015
11-05 16:40:45.411 15253 18015 D Aatp    : /default-rotation
11-05 16:40:45.431 15253 18015 D Aatp    : sha1: 226a61036db11eb1e92b371bc551292874e8e9c9
11-05 16:40:45.451   728   728 W ContextImpl: Calling a method in the system process without a qualified user: android.app.ContextImpl.sendBroadcast:1524 com.android.server.StatusBarManagerService.sendNotification:1002 com.android.server.StatusBarManagerService.addNotification:691 com.android.server.NotificationManagerService$7.run:2186 android.os.Handler.handleCallback:733 
11-05 16:40:45.451   728   728 D STATUSBAR-StatusBarManagerService: sendNotification(1) - 1096041600
11-05 16:40:45.461 15253 15253 D AatpDeviceManager: taskStatus update (226a61036db11eb1e92b371bc551292874e8e9c9: {"state":1})
11-05 16:40:45.461 15253 15253 D AatpDeviceManager: taskStatus update (226a61036db11eb1e92b371bc551292874e8e9c9: {"result":{"rotation":0},"state":2})
11-05 16:40:45.461 15253 18015 D Aatp    : /task/226a61036db11eb1e92b371bc551292874e8e9c9
11-05 16:40:45.471   728   728 D NotificationService: cancelNotificationLocked
11-05 16:40:45.471   728   728 D NotificationService:  hasClearableItems
11-05 16:40:45.471   728   728 D NotificationService: Num of hasClearableItems : 1
11-05 16:40:45.471   728   728 W ContextImpl: Calling a method in the system process without a qualified user: android.app.ContextImpl.sendBroadcast:1524 com.android.server.StatusBarManagerService.sendNotification:1002 com.android.server.StatusBarManagerService.removeNotification:727 com.android.server.NotificationManagerService.cancelNotificationLocked:2499 com.android.server.NotificationManagerService.access$5200:161 
11-05 16:40:45.471   728   728 D STATUSBAR-StatusBarManagerService: sendNotification(3) - 1096041600
11-05 16:40:45.471   728   728 D LightsService: [api] [SvcLED] turnOff:: id = 4 (uid: 1000 pid: 728) 
11-05 16:40:45.471   728   728 D LightsService: [SvcLED] setSvcLedStateLocked:: SvcLEDState : 0x0 -> 0x0 | SvcLED(id=4) set Off
11-05 16:40:45.471   728  1012 D LightsService: [SvcLED] Lux failed to be updated in 700ms. -> handleForcedSvcLEDTasK
11-05 16:40:45.471   728  1012 D LightsService: [SvcLED]  setSvcLedLightLocked :: Current SvcLED(id=3) maintains its priority right
11-05 16:40:45.481  1092  1092 D ProgressBar: setProgressDrawable drawableHeight = 0
11-05 16:40:45.491  1092  1092 D PhoneStatusBar: tick(): knoxCustomManager = android.app.enterprise.knoxcustom.KnoxCustomManager@425e2e70
11-05 16:40:45.501  1092  1092 D STATUSBAR-IconMerger: checkOverflow(360), More:false, Req:false Child:4
11-05 16:40:45.541  4232  4256 D ConnectivityManager: getActiveNetworkInfo : NetworkInfo: type: WIFI[], state: CONNECTED/CONNECTED, reason: (unspecified), extra: "9902014101", roaming: false, failover: false, isAvailable: true, isConnectedToProvisioningNetwork: false
11-05 16:40:45.601 15253 18017 D Aatp    : /task/226a61036db11eb1e92b371bc551292874e8e9c9/status
11-05 16:40:45.921 15253 18025 D Aatp    : /default-rotation
11-05 16:40:45.931 15253 18025 D Aatp    : sha1: bbabc3628886ac459540fc730c238e6f2d0c5ee7
11-05 16:40:45.951   728   728 W ContextImpl: Calling a method in the system process without a qualified user: android.app.ContextImpl.sendBroadcast:1524 com.android.server.StatusBarManagerService.sendNotification:1002 com.android.server.StatusBarManagerService.addNotification:691 com.android.server.NotificationManagerService$7.run:2186 android.os.Handler.handleCallback:733 
11-05 16:40:45.961 15253 18025 D Aatp    : /task/bbabc3628886ac459540fc730c238e6f2d0c5ee7
11-05 16:40:45.961   728   728 D STATUSBAR-StatusBarManagerService: sendNotification(1) - 1096041601
11-05 16:40:45.971 15253 15253 D AatpDeviceManager: taskStatus update (bbabc3628886ac459540fc730c238e6f2d0c5ee7: {"state":1})
11-05 16:40:45.971 15253 15253 D AatpDeviceManager: taskStatus update (bbabc3628886ac459540fc730c238e6f2d0c5ee7: {"result":{"rotation":0},"state":2})
11-05 16:40:45.971   728   728 D NotificationService: cancelNotificationLocked
11-05 16:40:45.971   728   728 D NotificationService:  hasClearableItems
11-05 16:40:45.971   728   728 D NotificationService: Num of hasClearableItems : 1
11-05 16:40:45.971   728   728 W ContextImpl: Calling a method in the system process without a qualified user: android.app.ContextImpl.sendBroadcast:1524 com.android.server.StatusBarManagerService.sendNotification:1002 com.android.server.StatusBarManagerService.removeNotification:727 com.android.server.NotificationManagerService.cancelNotificationLocked:2499 com.android.server.NotificationManagerService.access$5200:161 
11-05 16:40:45.971   728   728 D STATUSBAR-StatusBarManagerService: sendNotification(3) - 1096041601
11-05 16:40:45.971   728   728 D LightsService: [api] [SvcLED] turnOff:: id = 4 (uid: 1000 pid: 728) 
11-05 16:40:45.971   728   728 D LightsService: [SvcLED] setSvcLedStateLocked:: SvcLEDState : 0x0 -> 0x0 | SvcLED(id=4) set Off
11-05 16:40:45.971   728  1012 D LightsService: [SvcLED] Lux failed to be updated in 700ms. -> handleForcedSvcLEDTasK
11-05 16:40:45.981   728  1012 D LightsService: [SvcLED]  setSvcLedLightLocked :: Current SvcLED(id=3) maintains its priority right
11-05 16:40:45.981  1092  1092 D ProgressBar: setProgressDrawable drawableHeight = 0
11-05 16:40:45.991  1092  1092 D PhoneStatusBar: tick(): knoxCustomManager = android.app.enterprise.knoxcustom.KnoxCustomManager@425e2e70
11-05 16:40:46.011  1092  1092 D STATUSBAR-IconMerger: checkOverflow(360), More:false, Req:false Child:4
11-05 16:40:46.141  4232  4256 D ConnectivityManager: getActiveNetworkInfo : NetworkInfo: type: WIFI[], state: CONNECTED/CONNECTED, reason: (unspecified), extra: "9902014101", roaming: false, failover: false, isAvailable: true, isConnectedToProvisioningNetwork: false
11-05 16:40:46.151 15253 18037 D Aatp    : /task/bbabc3628886ac459540fc730c238e6f2d0c5ee7/status
11-05 16:40:46.421 15253 18044 D Aatp    : /default-rotation
11-05 16:40:46.421 15253 18044 D Aatp    : sha1: 27e3d41e4f139105e884194fb36d9437be3f3d49
11-05 16:40:46.441   728   728 W ContextImpl: Calling a method in the system process without a qualified user: android.app.ContextImpl.sendBroadcast:1524 com.android.server.StatusBarManagerService.sendNotification:1002 com.android.server.StatusBarManagerService.addNotification:691 com.android.server.NotificationManagerService$7.run:2186 android.os.Handler.handleCallback:733 
11-05 16:40:46.451 15253 18044 D Aatp    : /task/27e3d41e4f139105e884194fb36d9437be3f3d49
11-05 16:40:46.451 15253 15253 D AatpDeviceManager: taskStatus update (27e3d41e4f139105e884194fb36d9437be3f3d49: {"state":1})
11-05 16:40:46.451 15253 15253 D AatpDeviceManager: taskStatus update (27e3d41e4f139105e884194fb36d9437be3f3d49: {"result":{"rotation":0},"state":2})
11-05 16:40:46.451   728   728 D STATUSBAR-StatusBarManagerService: sendNotification(1) - 1096041602
11-05 16:40:46.461   728   728 D NotificationService: cancelNotificationLocked
11-05 16:40:46.461   728   728 D NotificationService:  hasClearableItems
11-05 16:40:46.461   728   728 D NotificationService: Num of hasClearableItems : 1
11-05 16:40:46.461   728   728 W ContextImpl: Calling a method in the system process without a qualified user: android.app.ContextImpl.sendBroadcast:1524 com.android.server.StatusBarManagerService.sendNotification:1002 com.android.server.StatusBarManagerService.removeNotification:727 com.android.server.NotificationManagerService.cancelNotificationLocked:2499 com.android.server.NotificationManagerService.access$5200:161 
11-05 16:40:46.461   728   728 D STATUSBAR-StatusBarManagerService: sendNotification(3) - 1096041602
11-05 16:40:46.461   728   728 D LightsService: [api] [SvcLED] turnOff:: id = 4 (uid: 1000 pid: 728) 
11-05 16:40:46.461   728   728 D LightsService: [SvcLED] setSvcLedStateLocked:: SvcLEDState : 0x0 -> 0x0 | SvcLED(id=4) set Off
11-05 16:40:46.461   728  1012 D LightsService: [SvcLED] Lux failed to be updated in 700ms. -> handleForcedSvcLEDTasK
11-05 16:40:46.461   728  1012 D LightsService: [SvcLED]  setSvcLedLightLocked :: Current SvcLED(id=3) maintains its priority right
11-05 16:40:46.471  1092  1092 D ProgressBar: setProgressDrawable drawableHeight = 0
11-05 16:40:46.481  1092  1092 D PhoneStatusBar: tick(): knoxCustomManager = android.app.enterprise.knoxcustom.KnoxCustomManager@425e2e70
11-05 16:40:46.491  1092  1092 D STATUSBAR-IconMerger: checkOverflow(360), More:false, Req:false Child:4
11-05 16:40:46.591 16221 16481 I qtaguid : Untagging socket 90
11-05 16:40:46.591 16221 16447 D ConnectivityManager: getActiveNetworkInfo : NetworkInfo: type: WIFI[], state: CONNECTED/CONNECTED, reason: (unspecified), extra: "9902014101", roaming: false, failover: false, isAvailable: true, isConnectedToProvisioningNetwork: false
11-05 16:40:46.591   257   257 E SMD     : DCD ON
11-05 16:40:46.601  4232  4256 D ConnectivityManager: getActiveNetworkInfo : NetworkInfo: type: WIFI[], state: CONNECTED/CONNECTED, reason: (unspecified), extra: "9902014101", roaming: false, failover: false, isAvailable: true, isConnectedToProvisioningNetwork: false
11-05 16:40:46.641 15253 18056 D Aatp    : /task/27e3d41e4f139105e884194fb36d9437be3f3d49/status
11-05 16:40:46.651 16221 16481 I qtaguid : Tagging socket 90 with tag 3000040700000000{805307399,0} for uid 4294967295, pid: 16221, getuid(): 10015
11-05 16:40:46.921 15253 18060 D Aatp    : /default-rotation
11-05 16:40:46.951 15253 18060 D Aatp    : sha1: 31dfa886676e7aa0c12b24a037ff45239b906409
11-05 16:40:46.981   728   728 W ContextImpl: Calling a method in the system process without a qualified user: android.app.ContextImpl.sendBroadcast:1524 com.android.server.StatusBarManagerService.sendNotification:1002 com.android.server.StatusBarManagerService.addNotification:691 com.android.server.NotificationManagerService$7.run:2186 android.os.Handler.handleCallback:733 
11-05 16:40:46.991 15253 18060 D Aatp    : /task/31dfa886676e7aa0c12b24a037ff45239b906409
11-05 16:40:46.991   728   728 D STATUSBAR-StatusBarManagerService: sendNotification(1) - 1096041603
11-05 16:40:47.001 15253 15253 D AatpDeviceManager: taskStatus update (31dfa886676e7aa0c12b24a037ff45239b906409: {"state":1})
11-05 16:40:47.001 15253 15253 D AatpDeviceManager: taskStatus update (31dfa886676e7aa0c12b24a037ff45239b906409: {"result":{"rotation":0},"state":2})
11-05 16:40:47.011   728   728 D NotificationService: cancelNotificationLocked
11-05 16:40:47.011   728   728 D NotificationService:  hasClearableItems
11-05 16:40:47.011   728   728 D NotificationService: Num of hasClearableItems : 1
11-05 16:40:47.011   728   728 W ContextImpl: Calling a method in the system process without a qualified user: android.app.ContextImpl.sendBroadcast:1524 com.android.server.StatusBarManagerService.sendNotification:1002 com.android.server.StatusBarManagerService.removeNotification:727 com.android.server.NotificationManagerService.cancelNotificationLocked:2499 com.android.server.NotificationManagerService.access$5200:161 
11-05 16:40:47.011   728   728 D STATUSBAR-StatusBarManagerService: sendNotification(3) - 1096041603
11-05 16:40:47.011   728   728 D LightsService: [api] [SvcLED] turnOff:: id = 4 (uid: 1000 pid: 728) 
11-05 16:40:47.011   728   728 D LightsService: [SvcLED] setSvcLedStateLocked:: SvcLEDState : 0x0 -> 0x0 | SvcLED(id=4) set Off
11-05 16:40:47.011   728  1012 D LightsService: [SvcLED] Lux failed to be updated in 700ms. -> handleForcedSvcLEDTasK
11-05 16:40:47.011   728  1012 D LightsService: [SvcLED]  setSvcLedLightLocked :: Current SvcLED(id=3) maintains its priority right
11-05 16:40:47.011  1092  1092 D ProgressBar: setProgressDrawable drawableHeight = 0
11-05 16:40:47.021  1092  1092 D PhoneStatusBar: tick(): knoxCustomManager = android.app.enterprise.knoxcustom.KnoxCustomManager@425e2e70
11-05 16:40:47.041  1092  1092 D STATUSBAR-IconMerger: checkOverflow(360), More:false, Req:false Child:4
11-05 16:40:47.161 15253 18066 D Aatp    : /task/31dfa886676e7aa0c12b24a037ff45239b906409/status
11-05 16:40:47.181  4232  4256 D ConnectivityManager: getActiveNetworkInfo : NetworkInfo: type: WIFI[], state: CONNECTED/CONNECTED, reason: (unspecified), extra: "9902014101", roaming: false, failover: false, isAvailable: true, isConnectedToProvisioningNetwork: false
11-05 16:40:47.231  4232  4236 D dalvikvm: GC_CONCURRENT freed 1969K, 39% free 12712K/20804K, paused 4ms+3ms, total 47ms
11-05 16:40:47.411 15253 18067 D Aatp    : /default-rotation
11-05 16:40:47.451 15253 18067 D Aatp    : sha1: 0060f98d7aee389f0dfd4d8d0862380d65c3981b
11-05 16:40:47.471   728   728 W ContextImpl: Calling a method in the system process without a qualified user: android.app.ContextImpl.sendBroadcast:1524 com.android.server.StatusBarManagerService.sendNotification:1002 com.android.server.StatusBarManagerService.addNotification:691 com.android.server.NotificationManagerService$7.run:2186 android.os.Handler.handleCallback:733 
11-05 16:40:47.481   728   728 D STATUSBAR-StatusBarManagerService: sendNotification(1) - 1096041604
11-05 16:40:47.491 15253 15253 D AatpDeviceManager: taskStatus update (0060f98d7aee389f0dfd4d8d0862380d65c3981b: {"state":1})
