11-05 16:40:31.981   728   728 D LightsService: [SvcLED] setSvcLedStateLocked:: SvcLEDState : 0x0 -> 0x0 | SvcLED(id=4) set Off
11-05 16:40:31.981   728  1012 D LightsService: [SvcLED] Lux failed to be updated in 700ms. -> handleForcedSvcLEDTasK
11-05 16:40:31.981   728  1012 D LightsService: [SvcLED]  setSvcLedLightLocked :: Current SvcLED(id=3) maintains its priority right
11-05 16:40:31.991  1092  1092 D PhoneStatusBar: tick(): knoxCustomManager = android.app.enterprise.knoxcustom.KnoxCustomManager@425e2e70
11-05 16:40:32.001 15253 15253 D AatpDeviceManager: taskStatus update (81e7ec7bdc5fd4e245abb02d83d44da8b4326f84: {"result":{"rotation":0},"state":2})
11-05 16:40:32.001  1092  1092 D STATUSBAR-IconMerger: checkOverflow(360), More:false, Req:false Child:4
11-05 16:40:32.151 15253 17614 D Aatp    : /task/81e7ec7bdc5fd4e245abb02d83d44da8b4326f84/status
11-05 16:40:32.231  4232  4236 D dalvikvm: GC_CONCURRENT freed 1971K, 39% free 12742K/20804K, paused 4ms+4ms, total 53ms
11-05 16:40:32.271 16221 16447 D ConnectivityManager: getActiveNetworkInfo : NetworkInfo: type: WIFI[], state: CONNECTED/CONNECTED, reason: (unspecified), extra: "9902014101", roaming: false, failover: false, isAvailable: true, isConnectedToProvisioningNetwork: false
11-05 16:40:32.271 16221 16481 I qtaguid : Untagging socket 90
11-05 16:40:32.321 16221 16481 I qtaguid : Tagging socket 90 with tag 3000040700000000{805307399,0} for uid 4294967295, pid: 16221, getuid(): 10015
11-05 16:40:32.411 15253 17615 D Aatp    : /default-rotation
11-05 16:40:32.431 15253 17615 D Aatp    : sha1: 2a862bbef8e6daa83534582fbac6b9262836149e
11-05 16:40:32.451   728   728 W ContextImpl: Calling a method in the system process without a qualified user: android.app.ContextImpl.sendBroadcast:1524 com.android.server.StatusBarManagerService.sendNotification:1002 com.android.server.StatusBarManagerService.addNotification:691 com.android.server.NotificationManagerService$7.run:2186 android.os.Handler.handleCallback:733 
11-05 16:40:32.451   728   728 D STATUSBAR-StatusBarManagerService: sendNotification(1) - 1096041574
11-05 16:40:32.461 15253 17615 D Aatp    : /task/2a862bbef8e6daa83534582fbac6b9262836149e
11-05 16:40:32.461 15253 15253 D AatpDeviceManager: taskStatus update (2a862bbef8e6daa83534582fbac6b9262836149e: {"state":1})
11-05 16:40:32.461 15253 15253 D AatpDeviceManager: taskStatus update (2a862bbef8e6daa83534582fbac6b9262836149e: {"result":{"rotation":0},"state":2})
11-05 16:40:32.471   728   728 D NotificationService: cancelNotificationLocked
11-05 16:40:32.471   728   728 D NotificationService:  hasClearableItems
11-05 16:40:32.471   728   728 D NotificationService: Num of hasClearableItems : 1
11-05 16:40:32.471   728   728 W ContextImpl: Calling a method in the system process without a qualified user: android.app.ContextImpl.sendBroadcast:1524 com.android.server.StatusBarManagerService.sendNotification:1002 com.android.server.StatusBarManagerService.removeNotification:727 com.android.server.NotificationManagerService.cancelNotificationLocked:2499 com.android.server.NotificationManagerService.access$5200:161 
11-05 16:40:32.471   728   728 D STATUSBAR-StatusBarManagerService: sendNotification(3) - 1096041574
11-05 16:40:32.471   728   728 D LightsService: [api] [SvcLED] turnOff:: id = 4 (uid: 1000 pid: 728) 
11-05 16:40:32.471   728   728 D LightsService: [SvcLED] setSvcLedStateLocked:: SvcLEDState : 0x0 -> 0x0 | SvcLED(id=4) set Off
11-05 16:40:32.471   728  1012 D LightsService: [SvcLED] Lux failed to be updated in 700ms. -> handleForcedSvcLEDTasK
11-05 16:40:32.471   728  1012 D LightsService: [SvcLED]  setSvcLedLightLocked :: Current SvcLED(id=3) maintains its priority right
11-05 16:40:32.481  1092  1092 D ProgressBar: setProgressDrawable drawableHeight = 0
11-05 16:40:32.481  1092  1092 D PhoneStatusBar: tick(): knoxCustomManager = android.app.enterprise.knoxcustom.KnoxCustomManager@425e2e70
11-05 16:40:32.501  1092  1092 D STATUSBAR-IconMerger: checkOverflow(360), More:false, Req:false Child:4
11-05 16:40:32.511  4232  4256 D ConnectivityManager: getActiveNetworkInfo : NetworkInfo: type: WIFI[], state: CONNECTED/CONNECTED, reason: (unspecified), extra: "9902014101", roaming: false, failover: false, isAvailable: true, isConnectedToProvisioningNetwork: false
11-05 16:40:32.611 15253 17617 D Aatp    : /task/2a862bbef8e6daa83534582fbac6b9262836149e/status
11-05 16:40:32.901 15253 17618 D Aatp    : /default-rotation
11-05 16:40:32.911 15253 17618 D Aatp    : sha1: 5f1165b0e8b838d29cb99b216d5d1ab4904b52b1
11-05 16:40:32.931   728   728 W ContextImpl: Calling a method in the system process without a qualified user: android.app.ContextImpl.sendBroadcast:1524 com.android.server.StatusBarManagerService.sendNotification:1002 com.android.server.StatusBarManagerService.addNotification:691 com.android.server.NotificationManagerService$7.run:2186 android.os.Handler.handleCallback:733 
11-05 16:40:32.931 15253 17618 D Aatp    : /task/5f1165b0e8b838d29cb99b216d5d1ab4904b52b1
11-05 16:40:32.931   728   728 D STATUSBAR-StatusBarManagerService: sendNotification(1) - 1096041575
11-05 16:40:32.941 15253 15253 D AatpDeviceManager: taskStatus update (5f1165b0e8b838d29cb99b216d5d1ab4904b52b1: {"state":1})
11-05 16:40:32.941 15253 15253 D AatpDeviceManager: taskStatus update (5f1165b0e8b838d29cb99b216d5d1ab4904b52b1: {"result":{"rotation":0},"state":2})
11-05 16:40:32.951   728   728 D NotificationService: cancelNotificationLocked
11-05 16:40:32.951   728   728 D NotificationService:  hasClearableItems
11-05 16:40:32.951   728   728 D NotificationService: Num of hasClearableItems : 1
11-05 16:40:32.951  1092  1092 D ProgressBar: setProgressDrawable drawableHeight = 0
11-05 16:40:32.951   728   728 W ContextImpl: Calling a method in the system process without a qualified user: android.app.ContextImpl.sendBroadcast:1524 com.android.server.StatusBarManagerService.sendNotification:1002 com.android.server.StatusBarManagerService.removeNotification:727 com.android.server.NotificationManagerService.cancelNotificationLocked:2499 com.android.server.NotificationManagerService.access$5200:161 
11-05 16:40:32.951   728   728 D STATUSBAR-StatusBarManagerService: sendNotification(3) - 1096041575
11-05 16:40:32.951   728   728 D LightsService: [api] [SvcLED] turnOff:: id = 4 (uid: 1000 pid: 728) 
11-05 16:40:32.951   728   728 D LightsService: [SvcLED] setSvcLedStateLocked:: SvcLEDState : 0x0 -> 0x0 | SvcLED(id=4) set Off
11-05 16:40:32.951   728  1012 D LightsService: [SvcLED] Lux failed to be updated in 700ms. -> handleForcedSvcLEDTasK
11-05 16:40:32.951   728  1012 D LightsService: [SvcLED]  setSvcLedLightLocked :: Current SvcLED(id=3) maintains its priority right
11-05 16:40:32.961  1092  1092 D PhoneStatusBar: tick(): knoxCustomManager = android.app.enterprise.knoxcustom.KnoxCustomManager@425e2e70
11-05 16:40:32.971  1092  1092 D STATUSBAR-IconMerger: checkOverflow(360), More:false, Req:false Child:4
11-05 16:40:33.051 15253 17630 D Aatp    : /task/5f1165b0e8b838d29cb99b216d5d1ab4904b52b1/status
11-05 16:40:33.091  4232  4256 D ConnectivityManager: getActiveNetworkInfo : NetworkInfo: type: WIFI[], state: CONNECTED/CONNECTED, reason: (unspecified), extra: "9902014101", roaming: false, failover: false, isAvailable: true, isConnectedToProvisioningNetwork: false
11-05 16:40:33.311 16221 16447 D ConnectivityManager: getActiveNetworkInfo : NetworkInfo: type: WIFI[], state: CONNECTED/CONNECTED, reason: (unspecified), extra: "9902014101", roaming: false, failover: false, isAvailable: true, isConnectedToProvisioningNetwork: false
11-05 16:40:33.311 16221 16481 I qtaguid : Untagging socket 90
11-05 16:40:33.371 16221 16481 I qtaguid : Tagging socket 90 with tag 3000040700000000{805307399,0} for uid 4294967295, pid: 16221, getuid(): 10015
11-05 16:40:33.411 15253 17639 D Aatp    : /default-rotation
11-05 16:40:33.411 15253 17639 D Aatp    : sha1: 877753cb2b877215c8558fd310beabc7546b6547
11-05 16:40:33.431   728   728 W ContextImpl: Calling a method in the system process without a qualified user: android.app.ContextImpl.sendBroadcast:1524 com.android.server.StatusBarManagerService.sendNotification:1002 com.android.server.StatusBarManagerService.addNotification:691 com.android.server.NotificationManagerService$7.run:2186 android.os.Handler.handleCallback:733 
11-05 16:40:33.431   728   728 D STATUSBAR-StatusBarManagerService: sendNotification(1) - 1096041576
11-05 16:40:33.441 15253 17639 D Aatp    : /task/877753cb2b877215c8558fd310beabc7546b6547
11-05 16:40:33.441 15253 15253 D AatpDeviceManager: taskStatus update (877753cb2b877215c8558fd310beabc7546b6547: {"state":1})
11-05 16:40:33.451 15253 15253 D AatpDeviceManager: taskStatus update (877753cb2b877215c8558fd310beabc7546b6547: {"result":{"rotation":0},"state":2})
11-05 16:40:33.451   728   728 D NotificationService: cancelNotificationLocked
11-05 16:40:33.451   728   728 D NotificationService:  hasClearableItems
11-05 16:40:33.451   728   728 D NotificationService: Num of hasClearableItems : 1
11-05 16:40:33.451   728   728 W ContextImpl: Calling a method in the system process without a qualified user: android.app.ContextImpl.sendBroadcast:1524 com.android.server.StatusBarManagerService.sendNotification:1002 com.android.server.StatusBarManagerService.removeNotification:727 com.android.server.NotificationManagerService.cancelNotificationLocked:2499 com.android.server.NotificationManagerService.access$5200:161 
11-05 16:40:33.451   728   728 D STATUSBAR-StatusBarManagerService: sendNotification(3) - 1096041576
11-05 16:40:33.451   728   728 D LightsService: [api] [SvcLED] turnOff:: id = 4 (uid: 1000 pid: 728) 
11-05 16:40:33.451   728   728 D LightsService: [SvcLED] setSvcLedStateLocked:: SvcLEDState : 0x0 -> 0x0 | SvcLED(id=4) set Off
11-05 16:40:33.451   728  1012 D LightsService: [SvcLED] Lux failed to be updated in 700ms. -> handleForcedSvcLEDTasK
11-05 16:40:33.451   728  1012 D LightsService: [SvcLED]  setSvcLedLightLocked :: Current SvcLED(id=3) maintains its priority right
11-05 16:40:33.461  1092  1092 D ProgressBar: setProgressDrawable drawableHeight = 0
11-05 16:40:33.461  1092  1092 D PhoneStatusBar: tick(): knoxCustomManager = android.app.enterprise.knoxcustom.KnoxCustomManager@425e2e70
11-05 16:40:33.471  1092  1092 D STATUSBAR-IconMerger: checkOverflow(360), More:false, Req:false Child:4
11-05 16:40:33.601  4232  4256 D ConnectivityManager: getActiveNetworkInfo : NetworkInfo: type: WIFI[], state: CONNECTED/CONNECTED, reason: (unspecified), extra: "9902014101", roaming: false, failover: false, isAvailable: true, isConnectedToProvisioningNetwork: false
11-05 16:40:33.611 15253 17651 D Aatp    : /task/877753cb2b877215c8558fd310beabc7546b6547/status
11-05 16:40:33.771   728  4437 I ActivityManager: Killing 16301:com.sec.tetheringprovision/u0a196 (adj 15): empty #31
11-05 16:40:33.911 15253 17658 D Aatp    : /default-rotation
11-05 16:40:33.921 15253 17658 D Aatp    : sha1: f2e78b0d5bdd0f1650f95249176be129632e0b1c
11-05 16:40:33.931   728   728 W ContextImpl: Calling a method in the system process without a qualified user: android.app.ContextImpl.sendBroadcast:1524 com.android.server.StatusBarManagerService.sendNotification:1002 com.android.server.StatusBarManagerService.addNotification:691 com.android.server.NotificationManagerService$7.run:2186 android.os.Handler.handleCallback:733 
11-05 16:40:33.941 15253 17658 D Aatp    : /task/f2e78b0d5bdd0f1650f95249176be129632e0b1c
11-05 16:40:33.941   728   728 D STATUSBAR-StatusBarManagerService: sendNotification(1) - 1096041577
11-05 16:40:33.951 15253 15253 D AatpDeviceManager: taskStatus update (f2e78b0d5bdd0f1650f95249176be129632e0b1c: {"state":1})
11-05 16:40:33.951 15253 15253 D AatpDeviceManager: taskStatus update (f2e78b0d5bdd0f1650f95249176be129632e0b1c: {"result":{"rotation":0},"state":2})
11-05 16:40:33.961   728   728 D NotificationService: cancelNotificationLocked
11-05 16:40:33.961   728   728 D NotificationService:  hasClearableItems
11-05 16:40:33.961   728   728 D NotificationService: Num of hasClearableItems : 1
11-05 16:40:33.961   728   728 W ContextImpl: Calling a method in the system process without a qualified user: android.app.ContextImpl.sendBroadcast:1524 com.android.server.StatusBarManagerService.sendNotification:1002 com.android.server.StatusBarManagerService.removeNotification:727 com.android.server.NotificationManagerService.cancelNotificationLocked:2499 com.android.server.NotificationManagerService.access$5200:161 
11-05 16:40:33.961   728   728 D STATUSBAR-StatusBarManagerService: sendNotification(3) - 1096041577
11-05 16:40:33.961   728   728 D LightsService: [api] [SvcLED] turnOff:: id = 4 (uid: 1000 pid: 728) 
11-05 16:40:33.961   728   728 D LightsService: [SvcLED] setSvcLedStateLocked:: SvcLEDState : 0x0 -> 0x0 | SvcLED(id=4) set Off
11-05 16:40:33.961   728  1012 D LightsService: [SvcLED] Lux failed to be updated in 700ms. -> handleForcedSvcLEDTasK
11-05 16:40:33.961   728  1012 D LightsService: [SvcLED]  setSvcLedLightLocked :: Current SvcLED(id=3) maintains its priority right
11-05 16:40:33.961  1092  1092 D ProgressBar: setProgressDrawable drawableHeight = 0
11-05 16:40:33.971  1092  1092 D PhoneStatusBar: tick(): knoxCustomManager = android.app.enterprise.knoxcustom.KnoxCustomManager@425e2e70
11-05 16:40:33.991  1092  1092 D STATUSBAR-IconMerger: checkOverflow(360), More:false, Req:false Child:4
11-05 16:40:34.081 16221 16447 D ConnectivityManager: getActiveNetworkInfo : NetworkInfo: type: WIFI[], state: CONNECTED/CONNECTED, reason: (unspecified), extra: "9902014101", roaming: false, failover: false, isAvailable: true, isConnectedToProvisioningNetwork: false
11-05 16:40:34.091 16221 16481 I qtaguid : Untagging socket 90
11-05 16:40:34.101 15253 17660 D Aatp    : /task/f2e78b0d5bdd0f1650f95249176be129632e0b1c/status
11-05 16:40:34.151 15253 15257 D dalvikvm: GC_CONCURRENT freed 1946K, 45% free 11587K/20804K, paused 3ms+1ms, total 21ms
11-05 16:40:34.171 16221 16481 I qtaguid : Tagging socket 90 with tag 3000040700000000{805307399,0} for uid 4294967295, pid: 16221, getuid(): 10015
11-05 16:40:34.271  4232  4256 D ConnectivityManager: getActiveNetworkInfo : NetworkInfo: type: WIFI[], state: CONNECTED/CONNECTED, reason: (unspecified), extra: "9902014101", roaming: false, failover: false, isAvailable: true, isConnectedToProvisioningNetwork: false
11-05 16:40:34.411 15253 17669 D Aatp    : /default-rotation
11-05 16:40:34.411 15253 17669 D Aatp    : sha1: 2ea447549e40fac1aed9e064c760878490dac615
11-05 16:40:34.421   728   728 W ContextImpl: Calling a method in the system process without a qualified user: android.app.ContextImpl.sendBroadcast:1524 com.android.server.StatusBarManagerService.sendNotification:1002 com.android.server.StatusBarManagerService.addNotification:691 com.android.server.NotificationManagerService$7.run:2186 android.os.Handler.handleCallback:733 
11-05 16:40:34.431 15253 17669 D Aatp    : /task/2ea447549e40fac1aed9e064c760878490dac615
11-05 16:40:34.431   728   728 D STATUSBAR-StatusBarManagerService: sendNotification(1) - 1096041578
11-05 16:40:34.441 15253 15253 D AatpDeviceManager: taskStatus update (2ea447549e40fac1aed9e064c760878490dac615: {"state":1})
11-05 16:40:34.441 15253 15253 D AatpDeviceManager: taskStatus update (2ea447549e40fac1aed9e064c760878490dac615: {"result":{"rotation":0},"state":2})
11-05 16:40:34.441   728   728 D NotificationService: cancelNotificationLocked
11-05 16:40:34.441   728   728 D NotificationService:  hasClearableItems
11-05 16:40:34.441   728   728 D NotificationService: Num of hasClearableItems : 1
11-05 16:40:34.441   728   728 W ContextImpl: Calling a method in the system process without a qualified user: android.app.ContextImpl.sendBroadcast:1524 com.android.server.StatusBarManagerService.sendNotification:1002 com.android.server.StatusBarManagerService.removeNotification:727 com.android.server.NotificationManagerService.cancelNotificationLocked:2499 com.android.server.NotificationManagerService.access$5200:161 
11-05 16:40:34.441   728   728 D STATUSBAR-StatusBarManagerService: sendNotification(3) - 1096041578
11-05 16:40:34.441   728   728 D LightsService: [api] [SvcLED] turnOff:: id = 4 (uid: 1000 pid: 728) 
11-05 16:40:34.441   728   728 D LightsService: [SvcLED] setSvcLedStateLocked:: SvcLEDState : 0x0 -> 0x0 | SvcLED(id=4) set Off
11-05 16:40:34.441   728  1012 D LightsService: [SvcLED] Lux failed to be updated in 700ms. -> handleForcedSvcLEDTasK
11-05 16:40:34.441   728  1012 D LightsService: [SvcLED]  setSvcLedLightLocked :: Current SvcLED(id=3) maintains its priority right
11-05 16:40:34.451  1092  1092 D ProgressBar: setProgressDrawable drawableHeight = 0
11-05 16:40:34.451  1092  1092 D PhoneStatusBar: tick(): knoxCustomManager = android.app.enterprise.knoxcustom.KnoxCustomManager@425e2e70
11-05 16:40:34.471  1092  1092 D STATUSBAR-IconMerger: checkOverflow(360), More:false, Req:false Child:4
11-05 16:40:34.591 15253 17676 D Aatp    : /task/2ea447549e40fac1aed9e064c760878490dac615/status
11-05 16:40:34.591   257   257 E SMD     : DCD ON
11-05 16:40:34.661   728   744 I ActivityManager: Killing 16610:com.cequint.ecid/u0a11 (adj 15): empty #31
11-05 16:40:34.741  4232  4256 D ConnectivityManager: getActiveNetworkInfo : NetworkInfo: type: WIFI[], state: CONNECTED/CONNECTED, reason: (unspecified), extra: "9902014101", roaming: false, failover: false, isAvailable: true, isConnectedToProvisioningNetwork: false
11-05 16:40:34.831   728  1179 I ActivityManager: Killing 16710:com.sec.pcw.device/1000 (adj 15): empty #31
11-05 16:40:34.841 16221 16481 I qtaguid : Untagging socket 90
11-05 16:40:34.861 16221 16447 D ConnectivityManager: getActiveNetworkInfo : NetworkInfo: type: WIFI[], state: CONNECTED/CONNECTED, reason: (unspecified), extra: "9902014101", roaming: false, failover: false, isAvailable: true, isConnectedToProvisioningNetwork: false
11-05 16:40:34.891 16221 16481 I qtaguid : Tagging socket 90 with tag 3000040700000000{805307399,0} for uid 4294967295, pid: 16221, getuid(): 10015
11-05 16:40:34.911 15253 17678 D Aatp    : /default-rotation
11-05 16:40:34.911 15253 17678 D Aatp    : sha1: 2c51791fadfb8bd710c0de0193f3b85307064432
11-05 16:40:34.921 15253 15253 D AatpDeviceManager: taskStatus update (2c51791fadfb8bd710c0de0193f3b85307064432: {"state":1})
11-05 16:40:34.921 15253 15253 D AatpDeviceManager: taskStatus update (2c51791fadfb8bd710c0de0193f3b85307064432: {"result":{"rotation":0},"state":2})
11-05 16:40:34.921   728   728 W ContextImpl: Calling a method in the system process without a qualified user: android.app.ContextImpl.sendBroadcast:1524 com.android.server.StatusBarManagerService.sendNotification:1002 com.android.server.StatusBarManagerService.addNotification:691 com.android.server.NotificationManagerService$7.run:2186 android.os.Handler.handleCallback:733 
11-05 16:40:34.921   728   728 D STATUSBAR-StatusBarManagerService: sendNotification(1) - 1096041579
11-05 16:40:34.931 15253 17678 D Aatp    : /task/2c51791fadfb8bd710c0de0193f3b85307064432
11-05 16:40:34.931   728   728 D NotificationService: cancelNotificationLocked
11-05 16:40:34.931   728   728 D NotificationService:  hasClearableItems
11-05 16:40:34.931   728   728 D NotificationService: Num of hasClearableItems : 1
11-05 16:40:34.931   728   728 W ContextImpl: Calling a method in the system process without a qualified user: android.app.ContextImpl.sendBroadcast:1524 com.android.server.StatusBarManagerService.sendNotification:1002 com.android.server.StatusBarManagerService.removeNotification:727 com.android.server.NotificationManagerService.cancelNotificationLocked:2499 com.android.server.NotificationManagerService.access$5200:161 
11-05 16:40:34.931   728   728 D STATUSBAR-StatusBarManagerService: sendNotification(3) - 1096041579
11-05 16:40:34.931   728   728 D LightsService: [api] [SvcLED] turnOff:: id = 4 (uid: 1000 pid: 728) 
11-05 16:40:34.931   728   728 D LightsService: [SvcLED] setSvcLedStateLocked:: SvcLEDState : 0x0 -> 0x0 | SvcLED(id=4) set Off
11-05 16:40:34.931   728  1012 D LightsService: [SvcLED] Lux failed to be updated in 700ms. -> handleForcedSvcLEDTasK
11-05 16:40:34.931   728  1012 D LightsService: [SvcLED]  setSvcLedLightLocked :: Current SvcLED(id=3) maintains its priority right
11-05 16:40:34.941  1092  1092 D ProgressBar: setProgressDrawable drawableHeight = 0
11-05 16:40:34.951  1092  1092 D PhoneStatusBar: tick(): knoxCustomManager = android.app.enterprise.knoxcustom.KnoxCustomManager@425e2e70
11-05 16:40:34.971  1092  1092 D STATUSBAR-IconMerger: checkOverflow(360), More:false, Req:false Child:4
11-05 16:40:35.051 15253 17680 D Aatp    : /task/2c51791fadfb8bd710c0de0193f3b85307064432/status
11-05 16:40:35.211  4232  4256 D ConnectivityManager: getActiveNetworkInfo : NetworkInfo: type: WIFI[], state: CONNECTED/CONNECTED, reason: (unspecified), extra: "9902014101", roaming: false, failover: false, isAvailable: true, isConnectedToProvisioningNetwork: false
11-05 16:40:35.411 15253 17685 D Aatp    : /default-rotation
11-05 16:40:35.431 15253 17685 D Aatp    : sha1: cabd0c485078b02df3804af74a09cdc47f63d588
11-05 16:40:35.451   728   728 W ContextImpl: Calling a method in the system process without a qualified user: android.app.ContextImpl.sendBroadcast:1524 com.android.server.StatusBarManagerService.sendNotification:1002 com.android.server.StatusBarManagerService.addNotification:691 com.android.server.NotificationManagerService$7.run:2186 android.os.Handler.handleCallback:733 
11-05 16:40:35.461   728   728 D STATUSBAR-StatusBarManagerService: sendNotification(1) - 1096041580
11-05 16:40:35.461 15253 15253 D AatpDeviceManager: taskStatus update (cabd0c485078b02df3804af74a09cdc47f63d588: {"state":1})
11-05 16:40:35.461 15253 15253 D AatpDeviceManager: taskStatus update (cabd0c485078b02df3804af74a09cdc47f63d588: {"result":{"rotation":0},"state":2})
11-05 16:40:35.471   728   728 D NotificationService: cancelNotificationLocked
11-05 16:40:35.471   728   728 D NotificationService:  hasClearableItems
11-05 16:40:35.471   728   728 D NotificationService: Num of hasClearableItems : 1
11-05 16:40:35.471   728   728 W ContextImpl: Calling a method in the system process without a qualified user: android.app.ContextImpl.sendBroadcast:1524 com.android.server.StatusBarManagerService.sendNotification:1002 com.android.server.StatusBarManagerService.removeNotification:727 com.android.server.NotificationManagerService.cancelNotificationLocked:2499 com.android.server.NotificationManagerService.access$5200:161 
11-05 16:40:35.471   728   728 D STATUSBAR-StatusBarManagerService: sendNotification(3) - 1096041580
11-05 16:40:35.471   728   728 D LightsService: [api] [SvcLED] turnOff:: id = 4 (uid: 1000 pid: 728) 
11-05 16:40:35.471   728   728 D LightsService: [SvcLED] setSvcLedStateLocked:: SvcLEDState : 0x0 -> 0x0 | SvcLED(id=4) set Off
11-05 16:40:35.471   728  1012 D LightsService: [SvcLED] Lux failed to be updated in 700ms. -> handleForcedSvcLEDTasK
11-05 16:40:35.471   728  1012 D LightsService: [SvcLED]  setSvcLedLightLocked :: Current SvcLED(id=3) maintains its priority right
11-05 16:40:35.481  1092  1092 D ProgressBar: setProgressDrawable drawableHeight = 0
11-05 16:40:35.491  1092  1092 D PhoneStatusBar: tick(): knoxCustomManager = android.app.enterprise.knoxcustom.KnoxCustomManager@425e2e70
11-05 16:40:35.501 15253 17685 D Aatp    : /task/cabd0c485078b02df3804af74a09cdc47f63d588
11-05 16:40:35.501  1092  1092 D STATUSBAR-IconMerger: checkOverflow(360), More:false, Req:false Child:4
11-05 16:40:35.591 15253 17700 D Aatp    : /task/cabd0c485078b02df3804af74a09cdc47f63d588/status
11-05 16:40:35.881  4232  4256 D ConnectivityManager: getActiveNetworkInfo : NetworkInfo: type: WIFI[], state: CONNECTED/CONNECTED, reason: (unspecified), extra: "9902014101", roaming: false, failover: false, isAvailable: true, isConnectedToProvisioningNetwork: false
11-05 16:40:35.891 16221 16481 I qtaguid : Untagging socket 90
11-05 16:40:35.901 16221 16447 D ConnectivityManager: getActiveNetworkInfo : NetworkInfo: type: WIFI[], state: CONNECTED/CONNECTED, reason: (unspecified), extra: "9902014101", roaming: false, failover: false, isAvailable: true, isConnectedToProvisioningNetwork: false
11-05 16:40:35.911 15253 17710 D Aatp    : /default-rotation
11-05 16:40:35.921 15253 17710 D Aatp    : sha1: d3e34a71273b233adc2f366936f0ab4cc476fe4f
11-05 16:40:35.941   728   728 W ContextImpl: Calling a method in the system process without a qualified user: android.app.ContextImpl.sendBroadcast:1524 com.android.server.StatusBarManagerService.sendNotification:1002 com.android.server.StatusBarManagerService.addNotification:691 com.android.server.NotificationManagerService$7.run:2186 android.os.Handler.handleCallback:733 
11-05 16:40:35.941   728   728 D STATUSBAR-StatusBarManagerService: sendNotification(1) - 1096041581
11-05 16:40:35.951 15253 15253 D AatpDeviceManager: taskStatus update (d3e34a71273b233adc2f366936f0ab4cc476fe4f: {"state":1})
11-05 16:40:35.951 15253 17710 D Aatp    : /task/d3e34a71273b233adc2f366936f0ab4cc476fe4f
11-05 16:40:35.951 15253 15253 D AatpDeviceManager: taskStatus update (d3e34a71273b233adc2f366936f0ab4cc476fe4f: {"result":{"rotation":0},"state":2})
11-05 16:40:35.951   728   728 D NotificationService: cancelNotificationLocked
11-05 16:40:35.951   728   728 D NotificationService:  hasClearableItems
11-05 16:40:35.951   728   728 D NotificationService: Num of hasClearableItems : 1
11-05 16:40:35.951   728   728 W ContextImpl: Calling a method in the system process without a qualified user: android.app.ContextImpl.sendBroadcast:1524 com.android.server.StatusBarManagerService.sendNotification:1002 com.android.server.StatusBarManagerService.removeNotification:727 com.android.server.NotificationManagerService.cancelNotificationLocked:2499 com.android.server.NotificationManagerService.access$5200:161 
11-05 16:40:35.951   728   728 D STATUSBAR-StatusBarManagerService: sendNotification(3) - 1096041581
11-05 16:40:35.961  1092  1092 D ProgressBar: setProgressDrawable drawableHeight = 0
11-05 16:40:35.961   728   728 D LightsService: [api] [SvcLED] turnOff:: id = 4 (uid: 1000 pid: 728) 
11-05 16:40:35.961   728   728 D LightsService: [SvcLED] setSvcLedStateLocked:: SvcLEDState : 0x0 -> 0x0 | SvcLED(id=4) set Off
11-05 16:40:35.961   728  1012 D LightsService: [SvcLED] Lux failed to be updated in 700ms. -> handleForcedSvcLEDTasK
11-05 16:40:35.961   728  1012 D LightsService: [SvcLED]  setSvcLedLightLocked :: Current SvcLED(id=3) maintains its priority right
11-05 16:40:35.961  1092  1092 D PhoneStatusBar: tick(): knoxCustomManager = android.app.enterprise.knoxcustom.KnoxCustomManager@425e2e70
11-05 16:40:35.971 16221 16481 I qtaguid : Tagging socket 90 with tag 3000040700000000{805307399,0} for uid 4294967295, pid: 16221, getuid(): 10015
11-05 16:40:35.981  1092  1092 D STATUSBAR-IconMerger: checkOverflow(360), More:false, Req:false Child:4
11-05 16:40:36.091 15253 17719 D Aatp    : /task/d3e34a71273b233adc2f366936f0ab4cc476fe4f/status
11-05 16:40:36.381  4232  4256 D ConnectivityManager: getActiveNetworkInfo : NetworkInfo: type: WIFI[], state: CONNECTED/CONNECTED, reason: (unspecified), extra: "9902014101", roaming: false, failover: false, isAvailable: true, isConnectedToProvisioningNetwork: false
11-05 16:40:36.411 15253 17726 D Aatp    : /default-rotation
11-05 16:40:36.421 15253 17726 D Aatp    : sha1: 1f7c631d8fd5e09145cb8ec69c8b54e2ceeaaf1a
11-05 16:40:36.441   728   728 W ContextImpl: Calling a method in the system process without a qualified user: android.app.ContextImpl.sendBroadcast:1524 com.android.server.StatusBarManagerService.sendNotification:1002 com.android.server.StatusBarManagerService.addNotification:691 com.android.server.NotificationManagerService$7.run:2186 android.os.Handler.handleCallback:733 
11-05 16:40:36.451 15253 17726 D Aatp    : /task/1f7c631d8fd5e09145cb8ec69c8b54e2ceeaaf1a
11-05 16:40:36.451   728   728 D STATUSBAR-StatusBarManagerService: sendNotification(1) - 1096041582
11-05 16:40:36.461  1092  1092 D ProgressBar: setProgressDrawable drawableHeight = 0
11-05 16:40:36.461 15253 15253 D AatpDeviceManager: taskStatus update (1f7c631d8fd5e09145cb8ec69c8b54e2ceeaaf1a: {"state":1})
11-05 16:40:36.461 15253 15253 D AatpDeviceManager: taskStatus update (1f7c631d8fd5e09145cb8ec69c8b54e2ceeaaf1a: {"result":{"rotation":0},"state":2})
11-05 16:40:36.471   728   728 D NotificationService: cancelNotificationLocked
11-05 16:40:36.471   728   728 D NotificationService:  hasClearableItems
11-05 16:40:36.471   728   728 D NotificationService: Num of hasClearableItems : 1
11-05 16:40:36.471   728   728 W ContextImpl: Calling a method in the system process without a qualified user: android.app.ContextImpl.sendBroadcast:1524 com.android.server.StatusBarManagerService.sendNotification:1002 com.android.server.StatusBarManagerService.removeNotification:727 com.android.server.NotificationManagerService.cancelNotificationLocked:2499 com.android.server.NotificationManagerService.access$5200:161 
11-05 16:40:36.471   728   728 D STATUSBAR-StatusBarManagerService: sendNotification(3) - 1096041582
11-05 16:40:36.471   728   728 D LightsService: [api] [SvcLED] turnOff:: id = 4 (uid: 1000 pid: 728) 
11-05 16:40:36.471   728   728 D LightsService: [SvcLED] setSvcLedStateLocked:: SvcLEDState : 0x0 -> 0x0 | SvcLED(id=4) set Off
11-05 16:40:36.471   728  1012 D LightsService: [SvcLED] Lux failed to be updated in 700ms. -> handleForcedSvcLEDTasK
11-05 16:40:36.471   728  1012 D LightsService: [SvcLED]  setSvcLedLightLocked :: Current SvcLED(id=3) maintains its priority right
11-05 16:40:36.481  1092  1092 D PhoneStatusBar: tick(): knoxCustomManager = android.app.enterprise.knoxcustom.KnoxCustomManager@425e2e70
11-05 16:40:36.501  1092  1092 D STATUSBAR-IconMerger: checkOverflow(360), More:false, Req:false Child:4
11-05 16:40:36.611 15253 17739 D Aatp    : /task/1f7c631d8fd5e09145cb8ec69c8b54e2ceeaaf1a/status
11-05 16:40:36.891  4232  4256 D ConnectivityManager: getActiveNetworkInfo : NetworkInfo: type: WIFI[], state: CONNECTED/CONNECTED, reason: (unspecified), extra: "9902014101", roaming: false, failover: false, isAvailable: true, isConnectedToProvisioningNetwork: false
11-05 16:40:36.911 15253 17748 D Aatp    : /default-rotation
11-05 16:40:36.931 15253 17748 D Aatp    : sha1: bb543fc586c9e89ef0cf91fed34a8bafd7995ddf
11-05 16:40:36.941 15253 15257 D dalvikvm: GC_CONCURRENT freed 1999K, 45% free 11575K/20804K, paused 8ms+3ms, total 37ms
11-05 16:40:36.971 15253 17748 D Aatp    : /task/bb543fc586c9e89ef0cf91fed34a8bafd7995ddf
11-05 16:40:36.991 15253 15253 D AatpDeviceManager: taskStatus update (bb543fc586c9e89ef0cf91fed34a8bafd7995ddf: {"state":1})
11-05 16:40:36.991   728   728 W ContextImpl: Calling a method in the system process without a qualified user: android.app.ContextImpl.sendBroadcast:1524 com.android.server.StatusBarManagerService.sendNotification:1002 com.android.server.StatusBarManagerService.addNotification:691 com.android.server.NotificationManagerService$7.run:2186 android.os.Handler.handleCallback:733 
11-05 16:40:37.001 15253 15253 D AatpDeviceManager: taskStatus update (bb543fc586c9e89ef0cf91fed34a8bafd7995ddf: {"result":{"rotation":0},"state":2})
11-05 16:40:37.001   728   728 D NotificationService: cancelNotificationLocked
11-05 16:40:37.001   728   728 D NotificationService:  hasClearableItems
11-05 16:40:37.001   728   728 D NotificationService: Num of hasClearableItems : 1
11-05 16:40:37.001   728   728 D STATUSBAR-StatusBarManagerService: sendNotification(1) - 1096041583
11-05 16:40:37.001   728   728 W ContextImpl: Calling a method in the system process without a qualified user: android.app.ContextImpl.sendBroadcast:1524 com.android.server.StatusBarManagerService.sendNotification:1002 com.android.server.StatusBarManagerService.removeNotification:727 com.android.server.NotificationManagerService.cancelNotificationLocked:2499 com.android.server.NotificationManagerService.access$5200:161 
11-05 16:40:37.001   728   728 D STATUSBAR-StatusBarManagerService: sendNotification(3) - 1096041583
11-05 16:40:37.001   728   728 D LightsService: [api] [SvcLED] turnOff:: id = 4 (uid: 1000 pid: 728) 
11-05 16:40:37.001   728   728 D LightsService: [SvcLED] setSvcLedStateLocked:: SvcLEDState : 0x0 -> 0x0 | SvcLED(id=4) set Off
11-05 16:40:37.001   728  1012 D LightsService: [SvcLED] Lux failed to be updated in 700ms. -> handleForcedSvcLEDTasK
11-05 16:40:37.001   728  1012 D LightsService: [SvcLED]  setSvcLedLightLocked :: Current SvcLED(id=3) maintains its priority right
11-05 16:40:37.011  1092  1092 D ProgressBar: setProgressDrawable drawableHeight = 0
11-05 16:40:37.011 16221 16481 I qtaguid : Untagging socket 90
11-05 16:40:37.021  1092  1092 D PhoneStatusBar: tick(): knoxCustomManager = android.app.enterprise.knoxcustom.KnoxCustomManager@425e2e70
11-05 16:40:37.031 16221 16447 D ConnectivityManager: getActiveNetworkInfo : NetworkInfo: type: WIFI[], state: CONNECTED/CONNECTED, reason: (unspecified), extra: "9902014101", roaming: false, failover: false, isAvailable: true, isConnectedToProvisioningNetwork: false
11-05 16:40:37.051  1092  1092 D STATUSBAR-IconMerger: checkOverflow(360), More:false, Req:false Child:4
11-05 16:40:37.081 16221 16481 I qtaguid : Tagging socket 90 with tag 3000040700000000{805307399,0} for uid 4294967295, pid: 16221, getuid(): 10015
11-05 16:40:37.091 15253 17760 D Aatp    : /task/bb543fc586c9e89ef0cf91fed34a8bafd7995ddf/status
11-05 16:40:37.101  4232  4236 D dalvikvm: GC_CONCURRENT freed 1940K, 39% free 12727K/20804K, paused 8ms+3ms, total 62ms
11-05 16:40:37.411 15253 17772 D Aatp    : /default-rotation
11-05 16:40:37.431 15253 17772 D Aatp    : sha1: 0cbf3e62d433955e73819a51597c9e59baa773a4
11-05 16:40:37.481 15253 17772 D Aatp    : /task/0cbf3e62d433955e73819a51597c9e59baa773a4
11-05 16:40:37.481   728   728 W ContextImpl: Calling a method in the system process without a qualified user: android.app.ContextImpl.sendBroadcast:1524 com.android.server.StatusBarManagerService.sendNotification:1002 com.android.server.StatusBarManagerService.addNotification:691 com.android.server.NotificationManagerService$7.run:2186 android.os.Handler.handleCallback:733 
11-05 16:40:37.491   728   728 D STATUSBAR-StatusBarManagerService: sendNotification(1) - 1096041584
11-05 16:40:37.491 15253 15253 D AatpDeviceManager: taskStatus update (0cbf3e62d433955e73819a51597c9e59baa773a4: {"state":1})
11-05 16:40:37.501 15253 15253 D AatpDeviceManager: taskStatus update (0cbf3e62d433955e73819a51597c9e59baa773a4: {"result":{"rotation":0},"state":2})
11-05 16:40:37.501   728   728 D NotificationService: cancelNotificationLocked
11-05 16:40:37.501   728   728 D NotificationService:  hasClearableItems
11-05 16:40:37.501   728   728 D NotificationService: Num of hasClearableItems : 1
11-05 16:40:37.501   728   728 W ContextImpl: Calling a method in the system process without a qualified user: android.app.ContextImpl.sendBroadcast:1524 com.android.server.StatusBarManagerService.sendNotification:1002 com.android.server.StatusBarManagerService.removeNotification:727 com.android.server.NotificationManagerService.cancelNotificationLocked:2499 com.android.server.NotificationManagerService.access$5200:161 
11-05 16:40:37.501   728   728 D STATUSBAR-StatusBarManagerService: sendNotification(3) - 1096041584
11-05 16:40:37.501   728   728 D LightsService: [api] [SvcLED] turnOff:: id = 4 (uid: 1000 pid: 728) 
11-05 16:40:37.501   728   728 D LightsService: [SvcLED] setSvcLedStateLocked:: SvcLEDState : 0x0 -> 0x0 | SvcLED(id=4) set Off
11-05 16:40:37.501   728  1012 D LightsService: [SvcLED] Lux failed to be updated in 700ms. -> handleForcedSvcLEDTasK
11-05 16:40:37.501   728  1012 D LightsService: [SvcLED]  setSvcLedLightLocked :: Current SvcLED(id=3) maintains its priority right
11-05 16:40:37.511  1092  1092 D ProgressBar: setProgressDrawable drawableHeight = 0
11-05 16:40:37.521  1092  1092 D PhoneStatusBar: tick(): knoxCustomManager = android.app.enterprise.knoxcustom.KnoxCustomManager@425e2e70
11-05 16:40:37.531  1092  1092 D STATUSBAR-IconMerger: checkOverflow(360), More:false, Req:false Child:4
11-05 16:40:37.581  4232  4256 D ConnectivityManager: getActiveNetworkInfo : NetworkInfo: type: WIFI[], state: CONNECTED/CONNECTED, reason: (unspecified), extra: "9902014101", roaming: false, failover: false, isAvailable: true, isConnectedToProvisioningNetwork: false
11-05 16:40:37.591   257   257 E SMD     : DCD ON
11-05 16:40:37.681 15253 17777 D Aatp    : /task/0cbf3e62d433955e73819a51597c9e59baa773a4/status
11-05 16:40:37.911 15253 17778 D Aatp    : /default-rotation
11-05 16:40:37.911 15253 17778 D Aatp    : sha1: debd0ffb60178fdfc5f820db9d076c8a2d774ee0
11-05 16:40:37.931   728   728 W ContextImpl: Calling a method in the system process without a qualified user: android.app.ContextImpl.sendBroadcast:1524 com.android.server.StatusBarManagerService.sendNotification:1002 com.android.server.StatusBarManagerService.addNotification:691 com.android.server.NotificationManagerService$7.run:2186 android.os.Handler.handleCallback:733 
11-05 16:40:37.931 15253 17778 D Aatp    : /task/debd0ffb60178fdfc5f820db9d076c8a2d774ee0
11-05 16:40:37.931   728   728 D STATUSBAR-StatusBarManagerService: sendNotification(1) - 1096041585
11-05 16:40:37.941 15253 15253 D AatpDeviceManager: taskStatus update (debd0ffb60178fdfc5f820db9d076c8a2d774ee0: {"state":1})
11-05 16:40:37.941 15253 15253 D AatpDeviceManager: taskStatus update (debd0ffb60178fdfc5f820db9d076c8a2d774ee0: {"result":{"rotation":0},"state":2})
11-05 16:40:37.941   728   728 D NotificationService: cancelNotificationLocked
11-05 16:40:37.941   728   728 D NotificationService:  hasClearableItems
11-05 16:40:37.941   728   728 D NotificationService: Num of hasClearableItems : 1
11-05 16:40:37.941   728   728 W ContextImpl: Calling a method in the system process without a qualified user: android.app.ContextImpl.sendBroadcast:1524 com.android.server.StatusBarManagerService.sendNotification:1002 com.android.server.StatusBarManagerService.removeNotification:727 com.android.server.NotificationManagerService.cancelNotificationLocked:2499 com.android.server.NotificationManagerService.access$5200:161 
11-05 16:40:37.941   728   728 D STATUSBAR-StatusBarManagerService: sendNotification(3) - 1096041585
11-05 16:40:37.941   728   728 D LightsService: [api] [SvcLED] turnOff:: id = 4 (uid: 1000 pid: 728) 
11-05 16:40:37.941   728   728 D LightsService: [SvcLED] setSvcLedStateLocked:: SvcLEDState : 0x0 -> 0x0 | SvcLED(id=4) set Off
11-05 16:40:37.941   728  1012 D LightsService: [SvcLED] Lux failed to be updated in 700ms. -> handleForcedSvcLEDTasK
11-05 16:40:37.941   728  1012 D LightsService: [SvcLED]  setSvcLedLightLocked :: Current SvcLED(id=3) maintains its priority right
11-05 16:40:37.951  1092  1092 D ProgressBar: setProgressDrawable drawableHeight = 0
11-05 16:40:37.961  1092  1092 D PhoneStatusBar: tick(): knoxCustomManager = android.app.enterprise.knoxcustom.KnoxCustomManager@425e2e70
11-05 16:40:37.971  1092  1092 D STATUSBAR-IconMerger: checkOverflow(360), More:false, Req:false Child:4
11-05 16:40:38.091 15253 17780 D Aatp    : /task/debd0ffb60178fdfc5f820db9d076c8a2d774ee0/status
11-05 16:40:38.101  4232  4256 D ConnectivityManager: getActiveNetworkInfo : NetworkInfo: type: WIFI[], state: CONNECTED/CONNECTED, reason: (unspecified), extra: "9902014101", roaming: false, failover: false, isAvailable: true, isConnectedToProvisioningNetwork: false
11-05 16:40:38.111 16221 16447 D ConnectivityManager: getActiveNetworkInfo : NetworkInfo: type: WIFI[], state: CONNECTED/CONNECTED, reason: (unspecified), extra: "9902014101", roaming: false, failover: false, isAvailable: true, isConnectedToProvisioningNetwork: false
11-05 16:40:38.111 16221 16481 I qtaguid : Untagging socket 90
11-05 16:40:38.171 16221 16481 I qtaguid : Tagging socket 90 with tag 3000040700000000{805307399,0} for uid 4294967295, pid: 16221, getuid(): 10015
11-05 16:40:38.191 16221 16225 D dalvikvm: GC_CONCURRENT freed 2160K, 36% free 13395K/20804K, paused 3ms+4ms, total 37ms
11-05 16:40:38.411 15253 17797 D Aatp    : /default-rotation
11-05 16:40:38.411 15253 17797 D Aatp    : sha1: b9db05b22dc7dd0670fe54ea0e113a998aae9459
11-05 16:40:38.421   728   728 W ContextImpl: Calling a method in the system process without a qualified user: android.app.ContextImpl.sendBroadcast:1524 com.android.server.StatusBarManagerService.sendNotification:1002 com.android.server.StatusBarManagerService.addNotification:691 com.android.server.NotificationManagerService$7.run:2186 android.os.Handler.handleCallback:733 
11-05 16:40:38.431   728   728 D STATUSBAR-StatusBarManagerService: sendNotification(1) - 1096041586
11-05 16:40:38.431 15253 17797 D Aatp    : /task/b9db05b22dc7dd0670fe54ea0e113a998aae9459
11-05 16:40:38.441 15253 15253 D AatpDeviceManager: taskStatus update (b9db05b22dc7dd0670fe54ea0e113a998aae9459: {"state":1})
11-05 16:40:38.441 15253 15253 D AatpDeviceManager: taskStatus update (b9db05b22dc7dd0670fe54ea0e113a998aae9459: {"result":{"rotation":0},"state":2})
11-05 16:40:38.441   728   728 D NotificationService: cancelNotificationLocked
11-05 16:40:38.441   728   728 D NotificationService:  hasClearableItems
11-05 16:40:38.441   728   728 D NotificationService: Num of hasClearableItems : 1
11-05 16:40:38.441   728   728 W ContextImpl: Calling a method in the system process without a qualified user: android.app.ContextImpl.sendBroadcast:1524 com.android.server.StatusBarManagerService.sendNotification:1002 com.android.server.StatusBarManagerService.removeNotification:727 com.android.server.NotificationManagerService.cancelNotificationLocked:2499 com.android.server.NotificationManagerService.access$5200:161 
11-05 16:40:38.441   728   728 D STATUSBAR-StatusBarManagerService: sendNotification(3) - 1096041586
11-05 16:40:38.441   728   728 D LightsService: [api] [SvcLED] turnOff:: id = 4 (uid: 1000 pid: 728) 
11-05 16:40:38.441   728   728 D LightsService: [SvcLED] setSvcLedStateLocked:: SvcLEDState : 0x0 -> 0x0 | SvcLED(id=4) set Off
11-05 16:40:38.441   728  1012 D LightsService: [SvcLED] Lux failed to be updated in 700ms. -> handleForcedSvcLEDTasK
11-05 16:40:38.441   728  1012 D LightsService: [SvcLED]  setSvcLedLightLocked :: Current SvcLED(id=3) maintains its priority right
11-05 16:40:38.451  1092  1092 D ProgressBar: setProgressDrawable drawableHeight = 0
11-05 16:40:38.451  1092  1092 D PhoneStatusBar: tick(): knoxCustomManager = android.app.enterprise.knoxcustom.KnoxCustomManager@425e2e70
11-05 16:40:38.471  1092  1092 D STATUSBAR-IconMerger: checkOverflow(360), More:false, Req:false Child:4
11-05 16:40:38.571 15253 17805 D Aatp    : /task/b9db05b22dc7dd0670fe54ea0e113a998aae9459/status
11-05 16:40:38.691  4232  4256 D ConnectivityManager: getActiveNetworkInfo : NetworkInfo: type: WIFI[], state: CONNECTED/CONNECTED, reason: (unspecified), extra: "9902014101", roaming: false, failover: false, isAvailable: true, isConnectedToProvisioningNetwork: false
11-05 16:40:38.911 15253 17810 D Aatp    : /default-rotation
11-05 16:40:38.951   728  1340 D BatteryService: level:100, scale:100, status:5, health:2, present:true, voltage: 4381, temperature: 222, technology: Li-ion, AC powered:false, USB powered:true, Wireless powered:false, icon:17303772, invalid charger:0, online:4, current avg:450, charge type:1, power sharing:false, high voltage charger:false
11-05 16:40:38.951   728   728 D BatteryService: Sending ACTION_BATTERY_CHANGED.
11-05 16:40:38.961  1092  1092 D KeyguardUpdateMonitor: received broadcast android.intent.action.BATTERY_CHANGED
11-05 16:40:38.961  1092  1092 D KeyguardUpdateMonitor: handleBatteryUpdate
11-05 16:40:38.961   728   728 D UiModeManager: mCoverManager.getCoverState() : true
11-05 16:40:38.971  1405  1405 D BatteryMonitor: new battery level: 100
11-05 16:40:38.981  3948  3948 V HeadsetService: HeadsetService - Received Intent.ACTION_BATTERY_CHANGED
11-05 16:40:38.981  3948 16573 D HeadsetStateMachine: Disconnected process message: 10
11-05 16:40:38.981  1092  1092 D STATUSBAR-PhoneStatusBar:  mBrightnessEnablebySettings = true mBrightnessEnablebyBattery = true mBrightnessEnablebyDisableFlag = true mPmsBrightnessEnablebySettings = true
11-05 16:40:38.981  1092  1092 D STATUSBAR-IconMerger: checkOverflow(360), More:false, Req:false Child:4
11-05 16:40:38.991 15253 17810 D Aatp    : sha1: 6f55873e9737b483ab6c2420fa0bad66fc080d9c
11-05 16:40:39.001  1092  1092 D BatteryMeterView: ACTION_BATTERY_CHANGED : level:100 status:5 health:2
11-05 16:40:39.011   728   728 W ContextImpl: Calling a method in the system process without a qualified user: android.app.ContextImpl.sendBroadcast:1524 com.android.server.StatusBarManagerService.sendNotification:1002 com.android.server.StatusBarManagerService.addNotification:691 com.android.server.NotificationManagerService$7.run:2186 android.os.Handler.handleCallback:733 
11-05 16:40:39.011   728   728 D STATUSBAR-StatusBarManagerService: sendNotification(1) - 1096041587
11-05 16:40:39.041 15253 15253 D AatpDeviceManager: taskStatus update (6f55873e9737b483ab6c2420fa0bad66fc080d9c: {"state":1})
11-05 16:40:39.041 15253 17810 D Aatp    : /task/6f55873e9737b483ab6c2420fa0bad66fc080d9c
11-05 16:40:39.051 15253 15253 D AatpDeviceManager: taskStatus update (6f55873e9737b483ab6c2420fa0bad66fc080d9c: {"result":{"rotation":0},"state":2})
11-05 16:40:39.051   728   728 D NotificationService: cancelNotificationLocked
11-05 16:40:39.051   728   728 D NotificationService:  hasClearableItems
11-05 16:40:39.051   728   728 D NotificationService: Num of hasClearableItems : 1
11-05 16:40:39.051   728   728 W ContextImpl: Calling a method in the system process without a qualified user: android.app.ContextImpl.sendBroadcast:1524 com.android.server.StatusBarManagerService.sendNotification:1002 com.android.server.StatusBarManagerService.removeNotification:727 com.android.server.NotificationManagerService.cancelNotificationLocked:2499 com.android.server.NotificationManagerService.access$5200:161 
11-05 16:40:39.051   728   728 D STATUSBAR-StatusBarManagerService: sendNotification(3) - 1096041587
11-05 16:40:39.051   728   728 D LightsService: [api] [SvcLED] turnOff:: id = 4 (uid: 1000 pid: 728) 
11-05 16:40:39.051   728   728 D LightsService: [SvcLED] setSvcLedStateLocked:: SvcLEDState : 0x0 -> 0x0 | SvcLED(id=4) set Off
11-05 16:40:39.051   728  1012 D LightsService: [SvcLED] Lux failed to be updated in 700ms. -> handleForcedSvcLEDTasK
11-05 16:40:39.051   728  1012 D LightsService: [SvcLED]  setSvcLedLightLocked :: Current SvcLED(id=3) maintains its priority right
11-05 16:40:39.061  1092  1092 D ProgressBar: setProgressDrawable drawableHeight = 0
11-05 16:40:39.071  1092  1092 D PhoneStatusBar: tick(): knoxCustomManager = android.app.enterprise.knoxcustom.KnoxCustomManager@425e2e70
11-05 16:40:39.081  1092  1092 D STATUSBAR-IconMerger: checkOverflow(360), More:false, Req:false Child:4
11-05 16:40:39.171 15253 17828 D Aatp    : /task/6f55873e9737b483ab6c2420fa0bad66fc080d9c/status
11-05 16:40:39.331  4232  4256 D ConnectivityManager: getActiveNetworkInfo : NetworkInfo: type: WIFI[], state: CONNECTED/CONNECTED, reason: (unspecified), extra: "9902014101", roaming: false, failover: false, isAvailable: true, isConnectedToProvisioningNetwork: false
11-05 16:40:39.351   728  1326 D dalvikvm: GC_EXPLICIT freed 4345K, 33% free 35447K/52448K, paused 5ms+12ms, total 213ms
11-05 16:40:39.351 16221 16481 I qtaguid : Untagging socket 90
11-05 16:40:39.351 16221 16447 D ConnectivityManager: getActiveNetworkInfo : NetworkInfo: type: WIFI[], state: CONNECTED/CONNECTED, reason: (unspecified), extra: "9902014101", roaming: false, failover: false, isAvailable: true, isConnectedToProvisioningNetwork: false
11-05 16:40:39.391 16221 16481 I qtaguid : Tagging socket 90 with tag 3000040700000000{805307399,0} for uid 4294967295, pid: 16221, getuid(): 10015
11-05 16:40:39.411 15253 17834 D Aatp    : /default-rotation
11-05 16:40:39.411 15253 17834 D Aatp    : sha1: ef0dea2a1f63be27890ba94f1347dce529b10eed
11-05 16:40:39.431 15253 15253 D AatpDeviceManager: taskStatus update (ef0dea2a1f63be27890ba94f1347dce529b10eed: {"state":1})
11-05 16:40:39.441 15253 15253 D AatpDeviceManager: taskStatus update (ef0dea2a1f63be27890ba94f1347dce529b10eed: {"result":{"rotation":0},"state":2})
11-05 16:40:39.441   728   728 W ContextImpl: Calling a method in the system process without a qualified user: android.app.ContextImpl.sendBroadcast:1524 com.android.server.StatusBarManagerService.sendNotification:1002 com.android.server.StatusBarManagerService.addNotification:691 com.android.server.NotificationManagerService$7.run:2186 android.os.Handler.handleCallback:733 
11-05 16:40:39.441   728   728 D STATUSBAR-StatusBarManagerService: sendNotification(1) - 1096041588
11-05 16:40:39.441   728   728 W ContextImpl: Calling a method in the system process without a qualified user: android.app.ContextImpl.sendBroadcast:1524 com.android.server.StatusBarManagerService.sendNotification:1002 com.android.server.StatusBarManagerService.removeNotification:727 com.android.server.NotificationManagerService.cancelNotificationLocked:2499 com.android.server.NotificationManagerService.access$5200:161 
11-05 16:40:39.451 15253 17834 D Aatp    : /task/ef0dea2a1f63be27890ba94f1347dce529b10eed
11-05 16:40:39.451   728   728 D NotificationService: cancelNotificationLocked
11-05 16:40:39.451   728   728 D NotificationService:  hasClearableItems
11-05 16:40:39.451   728   728 D NotificationService: Num of hasClearableItems : 1
11-05 16:40:39.451   728   728 D STATUSBAR-StatusBarManagerService: sendNotification(3) - 1096041588
11-05 16:40:39.451   728   728 D LightsService: [api] [SvcLED] turnOff:: id = 4 (uid: 1000 pid: 728) 
11-05 16:40:39.451   728   728 D LightsService: [SvcLED] setSvcLedStateLocked:: SvcLEDState : 0x0 -> 0x0 | SvcLED(id=4) set Off
