11-05 16:41:10.511  1092  1092 D PhoneStatusBar: tick(): knoxCustomManager = android.app.enterprise.knoxcustom.KnoxCustomManager@425e2e70
11-05 16:41:10.541  1092  1092 D STATUSBAR-IconMerger: checkOverflow(360), More:false, Req:false Child:4
11-05 16:41:10.601   257   257 E SMD     : DCD ON
11-05 16:41:10.631 15253 18734 D Aatp    : /task/bf2281dfe776eca2db0fbdb3b660f7d3ffa017ce/status
11-05 16:41:10.941 15253 18735 D Aatp    : /default-rotation
11-05 16:41:10.971 15253 18735 D Aatp    : sha1: d777949c092bef3670df4387b6d8ca6e5e9c1bd6
11-05 16:41:10.991   728   728 W ContextImpl: Calling a method in the system process without a qualified user: android.app.ContextImpl.sendBroadcast:1524 com.android.server.StatusBarManagerService.sendNotification:1002 com.android.server.StatusBarManagerService.addNotification:691 com.android.server.NotificationManagerService$7.run:2186 android.os.Handler.handleCallback:733 
11-05 16:41:10.991   728   728 D STATUSBAR-StatusBarManagerService: sendNotification(1) - 1096041651
11-05 16:41:11.001 15253 15253 D AatpDeviceManager: taskStatus update (d777949c092bef3670df4387b6d8ca6e5e9c1bd6: {"state":1})
11-05 16:41:11.001 15253 15253 D AatpDeviceManager: taskStatus update (d777949c092bef3670df4387b6d8ca6e5e9c1bd6: {"result":{"rotation":0},"state":2})
11-05 16:41:11.001   728   728 D NotificationService: cancelNotificationLocked
11-05 16:41:11.001   728   728 D NotificationService:  hasClearableItems
11-05 16:41:11.001   728   728 D NotificationService: Num of hasClearableItems : 1
11-05 16:41:11.001   728   728 W ContextImpl: Calling a method in the system process without a qualified user: android.app.ContextImpl.sendBroadcast:1524 com.android.server.StatusBarManagerService.sendNotification:1002 com.android.server.StatusBarManagerService.removeNotification:727 com.android.server.NotificationManagerService.cancelNotificationLocked:2499 com.android.server.NotificationManagerService.access$5200:161 
11-05 16:41:11.001   728   728 D STATUSBAR-StatusBarManagerService: sendNotification(3) - 1096041651
11-05 16:41:11.001   728   728 D LightsService: [api] [SvcLED] turnOff:: id = 4 (uid: 1000 pid: 728) 
11-05 16:41:11.011  1092  1092 D ProgressBar: setProgressDrawable drawableHeight = 0
11-05 16:41:11.011   728   728 D LightsService: [SvcLED] setSvcLedStateLocked:: SvcLEDState : 0x0 -> 0x0 | SvcLED(id=4) set Off
11-05 16:41:11.011   728  1012 D LightsService: [SvcLED] Lux failed to be updated in 700ms. -> handleForcedSvcLEDTasK
11-05 16:41:11.011   728  1012 D LightsService: [SvcLED]  setSvcLedLightLocked :: Current SvcLED(id=3) maintains its priority right
11-05 16:41:11.031 15253 15257 D dalvikvm: GC_CONCURRENT freed 2053K, 45% free 11616K/20804K, paused 16ms+6ms, total 104ms
11-05 16:41:11.031 15253 18735 D dalvikvm: WAIT_FOR_CONCURRENT_GC blocked 38ms
11-05 16:41:11.031 15253 18735 D Aatp    : /task/d777949c092bef3670df4387b6d8ca6e5e9c1bd6
11-05 16:41:11.031  1092  1092 D PhoneStatusBar: tick(): knoxCustomManager = android.app.enterprise.knoxcustom.KnoxCustomManager@425e2e70
11-05 16:41:11.061  1092  1092 D STATUSBAR-IconMerger: checkOverflow(360), More:false, Req:false Child:4
11-05 16:41:11.171 15253 18743 D Aatp    : /task/d777949c092bef3670df4387b6d8ca6e5e9c1bd6/status
11-05 16:41:11.431 15253 18747 D Aatp    : /default-rotation
11-05 16:41:11.461 15253 18747 D Aatp    : sha1: bb51c3285e18cd6c9c45d2ac35d8388b8ec70ed1
11-05 16:41:11.501 15253 18747 D Aatp    : /task/bb51c3285e18cd6c9c45d2ac35d8388b8ec70ed1
11-05 16:41:11.511   728   728 W ContextImpl: Calling a method in the system process without a qualified user: android.app.ContextImpl.sendBroadcast:1524 com.android.server.StatusBarManagerService.sendNotification:1002 com.android.server.StatusBarManagerService.addNotification:691 com.android.server.NotificationManagerService$7.run:2186 android.os.Handler.handleCallback:733 
11-05 16:41:11.511   728   728 D STATUSBAR-StatusBarManagerService: sendNotification(1) - 1096041652
11-05 16:41:11.521 15253 15253 D AatpDeviceManager: taskStatus update (bb51c3285e18cd6c9c45d2ac35d8388b8ec70ed1: {"state":1})
11-05 16:41:11.531 15253 15253 D AatpDeviceManager: taskStatus update (bb51c3285e18cd6c9c45d2ac35d8388b8ec70ed1: {"result":{"rotation":0},"state":2})
11-05 16:41:11.541   728   728 W ContextImpl: Calling a method in the system process without a qualified user: android.app.ContextImpl.sendBroadcast:1524 com.android.server.StatusBarManagerService.sendNotification:1002 com.android.server.StatusBarManagerService.removeNotification:727 com.android.server.NotificationManagerService.cancelNotificationLocked:2499 com.android.server.NotificationManagerService.access$5200:161 
11-05 16:41:11.541   728   728 D NotificationService: cancelNotificationLocked
11-05 16:41:11.541   728   728 D NotificationService:  hasClearableItems
11-05 16:41:11.541   728   728 D NotificationService: Num of hasClearableItems : 1
11-05 16:41:11.541   728   728 D STATUSBAR-StatusBarManagerService: sendNotification(3) - 1096041652
11-05 16:41:11.541   728   728 D LightsService: [api] [SvcLED] turnOff:: id = 4 (uid: 1000 pid: 728) 
11-05 16:41:11.541   728   728 D LightsService: [SvcLED] setSvcLedStateLocked:: SvcLEDState : 0x0 -> 0x0 | SvcLED(id=4) set Off
11-05 16:41:11.541   728  1012 D LightsService: [SvcLED] Lux failed to be updated in 700ms. -> handleForcedSvcLEDTasK
11-05 16:41:11.541   728  1012 D LightsService: [SvcLED]  setSvcLedLightLocked :: Current SvcLED(id=3) maintains its priority right
11-05 16:41:11.561  1092  1092 D ProgressBar: setProgressDrawable drawableHeight = 0
11-05 16:41:11.581  1092  1092 D PhoneStatusBar: tick(): knoxCustomManager = android.app.enterprise.knoxcustom.KnoxCustomManager@425e2e70
11-05 16:41:11.611  1092  1092 D STATUSBAR-IconMerger: checkOverflow(360), More:false, Req:false Child:4
11-05 16:41:11.701 15253 18760 D Aatp    : /task/bb51c3285e18cd6c9c45d2ac35d8388b8ec70ed1/status
11-05 16:41:11.931 15253 18761 D Aatp    : /default-rotation
11-05 16:41:11.941 15253 18761 D Aatp    : sha1: 192d7e90c4121781df48d375dbff95f2590269a7
11-05 16:41:11.971 15253 15253 D AatpDeviceManager: taskStatus update (192d7e90c4121781df48d375dbff95f2590269a7: {"state":1})
11-05 16:41:11.971 15253 15253 D AatpDeviceManager: taskStatus update (192d7e90c4121781df48d375dbff95f2590269a7: {"result":{"rotation":0},"state":2})
11-05 16:41:11.971 15253 18761 D Aatp    : /task/192d7e90c4121781df48d375dbff95f2590269a7
11-05 16:41:11.971   728   728 W ContextImpl: Calling a method in the system process without a qualified user: android.app.ContextImpl.sendBroadcast:1524 com.android.server.StatusBarManagerService.sendNotification:1002 com.android.server.StatusBarManagerService.addNotification:691 com.android.server.NotificationManagerService$7.run:2186 android.os.Handler.handleCallback:733 
11-05 16:41:11.971   728   728 D STATUSBAR-StatusBarManagerService: sendNotification(1) - 1096041653
11-05 16:41:11.981   728   728 D NotificationService: cancelNotificationLocked
11-05 16:41:11.981   728   728 D NotificationService:  hasClearableItems
11-05 16:41:11.981   728   728 D NotificationService: Num of hasClearableItems : 1
11-05 16:41:11.981   728   728 W ContextImpl: Calling a method in the system process without a qualified user: android.app.ContextImpl.sendBroadcast:1524 com.android.server.StatusBarManagerService.sendNotification:1002 com.android.server.StatusBarManagerService.removeNotification:727 com.android.server.NotificationManagerService.cancelNotificationLocked:2499 com.android.server.NotificationManagerService.access$5200:161 
11-05 16:41:11.981   728   728 D STATUSBAR-StatusBarManagerService: sendNotification(3) - 1096041653
11-05 16:41:11.991   728   728 D LightsService: [api] [SvcLED] turnOff:: id = 4 (uid: 1000 pid: 728) 
11-05 16:41:11.991   728   728 D LightsService: [SvcLED] setSvcLedStateLocked:: SvcLEDState : 0x0 -> 0x0 | SvcLED(id=4) set Off
11-05 16:41:11.991   728  1012 D LightsService: [SvcLED] Lux failed to be updated in 700ms. -> handleForcedSvcLEDTasK
11-05 16:41:11.991   728  1012 D LightsService: [SvcLED]  setSvcLedLightLocked :: Current SvcLED(id=3) maintains its priority right
11-05 16:41:12.021  1092  1092 D ProgressBar: setProgressDrawable drawableHeight = 0
11-05 16:41:12.031  1092  1092 D PhoneStatusBar: tick(): knoxCustomManager = android.app.enterprise.knoxcustom.KnoxCustomManager@425e2e70
11-05 16:41:12.051  1092  1092 D STATUSBAR-IconMerger: checkOverflow(360), More:false, Req:false Child:4
11-05 16:41:12.111 15253 18763 D Aatp    : /task/192d7e90c4121781df48d375dbff95f2590269a7/status
11-05 16:41:12.431 15253 18770 D Aatp    : /default-rotation
11-05 16:41:12.451 15253 18770 D Aatp    : sha1: a14b01bcd8e0aea56aba12b0bdcb4b6b06238f63
11-05 16:41:12.471 15253 18770 D Aatp    : /task/a14b01bcd8e0aea56aba12b0bdcb4b6b06238f63
11-05 16:41:12.491   728   728 W ContextImpl: Calling a method in the system process without a qualified user: android.app.ContextImpl.sendBroadcast:1524 com.android.server.StatusBarManagerService.sendNotification:1002 com.android.server.StatusBarManagerService.addNotification:691 com.android.server.NotificationManagerService$7.run:2186 android.os.Handler.handleCallback:733 
11-05 16:41:12.491   728   728 D STATUSBAR-StatusBarManagerService: sendNotification(1) - 1096041654
11-05 16:41:12.521 15253 15253 D AatpDeviceManager: taskStatus update (a14b01bcd8e0aea56aba12b0bdcb4b6b06238f63: {"state":1})
11-05 16:41:12.521 15253 15253 D AatpDeviceManager: taskStatus update (a14b01bcd8e0aea56aba12b0bdcb4b6b06238f63: {"result":{"rotation":0},"state":2})
11-05 16:41:12.521   728   728 W ContextImpl: Calling a method in the system process without a qualified user: android.app.ContextImpl.sendBroadcast:1524 com.android.server.StatusBarManagerService.sendNotification:1002 com.android.server.StatusBarManagerService.removeNotification:727 com.android.server.NotificationManagerService.cancelNotificationLocked:2499 com.android.server.NotificationManagerService.access$5200:161 
11-05 16:41:12.531   728   728 D NotificationService: cancelNotificationLocked
11-05 16:41:12.531   728   728 D NotificationService:  hasClearableItems
11-05 16:41:12.531   728   728 D NotificationService: Num of hasClearableItems : 1
11-05 16:41:12.531  1092  1092 D ProgressBar: setProgressDrawable drawableHeight = 0
11-05 16:41:12.531   728   728 D STATUSBAR-StatusBarManagerService: sendNotification(3) - 1096041654
11-05 16:41:12.531   728   728 D LightsService: [api] [SvcLED] turnOff:: id = 4 (uid: 1000 pid: 728) 
11-05 16:41:12.531   728   728 D LightsService: [SvcLED] setSvcLedStateLocked:: SvcLEDState : 0x0 -> 0x0 | SvcLED(id=4) set Off
11-05 16:41:12.531   728  1012 D LightsService: [SvcLED] Lux failed to be updated in 700ms. -> handleForcedSvcLEDTasK
11-05 16:41:12.531   728  1012 D LightsService: [SvcLED]  setSvcLedLightLocked :: Current SvcLED(id=3) maintains its priority right
11-05 16:41:12.571  1092  1092 D PhoneStatusBar: tick(): knoxCustomManager = android.app.enterprise.knoxcustom.KnoxCustomManager@425e2e70
11-05 16:41:12.581  1092  1092 D STATUSBAR-IconMerger: checkOverflow(360), More:false, Req:false Child:4
11-05 16:41:12.621   728  1106 D lights  : button : 0 +
11-05 16:41:12.661   728  1106 D lights  : button : 0 -
11-05 16:41:12.661 15253 18774 D Aatp    : /task/a14b01bcd8e0aea56aba12b0bdcb4b6b06238f63/status
11-05 16:41:12.841 18771 18771 D AndroidRuntime: 
11-05 16:41:12.841 18771 18771 D AndroidRuntime: >>>>>> AndroidRuntime START com.android.internal.os.RuntimeInit <<<<<<
11-05 16:41:12.841 18771 18771 D AndroidRuntime: CheckJNI is OFF
11-05 16:41:12.841 18771 18771 D AndroidRuntime: setted country_code = USA
11-05 16:41:12.841 18771 18771 D AndroidRuntime: setted countryiso_code = US
11-05 16:41:12.851 18771 18771 D AndroidRuntime: setted sales_code = ATT
11-05 16:41:12.851 18771 18771 D AndroidRuntime: readGMSProperty: start
11-05 16:41:12.851 18771 18771 D AndroidRuntime: readGMSProperty: already setted!!
11-05 16:41:12.851 18771 18771 D AndroidRuntime: readGMSProperty: end
11-05 16:41:12.851 18771 18771 D AndroidRuntime: addProductProperty: start
11-05 16:41:12.871 18771 18771 D dalvikvm: Trying to load lib libjavacore.so 0x0
11-05 16:41:12.871 18771 18771 D dalvikvm: Added shared lib libjavacore.so 0x0
11-05 16:41:12.871 18771 18771 D dalvikvm: Trying to load lib libnativehelper.so 0x0
11-05 16:41:12.871 18771 18771 D dalvikvm: Added shared lib libnativehelper.so 0x0
11-05 16:41:12.871 18771 18771 D dalvikvm: No JNI_OnLoad found in libnativehelper.so 0x0, skipping init
11-05 16:41:12.931 15253 18792 D Aatp    : /default-rotation
11-05 16:41:12.941 15253 18792 D Aatp    : sha1: ba7d6a83414c6c5297f3580d1ead44c46433ba14
11-05 16:41:12.951 15253 15253 D AatpDeviceManager: taskStatus update (ba7d6a83414c6c5297f3580d1ead44c46433ba14: {"state":1})
11-05 16:41:12.951 15253 15253 D AatpDeviceManager: taskStatus update (ba7d6a83414c6c5297f3580d1ead44c46433ba14: {"result":{"rotation":0},"state":2})
11-05 16:41:12.951   728   728 W ContextImpl: Calling a method in the system process without a qualified user: android.app.ContextImpl.sendBroadcast:1524 com.android.server.StatusBarManagerService.sendNotification:1002 com.android.server.StatusBarManagerService.addNotification:691 com.android.server.NotificationManagerService$7.run:2186 android.os.Handler.handleCallback:733 
11-05 16:41:12.951   728   728 D STATUSBAR-StatusBarManagerService: sendNotification(1) - 1096041655
11-05 16:41:12.961 15253 18792 D Aatp    : /task/ba7d6a83414c6c5297f3580d1ead44c46433ba14
11-05 16:41:12.971   728   728 W ContextImpl: Calling a method in the system process without a qualified user: android.app.ContextImpl.sendBroadcast:1524 com.android.server.StatusBarManagerService.sendNotification:1002 com.android.server.StatusBarManagerService.removeNotification:727 com.android.server.NotificationManagerService.cancelNotificationLocked:2499 com.android.server.NotificationManagerService.access$5200:161 
11-05 16:41:12.971   728   728 D NotificationService: cancelNotificationLocked
11-05 16:41:12.971   728   728 D NotificationService:  hasClearableItems
11-05 16:41:12.971   728   728 D NotificationService: Num of hasClearableItems : 1
11-05 16:41:12.971 18771 18771 E memtrack: Couldn't load memtrack module (No such file or directory)
11-05 16:41:12.971 18771 18771 E android.os.Debug: failed to load memtrack module: -2
11-05 16:41:12.971   728   728 D STATUSBAR-StatusBarManagerService: sendNotification(3) - 1096041655
11-05 16:41:12.971   728   728 D LightsService: [api] [SvcLED] turnOff:: id = 4 (uid: 1000 pid: 728) 
11-05 16:41:12.971   728   728 D LightsService: [SvcLED] setSvcLedStateLocked:: SvcLEDState : 0x0 -> 0x0 | SvcLED(id=4) set Off
11-05 16:41:12.971   728  1012 D LightsService: [SvcLED] Lux failed to be updated in 700ms. -> handleForcedSvcLEDTasK
11-05 16:41:12.971   728  1012 D LightsService: [SvcLED]  setSvcLedLightLocked :: Current SvcLED(id=3) maintains its priority right
11-05 16:41:12.991  1092  1092 D ProgressBar: setProgressDrawable drawableHeight = 0
11-05 16:41:13.001 18771 18771 D dalvikvm: Note: class Landroid/app/ActivityManagerNative; has 194 unimplemented (abstract) methods
11-05 16:41:13.001  1092  1092 D PhoneStatusBar: tick(): knoxCustomManager = android.app.enterprise.knoxcustom.KnoxCustomManager@425e2e70
11-05 16:41:13.021  1092  1092 D STATUSBAR-IconMerger: checkOverflow(360), More:false, Req:false Child:4
11-05 16:41:13.061 18771 18771 D AndroidRuntime: Calling main entry com.android.commands.pm.Pm
11-05 16:41:13.081 15253 18796 D Aatp    : /task/ba7d6a83414c6c5297f3580d1ead44c46433ba14/status
11-05 16:41:13.081   728  1326 V PackageManager: Install from ADB
11-05 16:41:13.081   728  1326 D PackageManager: START_PACKAGE_INSTALL: observer{1129239344}
11-05 16:41:13.081   728  1326 D PackageManager:           PackageURI{file:///data/local/tmp/org.navitproject.navitiBHifk.apk}
11-05 16:41:13.091   728   976 D PackageManager: [MSG] INIT_COPY: observer{1129239344}
11-05 16:41:13.091   728   976 D PackageManager:           idx{0}
11-05 16:41:13.091   728   976 D PackageManager:           for_user{UserHandle{-1}}
11-05 16:41:13.091   728   976 D PackageManager: Trying to bind to DefaultContainerService
11-05 16:41:13.091   728   976 E xxxxxxbtsdcard: checkUser: useridlist=null, currentuser=0
11-05 16:41:13.091   728   976 E xxxxxxbtsdcard: checkUser: useridlist=null, currentuser=0
11-05 16:41:13.091   728   976 E xxxxxxbtsdcard: checkUser: useridlist=null, currentuser=0
11-05 16:41:13.091   728   976 E xxxxxxbtsdcard: checkUser: useridlist=null, currentuser=0
11-05 16:41:13.101 18799 18799 I SELinux : Function: selinux_android_load_priority , priority [3] , priority version is VE=SEPF_SAMSUNG-SM-G900A_4.4.4_0033
11-05 16:41:13.111 18799 18799 E dalvikvm: >>>>> Normal User
11-05 16:41:13.111 18799 18799 E dalvikvm: >>>>> com.android.defcontainer [ userId:0 | appId:10008 ]
11-05 16:41:13.131 18799 18799 D TimaKeyStoreProvider: in addTimaSignatureService
11-05 16:41:13.131 18799 18799 D TimaKeyStoreProvider: Cannot add TimaSignature Service, License check Failed
11-05 16:41:13.131 18799 18799 D ActivityThread: Added TimaKesytore provider
11-05 16:41:13.161   728   728 D PackageManager: onServiceConnected
11-05 16:41:13.161   728   976 D PackageManager: [MSG] MCS_BOUND
11-05 16:41:13.161   728   976 D PackageManager: [MSG] MCS_BOUND: observer{1129239344}
11-05 16:41:13.161   728   976 D PackageManager:           for_user{UserHandle{-1}}
11-05 16:41:13.191   728   976 D PackageManager: send PRE_INSTALL
11-05 16:41:13.191   728   977 D PackageManager: [MSG_PRE_INSTALL] PRE_INSTALL for observer{1129239344}
11-05 16:41:13.191   728   977 D PackageManager: start preCopy
11-05 16:41:13.191   728   976 D PersonaManagerService: needVerificationForPackage  
11-05 16:41:13.191   728   976 D PersonaManagerService: needVerificationForPackage org.navitproject.navit
11-05 16:41:13.191   728   976 D PersonaManagerService: needVerificationForPackage getting setupWizardApkLocation
11-05 16:41:13.191   728   976 D PersonaManagerService: needVerificationForPackage setupWizardApkLocation is null
11-05 16:41:13.191   728   976 D PersonaManagerService: needVerificationForPackage setupWizardApkLocation == null 
11-05 16:41:13.191   728   976 D PersonaManagerService: needVerificationForPackage getting handlerApkLocation
11-05 16:41:13.191   728   976 D PersonaManagerService: needVerificationForPackage handlerApkLocation is null
11-05 16:41:13.191   728   976 D PersonaManagerService: needVerificationForPackage handlerApkLocation == null 
11-05 16:41:13.191   728   977 D PackageManager: copyApk
11-05 16:41:13.191   728   977 D PackageManager: copy to /data/app/vmdl-2021137529.tmp
11-05 16:41:13.251   728   977 I PackageManager: Copying native libraries to /data/app-lib/vmdl-2021137529
11-05 16:41:13.321   728   977 D PackageManager: start preCollectCert
11-05 16:41:13.321   728   977 E PackageManager: parse pkg : /data/app/vmdl-2021137529.tmp
11-05 16:41:13.331   728 18812 E PackageManager: dexopt start
11-05 16:41:13.361 18813 18813 E         : SS_Dalvik_lib: incorrect XML: no meta-data section with SS description (67 > 64)
11-05 16:41:13.431 15253 18814 D Aatp    : /default-rotation
11-05 16:41:13.431 15253 18814 D Aatp    : sha1: 1028b56c36fc05a7f46e65855b6c89a31a03244a
11-05 16:41:13.451 15253 18814 D Aatp    : /task/1028b56c36fc05a7f46e65855b6c89a31a03244a
11-05 16:41:13.461 15253 15253 D AatpDeviceManager: taskStatus update (1028b56c36fc05a7f46e65855b6c89a31a03244a: {"state":1})
11-05 16:41:13.461   728   728 W ContextImpl: Calling a method in the system process without a qualified user: android.app.ContextImpl.sendBroadcast:1524 com.android.server.StatusBarManagerService.sendNotification:1002 com.android.server.StatusBarManagerService.addNotification:691 com.android.server.NotificationManagerService$7.run:2186 android.os.Handler.handleCallback:733 
11-05 16:41:13.461   728   728 D STATUSBAR-StatusBarManagerService: sendNotification(1) - 1096041656
11-05 16:41:13.471 15253 15253 D AatpDeviceManager: taskStatus update (1028b56c36fc05a7f46e65855b6c89a31a03244a: {"result":{"rotation":0},"state":2})
11-05 16:41:13.471   728   728 D NotificationService: cancelNotificationLocked
11-05 16:41:13.471  1092  1092 D ProgressBar: setProgressDrawable drawableHeight = 0
11-05 16:41:13.471   728   728 D NotificationService:  hasClearableItems
11-05 16:41:13.471   728   728 D NotificationService: Num of hasClearableItems : 1
11-05 16:41:13.471   728   728 W ContextImpl: Calling a method in the system process without a qualified user: android.app.ContextImpl.sendBroadcast:1524 com.android.server.StatusBarManagerService.sendNotification:1002 com.android.server.StatusBarManagerService.removeNotification:727 com.android.server.NotificationManagerService.cancelNotificationLocked:2499 com.android.server.NotificationManagerService.access$5200:161 
11-05 16:41:13.471   728   728 D STATUSBAR-StatusBarManagerService: sendNotification(3) - 1096041656
11-05 16:41:13.471   728   728 D LightsService: [api] [SvcLED] turnOff:: id = 4 (uid: 1000 pid: 728) 
11-05 16:41:13.471   728   728 D LightsService: [SvcLED] setSvcLedStateLocked:: SvcLEDState : 0x0 -> 0x0 | SvcLED(id=4) set Off
11-05 16:41:13.471   728  1012 D LightsService: [SvcLED] Lux failed to be updated in 700ms. -> handleForcedSvcLEDTasK
11-05 16:41:13.471   728  1012 D LightsService: [SvcLED]  setSvcLedLightLocked :: Current SvcLED(id=3) maintains its priority right
11-05 16:41:13.471  1092  1092 D PhoneStatusBar: tick(): knoxCustomManager = android.app.enterprise.knoxcustom.KnoxCustomManager@425e2e70
11-05 16:41:13.481 15253 15257 D dalvikvm: GC_CONCURRENT freed 1991K, 45% free 11642K/20804K, paused 3ms+2ms, total 29ms
11-05 16:41:13.481  1092  1092 D STATUSBAR-IconMerger: checkOverflow(360), More:false, Req:false Child:4
11-05 16:41:13.581 15253 18816 D Aatp    : /task/1028b56c36fc05a7f46e65855b6c89a31a03244a/status
11-05 16:41:13.601   257   257 E SMD     : DCD ON
11-05 16:41:13.741   728   977 D PackageManager: Time to collect certificates: 0.411 seconds
11-05 16:41:13.771 18813 18813 D dalvikvm: DexOpt: load 85ms, verify+opt 257ms, 1899916 bytes
11-05 16:41:13.861   728 18812 D PackageManager: Time to dexopt: 0.535 seconds
11-05 16:41:13.861   728 18812 E PackageManager: dexopt end
11-05 16:41:13.931 15253 18825 D Aatp    : /default-rotation
11-05 16:41:13.931 15253 18825 D Aatp    : sha1: 7b5ea922f04deec4d42b74c80e1b9403bde2a3d7
11-05 16:41:13.941 15253 15253 D AatpDeviceManager: taskStatus update (7b5ea922f04deec4d42b74c80e1b9403bde2a3d7: {"state":1})
11-05 16:41:13.941 15253 15253 D AatpDeviceManager: taskStatus update (7b5ea922f04deec4d42b74c80e1b9403bde2a3d7: {"result":{"rotation":0},"state":2})
11-05 16:41:13.941   728   728 W ContextImpl: Calling a method in the system process without a qualified user: android.app.ContextImpl.sendBroadcast:1524 com.android.server.StatusBarManagerService.sendNotification:1002 com.android.server.StatusBarManagerService.addNotification:691 com.android.server.NotificationManagerService$7.run:2186 android.os.Handler.handleCallback:733 
11-05 16:41:13.941   728   728 D STATUSBAR-StatusBarManagerService: sendNotification(1) - 1096041657
11-05 16:41:13.951   728   728 W ContextImpl: Calling a method in the system process without a qualified user: android.app.ContextImpl.sendBroadcast:1524 com.android.server.StatusBarManagerService.sendNotification:1002 com.android.server.StatusBarManagerService.removeNotification:727 com.android.server.NotificationManagerService.cancelNotificationLocked:2499 com.android.server.NotificationManagerService.access$5200:161 
11-05 16:41:13.951   728   728 D NotificationService: cancelNotificationLocked
11-05 16:41:13.951   728   728 D NotificationService:  hasClearableItems
11-05 16:41:13.951   728   728 D NotificationService: Num of hasClearableItems : 1
11-05 16:41:13.951   728   728 D STATUSBAR-StatusBarManagerService: sendNotification(3) - 1096041657
11-05 16:41:13.961 15253 18825 D Aatp    : /task/7b5ea922f04deec4d42b74c80e1b9403bde2a3d7
11-05 16:41:13.961  1092  1092 D ProgressBar: setProgressDrawable drawableHeight = 0
11-05 16:41:13.961   728   728 D LightsService: [api] [SvcLED] turnOff:: id = 4 (uid: 1000 pid: 728) 
11-05 16:41:13.961   728   728 D LightsService: [SvcLED] setSvcLedStateLocked:: SvcLEDState : 0x0 -> 0x0 | SvcLED(id=4) set Off
11-05 16:41:13.961   728  1012 D LightsService: [SvcLED] Lux failed to be updated in 700ms. -> handleForcedSvcLEDTasK
11-05 16:41:13.961   728  1012 D LightsService: [SvcLED]  setSvcLedLightLocked :: Current SvcLED(id=3) maintains its priority right
11-05 16:41:13.961  1092  1092 D PhoneStatusBar: tick(): knoxCustomManager = android.app.enterprise.knoxcustom.KnoxCustomManager@425e2e70
11-05 16:41:13.981  1092  1092 D STATUSBAR-IconMerger: checkOverflow(360), More:false, Req:false Child:4
11-05 16:41:14.071 15253 18827 D Aatp    : /task/7b5ea922f04deec4d42b74c80e1b9403bde2a3d7/status
11-05 16:41:14.231   728   976 D PackageManager: copyApk
11-05 16:41:14.231   728   976 I HarmonyEASService: Updating for all 1
11-05 16:41:14.231   728   976 D ApplicationPolicy: isApplicationInstallationEnabled
11-05 16:41:14.231   728   976 D ApplicationPolicy: isApplicationInstallationEnabled :  Checking PKG WL - false
11-05 16:41:14.231   728   976 D ApplicationPolicy: isApplicationInstallationEnabled :  Checking PKG BL - true
11-05 16:41:14.231   728   976 D ApplicationPolicy: isApplicationInstallationEnabled :  Checking PERM BL - true
11-05 16:41:14.231   728   976 D ApplicationPolicy: isApplicationInstallationEnabled :  Checking SIG BL - true
11-05 16:41:14.231   728   976 D ApplicationPolicy: isApplicationInstallationEnabled :  Checking PKG WL - false
11-05 16:41:14.231   728   976 D ApplicationPolicy: isApplicationInstallationEnabled :  Checking PKG BL - true
11-05 16:41:14.231   728   976 D ApplicationPolicy: isApplicationInstallationEnabled :  Checking PERM BL - true
11-05 16:41:14.231   728   976 D ApplicationPolicy: isApplicationInstallationEnabled :  Checking SIG BL - true
11-05 16:41:14.231   728   976 D ApplicationPolicy: isApplicationInstallationEnabled :  enabled true
11-05 16:41:14.231   728   976 D PackageManager: skipping copyApk
11-05 16:41:14.231   728   976 I PackageManager: remove MCS_UNBIND message and Posting MCS_UNBIND 10 secs later
11-05 16:41:14.231   728   976 D PackageManager: [MSG] PROCESS_PENDING_INSTALL: observer{1129239344}
11-05 16:41:14.231   728   976 D PackageManager: installPackageLI
11-05 16:41:14.231   728   976 D PackageManager: skipping preCollectCert
11-05 16:41:14.231   728   976 D PackageManager: use preparsed pkg
11-05 16:41:14.231   728   976 W PackageManager: verifying app can be installed or not
11-05 16:41:14.231   728   976 D PackageManager: doRename: 
11-05 16:41:14.231   728   976 D PackageManager: rename dexfile /data/dalvik-cache/data@app@vmdl-2021137529.tmp@classes.dex to /data/dalvik-cache/data@app@org.navitproject.navit-1.apk@classes.dex
11-05 16:41:14.231   728   976 D PackageManager: doRename apk path: 
11-05 16:41:14.241   728   976 I PackageManager: New shared user org.navitproject.navit: id=10822
11-05 16:41:14.241   728   976 D PackageManager: installNewPackageLI: 
11-05 16:41:14.281   271   271 E installd: install: '/data/data/org.navitproject.navit': normal app
11-05 16:41:14.281   271   271 E installd: creating libsymlink '/data/data/org.navitproject.navit/lib'
11-05 16:41:14.291   728   976 D PackageManager: not need to dexopt, but chown group to 50822
11-05 16:41:14.291   728   976 D PackageManager: !@killApplicatoin: 10822, update pkg
11-05 16:41:14.311   728   976 D PackageManager: Time to scan apk: 0.072 seconds
11-05 16:41:14.311   728   976 D PackageManager: updateSettingsLI: 
11-05 16:41:14.441 15253 18835 D Aatp    : /default-rotation
11-05 16:41:14.471 15253 18835 D Aatp    : sha1: e62412a68fbe6c8ee117d59148b4dfb76fd323f7
11-05 16:41:14.691   728   733 D dalvikvm: GC_CONCURRENT freed 5600K, 32% free 36061K/52448K, paused 8ms+10ms, total 171ms
11-05 16:41:14.691   728   976 D dalvikvm: WAIT_FOR_CONCURRENT_GC blocked 30ms
11-05 16:41:14.831   728  7957 D PackageManager: checkUidPermission - Execution time: 193 ms
11-05 16:41:14.831   728   976 D PackageManager: New package installed in 
11-05 16:41:14.851 15253 18835 D Aatp    : /task/e62412a68fbe6c8ee117d59148b4dfb76fd323f7
11-05 16:41:14.891   728  1021 V AlarmManager: waitForAlarm result :8
11-05 16:41:14.951   728   976 D PackageManager: doPostInstall for uid{10822}
11-05 16:41:14.951   728   976 D PackageManager: + starting rerstore round-trip 12
11-05 16:41:14.951   728   976 D PackageManager: No resotre for backup - queue post-install for 12
11-05 16:41:14.961 15253 15253 D AatpDeviceManager: taskStatus update (e62412a68fbe6c8ee117d59148b4dfb76fd323f7: {"state":1})
11-05 16:41:14.961 15253 15253 D AatpDeviceManager: taskStatus update (e62412a68fbe6c8ee117d59148b4dfb76fd323f7: {"result":{"rotation":0},"state":2})
11-05 16:41:14.961  1481 18850 I EventLogSendingHelper: Sending log events.
11-05 16:41:14.981 15253 18849 D Aatp    : /task/e62412a68fbe6c8ee117d59148b4dfb76fd323f7/status
11-05 16:41:14.981   728   728 W ContextImpl: Calling a method in the system process without a qualified user: android.app.ContextImpl.sendBroadcast:1524 com.android.server.StatusBarManagerService.sendNotification:1002 com.android.server.StatusBarManagerService.addNotification:691 com.android.server.NotificationManagerService$7.run:2186 android.os.Handler.handleCallback:733 
11-05 16:41:14.981   728   728 D STATUSBAR-StatusBarManagerService: sendNotification(1) - 1096041658
11-05 16:41:14.991   728   728 W ContextImpl: Calling a method in the system process without a qualified user: android.app.ContextImpl.sendBroadcast:1524 com.android.server.StatusBarManagerService.sendNotification:1002 com.android.server.StatusBarManagerService.removeNotification:727 com.android.server.NotificationManagerService.cancelNotificationLocked:2499 com.android.server.NotificationManagerService.access$5200:161 
11-05 16:41:14.991   728   728 D NotificationService: cancelNotificationLocked
11-05 16:41:14.991   728   728 D NotificationService:  hasClearableItems
11-05 16:41:14.991   728   728 D NotificationService: Num of hasClearableItems : 1
11-05 16:41:14.991   728   728 D STATUSBAR-StatusBarManagerService: sendNotification(3) - 1096041658
11-05 16:41:14.991   728   728 D LightsService: [api] [SvcLED] turnOff:: id = 4 (uid: 1000 pid: 728) 
11-05 16:41:14.991   728   728 D LightsService: [SvcLED] setSvcLedStateLocked:: SvcLEDState : 0x0 -> 0x0 | SvcLED(id=4) set Off
11-05 16:41:14.991   728  1012 D LightsService: [SvcLED] Lux failed to be updated in 700ms. -> handleForcedSvcLEDTasK
11-05 16:41:14.991   728  1012 D LightsService: [SvcLED]  setSvcLedLightLocked :: Current SvcLED(id=3) maintains its priority right
11-05 16:41:15.001  1092  1092 D ProgressBar: setProgressDrawable drawableHeight = 0
11-05 16:41:15.011  1092  1092 D PhoneStatusBar: tick(): knoxCustomManager = android.app.enterprise.knoxcustom.KnoxCustomManager@425e2e70
11-05 16:41:15.011  1092  1092 D STATUSBAR-IconMerger: checkOverflow(360), More:false, Req:false Child:4
11-05 16:41:15.021  1481  1485 D dalvikvm: GC_CONCURRENT freed 2529K, 31% free 14885K/21436K, paused 3ms+3ms, total 54ms
11-05 16:41:15.031   728  1699 W System.err: java.io.FileNotFoundException: /data/system/users/0/res_com.google.android.gms.xml: open failed: ENOENT (No such file or directory)
11-05 16:41:15.031   728  1699 W System.err: 	at libcore.io.IoBridge.open(IoBridge.java:409)
11-05 16:41:15.031   728  1699 W System.err: 	at java.io.RandomAccessFile.<init>(RandomAccessFile.java:118)
11-05 16:41:15.031   728  1699 W System.err: 	at android.util.XmlMoreAtomicFile.isDamaged(XmlMoreAtomicFile.java:53)
11-05 16:41:15.031   728  1699 W System.err: 	at android.util.MoreAtomicFile.openRead(MoreAtomicFile.java:114)
11-05 16:41:15.031   728  1699 W System.err: 	at com.android.server.pm.UserManagerService.readApplicationRestrictionsLocked(UserManagerService.java:1584)
11-05 16:41:15.031   728  1699 W System.err: 	at com.android.server.pm.UserManagerService.getApplicationRestrictionsForUser(UserManagerService.java:1374)
11-05 16:41:15.031   728  1699 W System.err: 	at com.android.server.pm.UserManagerService.getApplicationRestrictions(UserManagerService.java:1357)
11-05 16:41:15.031   728  1699 W System.err: 	at android.os.IUserManager$Stub.onTransact(IUserManager.java:254)
11-05 16:41:15.031   728  1699 W System.err: 	at android.os.Binder.execTransact(Binder.java:404)
11-05 16:41:15.031   728  1699 W System.err: 	at dalvik.system.NativeStart.run(Native Method)
11-05 16:41:15.031   728  1699 W System.err: Caused by: libcore.io.ErrnoException: open failed: ENOENT (No such file or directory)
11-05 16:41:15.031   728  1699 W System.err: 	at libcore.io.Posix.open(Native Method)
11-05 16:41:15.031   728  1699 W System.err: 	at libcore.io.BlockGuardOs.open(BlockGuardOs.java:110)
11-05 16:41:15.031   728  1699 W System.err: 	at libcore.io.IoBridge.open(IoBridge.java:393)
11-05 16:41:15.031   728  1699 W System.err: 	... 9 more
11-05 16:41:15.031   728  1699 D MoreAtomicFile: /data/system/users/0/res_com.google.android.gms.xml during check if it is damaged, rename it to /data/system/users/0/res_com.google.android.gms.xml.crt
11-05 16:41:15.051   728   976 I PackageManager:   Action: "android.intent.action.SENDTO"
11-05 16:41:15.051   728   976 I PackageManager:   Category: "android.intent.category.DEFAULT"
11-05 16:41:15.051   728   976 I PackageManager:   Scheme: "sms"
11-05 16:41:15.051   728   976 I PackageManager: Adding preferred activity ComponentInfo{com.android.mms/com.android.mms.ui.ConversationComposer} for user 0 :
11-05 16:41:15.061 15253 18851 D Aatp    : /default-rotation
11-05 16:41:15.071 15253 18851 D Aatp    : sha1: c146ef3f64012660a36377ad9ef24340fe79ef27
11-05 16:41:15.081   728   976 I PackageManager:   Action: "android.intent.action.SENDTO"
11-05 16:41:15.081   728   976 I PackageManager:   Category: "android.intent.category.DEFAULT"
11-05 16:41:15.081   728   976 I PackageManager:   Scheme: "smsto"
11-05 16:41:15.081   728   976 I PackageManager: Adding preferred activity ComponentInfo{com.android.mms/com.android.mms.ui.ConversationComposer} for user 0 :
11-05 16:41:15.091 15253 18851 D Aatp    : /task/c146ef3f64012660a36377ad9ef24340fe79ef27
11-05 16:41:15.101 15253 15253 D AatpDeviceManager: taskStatus update (c146ef3f64012660a36377ad9ef24340fe79ef27: {"state":1})
11-05 16:41:15.101 15253 15253 D AatpDeviceManager: taskStatus update (c146ef3f64012660a36377ad9ef24340fe79ef27: {"result":{"rotation":0},"state":2})
11-05 16:41:15.101   728   976 I PackageManager:   Action: "android.intent.action.SENDTO"
11-05 16:41:15.101   728   976 I PackageManager:   Category: "android.intent.category.DEFAULT"
11-05 16:41:15.101   728   976 I PackageManager:   Scheme: "mms"
11-05 16:41:15.101   728   976 I PackageManager: Adding preferred activity ComponentInfo{com.android.mms/com.android.mms.ui.ConversationComposer} for user 0 :
11-05 16:41:15.121   728   728 W ContextImpl: Calling a method in the system process without a qualified user: android.app.ContextImpl.sendBroadcast:1524 com.android.server.StatusBarManagerService.sendNotification:1002 com.android.server.StatusBarManagerService.addNotification:691 com.android.server.NotificationManagerService$7.run:2186 android.os.Handler.handleCallback:733 
11-05 16:41:15.121   728   976 I PackageManager:   Action: "android.intent.action.SENDTO"
11-05 16:41:15.121   728   976 I PackageManager:   Category: "android.intent.category.DEFAULT"
11-05 16:41:15.121   728   976 I PackageManager:   Scheme: "mmsto"
11-05 16:41:15.121   728   976 I PackageManager: Adding preferred activity ComponentInfo{com.android.mms/com.android.mms.ui.ConversationComposer} for user 0 :
11-05 16:41:15.141   728   728 D STATUSBAR-StatusBarManagerService: sendNotification(1) - 1096041659
11-05 16:41:15.141   728   728 W ContextImpl: Calling a method in the system process without a qualified user: android.app.ContextImpl.sendBroadcast:1524 com.android.server.StatusBarManagerService.sendNotification:1002 com.android.server.StatusBarManagerService.removeNotification:727 com.android.server.NotificationManagerService.cancelNotificationLocked:2499 com.android.server.NotificationManagerService.access$5200:161 
11-05 16:41:15.141   728   728 D NotificationService: cancelNotificationLocked
11-05 16:41:15.141   728   728 D NotificationService:  hasClearableItems
11-05 16:41:15.141   728   728 D NotificationService: Num of hasClearableItems : 1
11-05 16:41:15.141   728   728 D STATUSBAR-StatusBarManagerService: sendNotification(3) - 1096041659
11-05 16:41:15.151   728 18834 I HarmonyEASService: Updating for all 1
11-05 16:41:15.151  1092  1092 D ProgressBar: setProgressDrawable drawableHeight = 0
11-05 16:41:15.151   728   728 D LightsService: [api] [SvcLED] turnOff:: id = 4 (uid: 1000 pid: 728) 
11-05 16:41:15.151   728   728 D LightsService: [SvcLED] setSvcLedStateLocked:: SvcLEDState : 0x0 -> 0x0 | SvcLED(id=4) set Off
11-05 16:41:15.151   728  1012 D LightsService: [SvcLED] Lux failed to be updated in 700ms. -> handleForcedSvcLEDTasK
11-05 16:41:15.151   728  1012 D LightsService: [SvcLED]  setSvcLedLightLocked :: Current SvcLED(id=3) maintains its priority right
11-05 16:41:15.151   728   976 D PackageManager: [MSG] POST_INSTALL: observer{1129239344}
11-05 16:41:15.151   728   976 D PackageManager:           Handling post-install for 12
11-05 16:41:15.151   728   976 D PackageManager: Sending to user 0: act=android.intent.action.PACKAGE_ADDED dat=package:org.navitproject.navit flg=0x4000000 Bundle[{android.intent.extra.UID=10822, android.intent.extra.user_handle=0}]
11-05 16:41:15.161 16058 16280 D ConnectivityManager: getActiveNetworkInfo : NetworkInfo: type: WIFI[], state: CONNECTED/CONNECTED, reason: (unspecified), extra: "9902014101", roaming: false, failover: false, isAvailable: true, isConnectedToProvisioningNetwork: false
11-05 16:41:15.161  1092  1092 D PhoneStatusBar: tick(): knoxCustomManager = android.app.enterprise.knoxcustom.KnoxCustomManager@425e2e70
11-05 16:41:15.191  1508  1508 E SamsungIME: mOCRHelper is null
11-05 16:41:15.191   728  1036 I InputReader: Reconfiguring input devices.  changes=0x00000010
11-05 16:41:15.191  3908  3908 V QuickConnect[1.3.2262190][6] : SconnectManager.mPackageReceiver - ACTION_PACKAGE_ADDED org.navitproject.navit
11-05 16:41:15.201  1092  1092 D STATUSBAR-IconMerger: checkOverflow(360), More:false, Req:false Child:4
11-05 16:41:15.211 15253 18860 D Aatp    : /task/c146ef3f64012660a36377ad9ef24340fe79ef27/status
11-05 16:41:15.211 17367 17411 D ConnectivityManager: getActiveNetworkInfo : NetworkInfo: type: WIFI[], state: CONNECTED/CONNECTED, reason: (unspecified), extra: "9902014101", roaming: false, failover: false, isAvailable: true, isConnectedToProvisioningNetwork: false
11-05 16:41:15.211   728  1007 I PackageManager:   Action: "android.intent.action.SENDTO"
11-05 16:41:15.211   728  1007 I PackageManager:   Category: "android.intent.category.DEFAULT"
11-05 16:41:15.211   728  1007 I PackageManager:   Scheme: "sms"
11-05 16:41:15.211   728  1007 I PackageManager: Adding preferred activity ComponentInfo{com.android.mms/com.android.mms.ui.ConversationComposer} for user 0 :
11-05 16:41:15.231   728  1326 I PackageManager:   Action: "android.intent.action.SENDTO"
11-05 16:41:15.231   728  1326 I PackageManager:   Category: "android.intent.category.DEFAULT"
11-05 16:41:15.231   728  1326 I PackageManager:   Scheme: "smsto"
11-05 16:41:15.231   728  1326 I PackageManager: Adding preferred activity ComponentInfo{com.android.mms/com.android.mms.ui.ConversationComposer} for user 0 :
11-05 16:41:15.241  1328  1328 D WallpaperManager: SEC_PRODUCT_FEATURE_COMMON_ENABLE_TEXTURE_COMPRESSION is true
11-05 16:41:15.241  1328  1328 D WallpaperManager: SEC_PRODUCT_FEATURE_COMMON_ENABLE_TEXTURE_COMPRESSION is true
11-05 16:41:15.241  1328  1328 D WallpaperManager: SEC_PRODUCT_FEATURE_COMMON_ENABLE_TEXTURE_COMPRESSION is true
11-05 16:41:15.241  1328  1328 D WallpaperManager: SEC_PRODUCT_FEATURE_COMMON_ENABLE_TEXTURE_COMPRESSION is true
11-05 16:41:15.261   728   744 I PackageManager:   Action: "android.intent.action.SENDTO"
11-05 16:41:15.261   728   744 I PackageManager:   Category: "android.intent.category.DEFAULT"
11-05 16:41:15.261   728   744 I PackageManager:   Scheme: "mms"
11-05 16:41:15.261   728   744 I PackageManager: Adding preferred activity ComponentInfo{com.android.mms/com.android.mms.ui.ConversationComposer} for user 0 :
11-05 16:41:15.281   728  7957 I PackageManager:   Action: "android.intent.action.SENDTO"
11-05 16:41:15.281   728  7957 I PackageManager:   Category: "android.intent.category.DEFAULT"
11-05 16:41:15.281   728  7957 I PackageManager:   Scheme: "mmsto"
11-05 16:41:15.281   728  7957 I PackageManager: Adding preferred activity ComponentInfo{com.android.mms/com.android.mms.ui.ConversationComposer} for user 0 :
11-05 16:41:15.301  1312  1312 D RegisteredServicesCache: empty dynamic service
11-05 16:41:15.301   728  1326 I PackageManager:   Action: "android.intent.action.SENDTO"
11-05 16:41:15.301   728  1326 I PackageManager:   Category: "android.intent.category.DEFAULT"
11-05 16:41:15.301   728  1326 I PackageManager:   Scheme: "sms"
11-05 16:41:15.301  1312  1312 D AidRoutingManager: commitRouting
11-05 16:41:15.301 16058 16280 D ConnectivityManager: getActiveNetworkInfo : NetworkInfo: type: WIFI[], state: CONNECTED/CONNECTED, reason: (unspecified), extra: "9902014101", roaming: false, failover: false, isAvailable: true, isConnectedToProvisioningNetwork: false
11-05 16:41:15.301   728  1326 I PackageManager: Adding preferred activity ComponentInfo{com.android.mms/com.android.mms.ui.ConversationComposer} for user 0 :
11-05 16:41:15.331   728  1179 I PackageManager:   Action: "android.intent.action.SENDTO"
11-05 16:41:15.331   728  1179 I PackageManager:   Category: "android.intent.category.DEFAULT"
11-05 16:41:15.331   728  1179 I PackageManager:   Scheme: "smsto"
11-05 16:41:15.331   728  1179 I PackageManager: Adding preferred activity ComponentInfo{com.android.mms/com.android.mms.ui.ConversationComposer} for user 0 :
11-05 16:41:15.351   728   728 D RCPManagerService: PackageReceiver onReceive()
11-05 16:41:15.351   728   728 D RCPManagerService: App Installed with packageNAme = org.navitproject.navit
11-05 16:41:15.351   728   728 E RCPManagerService:  PackageReceiver onReceive() Failed to load meta-data, NullPointer: null
11-05 16:41:15.351   728   728 D RCPManagerService:  PackageReceiver onReceive() bundle null
11-05 16:41:15.351   728  1326 I PackageManager:   Action: "android.intent.action.SENDTO"
11-05 16:41:15.351   728  1326 I PackageManager:   Category: "android.intent.category.DEFAULT"
11-05 16:41:15.351   728  1326 I PackageManager:   Scheme: "mms"
11-05 16:41:15.351   728  1326 I PackageManager: Adding preferred activity ComponentInfo{com.android.mms/com.android.mms.ui.ConversationComposer} for user 0 :
11-05 16:41:15.371   728   728 D KnoxMUMContainerPolicy: mPackageReceiver : action - android.intent.action.PACKAGE_ADDED
11-05 16:41:15.371   728   728 D BackupManagerService: Received broadcast Intent { act=android.intent.action.PACKAGE_ADDED dat=package:org.navitproject.navit flg=0x4000010 (has extras) }
11-05 16:41:15.381   728  1007 I PackageManager:   Action: "android.intent.action.SENDTO"
11-05 16:41:15.381   728  1007 I PackageManager:   Category: "android.intent.category.DEFAULT"
11-05 16:41:15.381   728  1007 I PackageManager:   Scheme: "mmsto"
11-05 16:41:15.381   728  1007 I PackageManager: Adding preferred activity ComponentInfo{com.android.mms/com.android.mms.ui.ConversationComposer} for user 0 :
11-05 16:41:15.411   728   728 D PersonaPolicyManagerService: PersonaPolicyReceiver Receiver : android.intent.action.PACKAGE_ADDED
11-05 16:41:15.411   728   728 D KnoxMUMContainerPolicy: packageInstalledForExternalStorage org.navitproject.navit
11-05 16:41:15.411   728   728 V BackupManagerService: addPackageParticipantsLocked: #1
11-05 16:41:15.421   728   976 D dalvikvm: GC_EXPLICIT freed 3061K, 32% free 35928K/52448K, paused 4ms+11ms, total 244ms
11-05 16:41:15.421 18771 18771 D AndroidRuntime: Shutting down VM
11-05 16:41:15.421   728   976 D PackageManager: return install result to caller: 1129239344
11-05 16:41:15.421   728   976 D PackageManager: returnCode: 1
11-05 16:41:15.431 18771 18788 D dalvikvm: GC_CONCURRENT freed 98K, 13% free 679K/780K, paused 0ms+0ms, total 2ms
11-05 16:41:15.441   728   968 D EnterpriseDeviceManagerService: Package has changed for user 0
11-05 16:41:15.441   728   968 D EnterpriseDeviceManagerService: Admin package name: com.google.android.gms
11-05 16:41:15.451   728   968 W Resources: Converting to string: TypedValue{t=0x12/d=0xffffffff a=-1}
11-05 16:41:15.451   728   968 W Resources: Converting to string: TypedValue{t=0x12/d=0xffffffff a=-1}
11-05 16:41:15.461   728   968 W Resources: Converting to string: TypedValue{t=0x12/d=0xffffffff a=-1}
11-05 16:41:15.461   728   968 W Resources: Converting to string: TypedValue{t=0x12/d=0xffffffff a=-1}
11-05 16:41:15.521 15253 18865 D Aatp    : /default-rotation
11-05 16:41:15.521 15253 18865 D Aatp    : sha1: f21e5e6cbf09b3313a7cffe782ddc370e948835f
11-05 16:41:15.531 15253 15253 D AatpDeviceManager: taskStatus update (f21e5e6cbf09b3313a7cffe782ddc370e948835f: {"state":1})
11-05 16:41:15.531 15253 15253 D AatpDeviceManager: taskStatus update (f21e5e6cbf09b3313a7cffe782ddc370e948835f: {"result":{"rotation":0},"state":2})
11-05 16:41:15.531   728   728 D NotificationService: cancelNotificationLocked
11-05 16:41:15.531   728   728 D NotificationService:  hasClearableItems
11-05 16:41:15.531   728   728 D NotificationService: Num of hasClearableItems : 1
11-05 16:41:15.531   728   728 W ContextImpl: Calling a method in the system process without a qualified user: android.app.ContextImpl.sendBroadcast:1524 com.android.server.StatusBarManagerService.sendNotification:1002 com.android.server.StatusBarManagerService.addNotification:691 com.android.server.NotificationManagerService$7.run:2186 android.os.Handler.handleCallback:733 
11-05 16:41:15.531   728   728 D STATUSBAR-StatusBarManagerService: sendNotification(1) - 1096041660
11-05 16:41:15.531   728   728 W ContextImpl: Calling a method in the system process without a qualified user: android.app.ContextImpl.sendBroadcast:1524 com.android.server.StatusBarManagerService.sendNotification:1002 com.android.server.StatusBarManagerService.removeNotification:727 com.android.server.NotificationManagerService.cancelNotificationLocked:2499 com.android.server.NotificationManagerService.access$5200:161 
11-05 16:41:15.531   728   728 D STATUSBAR-StatusBarManagerService: sendNotification(3) - 1096041660
11-05 16:41:15.541 15253 18865 D Aatp    : /task/f21e5e6cbf09b3313a7cffe782ddc370e948835f
11-05 16:41:15.541  1092  1092 D ProgressBar: setProgressDrawable drawableHeight = 0
11-05 16:41:15.541   728   728 D LightsService: [api] [SvcLED] turnOff:: id = 4 (uid: 1000 pid: 728) 
11-05 16:41:15.541   728   728 D LightsService: [SvcLED] setSvcLedStateLocked:: SvcLEDState : 0x0 -> 0x0 | SvcLED(id=4) set Off
11-05 16:41:15.541   728  1012 D LightsService: [SvcLED] Lux failed to be updated in 700ms. -> handleForcedSvcLEDTasK
11-05 16:41:15.541   728  1012 D LightsService: [SvcLED]  setSvcLedLightLocked :: Current SvcLED(id=3) maintains its priority right
11-05 16:41:15.551  1092  1092 D PhoneStatusBar: tick(): knoxCustomManager = android.app.enterprise.knoxcustom.KnoxCustomManager@425e2e70
11-05 16:41:15.561  1092  1092 D STATUSBAR-IconMerger: checkOverflow(360), More:false, Req:false Child:4
11-05 16:41:15.591  1312  1312 I HomeSyncInstallReceiver: This pkg do not need BT addr. Do nothing
11-05 16:41:15.601   728   968 W Resources: Converting to string: TypedValue{t=0x12/d=0xffffffff a=-1}
11-05 16:41:15.601   728   968 W Resources: Converting to string: TypedValue{t=0x12/d=0xffffffff a=-1}
11-05 16:41:15.601   728   968 W Resources: Converting to string: TypedValue{t=0x12/d=0xffffffff a=-1}
11-05 16:41:15.601 15342 15342 I DM      : OnReceive: AppInstalledBroadcastReceiver Called Block Start
11-05 16:41:15.601 15342 15342 I DM      : ***** ACTION_PACKAGE_ADDED *******
11-05 16:41:15.601 15342 15342 I DM      : Uri scheme: package
11-05 16:41:15.601 15342 15342 I DM      : Uri toString: package:org.navitproject.navit
11-05 16:41:15.601 15342 15342 I DM      : OnReceive: AppInstalledBroadcastReceiver Called block end.
11-05 16:41:15.611   728   968 W Resources: Converting to string: TypedValue{t=0x12/d=0xffffffff a=-1}
11-05 16:41:15.611   728   968 W Resources: Converting to string: TypedValue{t=0x12/d=0xffffffff a=-1}
11-05 16:41:15.611   728   744 E xxxxxxbtsdcard: checkUser: useridlist=null, currentuser=0
11-05 16:41:15.611   728   744 E xxxxxxbtsdcard: checkUser: useridlist=null, currentuser=0
11-05 16:41:15.611   728   744 E xxxxxxbtsdcard: checkUser: useridlist=null, currentuser=0
11-05 16:41:15.611   728   744 E xxxxxxbtsdcard: checkUser: useridlist=null, currentuser=0
11-05 16:41:15.621 18868 18868 I SELinux : Function: selinux_android_load_priority , priority [3] , priority version is VE=SEPF_SAMSUNG-SM-G900A_4.4.4_0033
11-05 16:41:15.621 18868 18868 E dalvikvm: >>>>> Normal User
11-05 16:41:15.621 18868 18868 E dalvikvm: >>>>> com.google.android.partnersetup [ userId:0 | appId:10017 ]
11-05 16:41:15.631 18868 18868 D TimaKeyStoreProvider: in addTimaSignatureService
11-05 16:41:15.641 18868 18868 D TimaKeyStoreProvider: Cannot add TimaSignature Service, License check Failed
11-05 16:41:15.641 18868 18868 D ActivityThread: Added TimaKesytore provider
11-05 16:41:15.651   728   968 W Resources: Converting to string: TypedValue{t=0x12/d=0xffffffff a=-1}
