I/BatteryStatsImpl(   78): notePhoneSignalStrengthLocked: 2->1
D/BT HS/HF(  159): gsmAsuToSignal=2
D/JBtlAg  (  159): setIndicatorValue: entered
I/JBtlAg  (  159): After NativeJBtlAg_SetIndicatorValue, status = SUCCESS
D/JBtlAg  (  159): setIndicatorValue: exiting
D/dalvikvm(   78): GC freed 15564 objects / 1082728 bytes in 314ms
D/dalvikvm(   78): GC freed 35491 objects / 1511648 bytes in 376ms
I/BatteryStatsImpl(   78): notePhoneSignalStrengthLocked: 1->2
D/BT HS/HF(  159): gsmAsuToSignal=6
D/JBtlAg  (  159): setIndicatorValue: entered
I/JBtlAg  (  159): After NativeJBtlAg_SetIndicatorValue, status = SUCCESS
D/JBtlAg  (  159): setIndicatorValue: exiting
I/BatteryStatsImpl(   78): notePhoneSignalStrengthLocked: 2->3
D/BT HS/HF(  159): gsmAsuToSignal=12
D/JBtlAg  (  159): setIndicatorValue: entered
I/JBtlAg  (  159): After NativeJBtlAg_SetIndicatorValue, status = SUCCESS
D/JBtlAg  (  159): setIndicatorValue: exiting
I/BatteryStatsImpl(   78): notePhoneSignalStrengthLocked: 3->2
D/BT HS/HF(  159): gsmAsuToSignal=6
D/JBtlAg  (  159): setIndicatorValue: entered
I/JBtlAg  (  159): After NativeJBtlAg_SetIndicatorValue, status = SUCCESS
D/JBtlAg  (  159): setIndicatorValue: exiting
I/WindowManager(   78): Setting rotation to 1, animFlags=0
I/ActivityManager(   78): Config changed: { scale=1.0 imsi=262/1 loc=de_DE touch=3 keys=1/1/2 nav=3/1 orien=2 layout=18}
W/dalvikvm(   78): disableGcForExternalAlloc: false
I/CalendarProvider(  218): updateCalendarNameByLocale
I/CalendarProvider(  218): updateCalendarNameByLocale
I/CalendarProvider(  218): update locale:DEU
I/CalendarProvider(  218): Locale doesn't change, so return it
I/BatteryStatsImpl(   78): notePhoneSignalStrengthLocked: 2->3
D/BT HS/HF(  159): gsmAsuToSignal=12
D/JBtlAg  (  159): setIndicatorValue: entered
I/JBtlAg  (  159): After NativeJBtlAg_SetIndicatorValue, status = SUCCESS
D/JBtlAg  (  159): setIndicatorValue: exiting
D/dalvikvm(   78): GC freed 33390 objects / 1594952 bytes in 283ms
I/WindowManager(   78): Setting rotation to 0, animFlags=0
I/ActivityManager(   78): Config changed: { scale=1.0 imsi=262/1 loc=de_DE touch=3 keys=1/1/2 nav=3/1 orien=1 layout=18}
E/HTCIMEService(  153): [onFinishInput] mData.mCurrIM.finishInput(); Exception = java.lang.NullPointerException
W/dalvikvm(   78): disableGcForExternalAlloc: false
I/CalendarProvider(  218): updateCalendarNameByLocale
I/CalendarProvider(  218): updateCalendarNameByLocale
I/CalendarProvider(  218): update locale:DEU
I/CalendarProvider(  218): Locale doesn't change, so return it
D/dalvikvm(   78): GC freed 2202 objects / 110496 bytes in 293ms
I/InstallAppProgress( 2438): Finished installing org.navitproject.navit
I/AudioPolicyService(   56): startOutput(): before lock
D/StreamProcess(   56): +ProcessAOLC ResetAOLC delta=55707 @@@@@@@@@@@@@@@@@@@@@@@@@@@@@@@@@@@@@@@@@@@@@
D/StreamProcess(   56): OutputStreamProcess::ResetAOLC()
I/AudioHardwareMSM72XX(   56): AUDIO_START: start kernel pcm_out driver.
W/AudioFlinger(   56): write blocked for 97 msecs, 39 delayed writes, thread 0xd918
I/AudioPolicyService(   56): stopOutput(): before lock
W/IInputConnectionWrapper( 2438): showStatusIcon on inactive InputConnection
D/NetworkLocationProvider(   78): onCellLocationChanged [26377,12153]
W/dalvikvm(   78): disableGcForExternalAlloc: false
I/AudioPolicyService(   56): startOutput(): before lock
D/StreamProcess(   56): +ProcessAOLC ResetAOLC delta=1707 @@@@@@@@@@@@@@@@@@@@@@@@@@@@@@@@@@@@@@@@@@@@@
D/StreamProcess(   56): OutputStreamProcess::ResetAOLC()
I/AudioPolicyService(   56): stopOutput(): before lock
W/dalvikvm(   78): disableGcForExternalAlloc: false
I/AudioPolicyService(   56): startOutput(): before lock
W/dalvikvm(   78): disableGcForExternalAlloc: true
I/ActivityManager(   78): Starting activity: Intent { act=android.intent.action.VIEW dat=file:///sdcard/download/navit-svn-3842.apk typ=application/vnd.android.package-archive cmp=com.android.packageinstaller/.PackageInstallerActivity }
D/StreamProcess(   56): +ProcessAOLC ResetAOLC delta=1546 @@@@@@@@@@@@@@@@@@@@@@@@@@@@@@@@@@@@@@@@@@@@@
D/StreamProcess(   56): OutputStreamProcess::ResetAOLC()
I/AudioPolicyService(   56): stopOutput(): before lock
I/PackageParser( 2438): org.navitproject.navit: compat added android.permission.WRITE_EXTERNAL_STORAGE android.permission.READ_PHONE_STATE
I/installd(   58): free_cache(12899772) avail 75317248
I/ActivityManager(   78): Launch activity, postpone broadcast intents
W/InputManagerService(   78): Starting input on non-focused client com.android.internal.view.IInputMethodClient$Stub$Proxy@447fe278 (uid=10066 pid=2387)
I/ActivityManager(   78): Displayed activity com.android.packageinstaller/.PackageInstallerActivity: 337 ms (total 337 ms)
W/dalvikvm(   78): disableGcForExternalAlloc: false
W/dalvikvm(   78): disableGcForExternalAlloc: false
I/ActivityManager(   78): Start proc com.google.android.apps.maps:LocationFriendService for service com.google.android.apps.maps/com.google.googlenav.friend.android.LocationFriendService: pid=2457 uid=10032 gids={3003, 1015}
D/LocationManagerService(   78): Acquired wakelock
D/LocationManagerService(   78): Released wakelock
I/dalvikvm( 2457): Debugger thread not active, ignoring DDM send (t=0x41504e4d l=38)
I/dalvikvm( 2457): Debugger thread not active, ignoring DDM send (t=0x41504e4d l=104)
D/dalvikvm( 2457): GC freed 2000 objects / 154344 bytes in 105ms
I/AudioHardwareMSM72XX(   56): AudioHardware pcm playback is going to standby.
D/StreamProcess(   56): OutputStreamProcess::ResetAOLC()
D/dalvikvm( 2457): GC freed 2449 objects / 143384 bytes in 114ms
D/LocationManager( 2457): Constructor: service = android.location.ILocationManager$Stub$Proxy@4466be48
D/LocationManager( 2457): getAllProviders
D/NetworkLocationProvider(   78): setMinTime: 60000
D/LocationManager( 2457): getAllProviders
D/NetworkLocationProvider(   78): onCellLocationChanged [26377,12153]
D/dalvikvm( 2457): GC freed 4268 objects / 397744 bytes in 104ms
D/dalvikvm( 2387): GC freed 2955 objects / 210864 bytes in 119ms
D/dalvikvm(  167): GC freed 2061 objects / 70128 bytes in 169ms
D/dalvikvm(  156): GC freed 151 objects / 6040 bytes in 117ms
I/AudioPolicyService(   56): startOutput(): before lock
D/StreamProcess(   56): +ProcessAOLC ResetAOLC delta=28188 @@@@@@@@@@@@@@@@@@@@@@@@@@@@@@@@@@@@@@@@@@@@@
D/StreamProcess(   56): OutputStreamProcess::ResetAOLC()
I/AudioHardwareMSM72XX(   56): AUDIO_START: start kernel pcm_out driver.
W/AudioFlinger(   56): write blocked for 91 msecs, 40 delayed writes, thread 0xd918
I/AudioPolicyService(   56): stopOutput(): before lock
W/InputManagerService(   78): Window already focused, ignoring focus gain of: com.android.internal.view.IInputMethodClient$Stub$Proxy@44649300
I/AudioHardwareMSM72XX(   56): AudioHardware pcm playback is going to standby.
D/StreamProcess(   56): OutputStreamProcess::ResetAOLC()
I/AudioPolicyService(   56): startOutput(): before lock
W/dalvikvm(   78): disableGcForExternalAlloc: true
I/ActivityManager(   78): Starting activity: Intent { dat=file:///sdcard/download/navit-svn-3842.apk cmp=com.android.packageinstaller/.InstallAppProgress (has extras) }
D/StreamProcess(   56): +ProcessAOLC ResetAOLC delta=5176 @@@@@@@@@@@@@@@@@@@@@@@@@@@@@@@@@@@@@@@@@@@@@
D/StreamProcess(   56): OutputStreamProcess::ResetAOLC()
I/AudioHardwareMSM72XX(   56): AUDIO_START: start kernel pcm_out driver.
I/AudioPolicyService(   56): stopOutput(): before lock
D/dalvikvm( 2438): GC freed 3505 objects / 238736 bytes in 120ms
W/InstallAppProgress( 2438): Replacing package:org.navitproject.navit
I/ActivityManager(   78): Process com.google.android.apps.maps:LocationFriendService (pid 2457) has died.
E/HTCIMEService(  153): [onFinishInput] mData.mCurrIM.finishInput(); Exception = java.lang.NullPointerException
I/ActivityManager(   78): Displayed activity com.android.packageinstaller/.InstallAppProgress: 2740 ms (total 2740 ms)
W/dalvikvm(   78): disableGcForExternalAlloc: false
I/AudioHardwareMSM72XX(   56): AudioHardware pcm playback is going to standby.
D/StreamProcess(   56): OutputStreamProcess::ResetAOLC()
I/BatteryStatsImpl(   78): notePhoneSignalStrengthLocked: 3->2
D/BT HS/HF(  159): gsmAsuToSignal=6
D/JBtlAg  (  159): setIndicatorValue: entered
I/JBtlAg  (  159): After NativeJBtlAg_SetIndicatorValue, status = SUCCESS
D/JBtlAg  (  159): setIndicatorValue: exiting
D/PackageParser(   78): Scanning package: /data/app/vmdl45455.tmp
I/PackageParser(   78): org.navitproject.navit: compat added android.permission.WRITE_EXTERNAL_STORAGE android.permission.READ_PHONE_STATE
D/dalvikvm(   78): GC freed 5936 objects / 746232 bytes in 286ms
D/dalvikvm(   78): GC freed 1040 objects / 259264 bytes in 248ms
D/NetworkLocationProvider(   78): onCellLocationChanged [26370,579]
I/BatteryStatsImpl(   78): notePhoneSignalStrengthLocked: 2->4
D/BT HS/HF(  159): gsmAsuToSignal=25
D/JBtlAg  (  159): setIndicatorValue: entered
I/JBtlAg  (  159): After NativeJBtlAg_SetIndicatorValue, status = SUCCESS
D/JBtlAg  (  159): setIndicatorValue: exiting
D/dalvikvm(   78): GC freed 15190 objects / 1066744 bytes in 309ms
D/dalvikvm(   78): GC freed 35817 objects / 1525064 bytes in 339ms
D/dalvikvm(  595): GC freed 398 objects / 42432 bytes in 132ms
