I/ActivityManager(  955): Starting activity: Intent { act=android.intent.action.MAIN cat=[android.intent.category.LAUNCHER] flg=0x10200000 cmp=org.navitproject.navit/.Navit }
I/ActivityManager(  955): Start proc org.navitproject.navit for activity org.navitproject.navit/.Navit: pid=1322 uid=10037 gids={3003, 1015}
D/dalvikvm( 1322): GC_FOR_MALLOC freed 2105 objects / 141848 bytes in 98ms
D/dalvikvm( 1322): Trying to load lib /data/data/org.navitproject.navit/lib/libnavit.so 0x43b14518
D/dalvikvm( 1322): Added shared lib /data/data/org.navitproject.navit/lib/libnavit.so 0x43b14518
D/dalvikvm( 1322): No JNI_OnLoad found in /data/data/org.navitproject.navit/lib/libnavit.so 0x43b14518, skipping init
E/Navit   ( 1322): **1**A android.intent.action.MAIN
E/Navit   ( 1322): **1**D null
E/NavitTextTranslations( 1322): initializing translated text ...
E/NavitTextTranslations( 1322): trying: exit navit
E/NavitTextTranslations( 1322): trying: zoom in
E/NavitTextTranslations( 1322): trying: zoom out
E/NavitTextTranslations( 1322): trying: address search
E/NavitTextTranslations( 1322): trying: Mapdownload
E/NavitTextTranslations( 1322): trying: downloading
E/NavitTextTranslations( 1322): trying: ETA
E/NavitTextTranslations( 1322): trying: Error downloading map!
E/NavitTextTranslations( 1322): trying: ready
E/NavitTextTranslations( 1322): trying: Ok
E/NavitTextTranslations( 1322): trying: No address found
E/NavitTextTranslations( 1322): trying: Enter: City and Street
E/NavitTextTranslations( 1322): trying: No search string entered
E/NavitTextTranslations( 1322): trying: setting destination to
E/NavitTextTranslations( 1322): trying: getting search results
E/NavitTextTranslations( 1322): trying: searching ...
E/NavitTextTranslations( 1322): trying: No Results found!
E/NavitTextTranslations( 1322): trying: Map data (c) OpenStreetMap contributors, CC-BY-SA
E/NavitTextTranslations( 1322): trying: partial match
E/NavitTextTranslations( 1322): trying: Search
E/NavitTextTranslations( 1322): trying: drive here
E/NavitTextTranslations( 1322): trying: loading search results
E/NavitTextTranslations( 1322): trying: towns
E/NavitTextTranslations( 1322): ... ready
E/Navit   ( 1322): lang=de
E/Navit   ( 1322): Country1 DE
E/Navit   ( 1322): Country2 DE
E/Navit   ( 1322): Language de
W/System.err( 1322): java.io.FileNotFoundException: /data/data/org.navitproject.navit/share/has_run_once.txt (Permission denied)
W/System.err( 1322): 	at org.apache.harmony.luni.platform.OSFileSystem.openImpl(Native Method)
W/System.err( 1322): 	at org.apache.harmony.luni.platform.OSFileSystem.open(OSFileSystem.java:152)
W/System.err( 1322): 	at java.io.FileOutputStream.<init>(FileOutputStream.java:97)
W/System.err( 1322): 	at java.io.FileOutputStream.<init>(FileOutputStream.java:69)
W/System.err( 1322): 	at org.navitproject.navit.Navit.onCreate(Navit.java:374)
W/System.err( 1322): 	at android.app.Instrumentation.callActivityOnCreate(Instrumentation.java:1047)
W/System.err( 1322): 	at android.app.ActivityThread.performLaunchActivity(ActivityThread.java:2627)
W/System.err( 1322): 	at android.app.ActivityThread.handleLaunchActivity(ActivityThread.java:2679)
W/System.err( 1322): 	at android.app.ActivityThread.access$2300(ActivityThread.java:125)
W/System.err( 1322): 	at android.app.ActivityThread$H.handleMessage(ActivityThread.java:2033)
W/System.err( 1322): 	at android.os.Handler.dispatchMessage(Handler.java:99)
W/System.err( 1322): 	at android.os.Looper.loop(Looper.java:123)
W/System.err( 1322): 	at android.app.ActivityThread.main(ActivityThread.java:4627)
W/System.err( 1322): 	at java.lang.reflect.Method.invokeNative(Native Method)
W/System.err( 1322): 	at java.lang.reflect.Method.invoke(Method.java:521)
W/System.err( 1322): 	at com.android.internal.os.ZygoteInit$MethodAndArgsCaller.run(ZygoteInit.java:858)
W/System.err( 1322): 	at com.android.internal.os.ZygoteInit.main(ZygoteInit.java:616)
W/System.err( 1322): 	at dalvik.system.NativeStart.main(Native Method)
E/Navit   ( 1322): Navit -> pixels x=480 pixels y=640
E/Navit   ( 1322): Navit -> dpi=200
E/Navit   ( 1322): Navit -> density=1.25
E/Navit   ( 1322): Navit -> scaledDensity=1.25
E/Navit   ( 1322): Res Name de
E/Navit   ( 1322): result /data/data/org.navitproject.navit/locale/de/LC_MESSAGES/navit.mo
E/Navit   ( 1322): Res ID 2130903047
E/Navit   ( 1322): Checking /data
E/Navit   ( 1322): Checking /data/data
E/Navit   ( 1322): Checking /data/data/org.navitproject.navit
E/Navit   ( 1322): Checking /data/data/org.navitproject.navit/locale
E/Navit   ( 1322): Checking /data/data/org.navitproject.navit/locale/de
E/Navit   ( 1322): Creating dir
E/Navit   ( 1322): Failed to extract language resource de
E/Navit   ( 1322): Res Name navithdpi
E/Navit   ( 1322): result /data/data/org.navitproject.navit/share/navit.xml
E/Navit   ( 1322): Res ID 2130903072
E/Navit   ( 1322): Checking /data
E/Navit   ( 1322): Checking /data/data
E/Navit   ( 1322): Checking /data/data/org.navitproject.navit
E/Navit   ( 1322): Checking /data/data/org.navitproject.navit/share
E/Navit   ( 1322): Extracting resource
E/Navit   ( 1322): Exception /data/data/org.navitproject.navit/share/navit.xml (Permission denied)
E/Navit   ( 1322): Failed to extract navit.xml for hdpi
E/Navit   ( 1322): android.os.Build.VERSION.SDK_INT=8
E/test    ( 1322): called
E/navit   ( 1322): navit:Java_org_navitproject_navit_Navit_NavitMain:enter env=0xba50 thiz=0x43bf6da0 activity=0x43bf6da0 lang=de_DE version=8
E/navit   ( 1322): navit:Java_org_navitproject_navit_Navit_NavitMain:*****displaydensity=hdpi
E/navit   ( 1322): graphics_android:plugin_init:enter
E/navit   ( 1322): vehicle_android:plugin_init:enter
E/navit   ( 1322): navit:navit_get_user_data_directory:creating dir /data/data/org.navitproject.navit/home
E/navit   ( 1322): navit:navit_get_user_data_directory:failed creating dir /data/data/org.navitproject.navit/home
E/navit   ( 1322): navit:navit_get_user_data_directory:creating dir /data/data/org.navitproject.navit/home
E/navit   ( 1322): navit:navit_get_user_data_directory:failed creating dir /data/data/org.navitproject.navit/home
E/navit   ( 1322): graphics_android:event_android_new:enter
E/navit   ( 1322): graphics_android:event_android_new:ok
E/navit   ( 1322): graphics_android:graphics_android_init:at 2 jnienv=0xba50
E/navit   ( 1322): graphics_android:graphics_android_init:at 3
E/navit   ( 1322): graphics_android:graphics_android_init:at 4 android_activity=0x43bf6da0
E/Navit   ( 1322): create android overlay
E/navit   ( 1322): graphics_android:graphics_android_init:result=0x43c0c108
E/navit   ( 1322): graphics_android:graphics_android_init:result=0x43c0e810
E/navit   ( 1322): graphics_android:graphics_android_new:returning 0x3bf318
E/navit   ( 1322): vehicle_android:vehicle_android_new_android:enter
E/navit   ( 1322): vehicle_android:vehicle_android_init:at 3
E/navit   ( 1322): vehicle_android:vehicle_android_init:at 4 android_activity=0x43bf6da0
E/NavitVehicle( 1322): Providers [network, passive, gps]
E/NavitVehicle( 1322): Precise Provider gps
E/NavitVehicle( 1322): Fast Provider network
D/gps_fr  (  955): gps status callback: 0x1
D/gps_fr  (  955): gps entered timer thread
D/gps_fr  (  955): gps timer exp
E/navit   ( 1322): vehicle_android:vehicle_android_init:result=0x43c0eb30
E/navit   ( 1322): vehicle_android:vehicle_android_new_android:return
E/navit   ( 1322): speech_android:speech_android_init:at 3
E/navit   ( 1322): speech_android:speech_android_init:at 4 android_activity=0x43bf6da0
E/NavitSpeech2( 1322): Create
I/ActivityManager(  955): Starting activity: Intent { act=android.speech.tts.engine.CHECK_TTS_DATA cmp=com.svox.pico/.CheckVoiceData }
E/navit   ( 1322): speech_android:speech_android_init:result=0x43b39c70
E/navit   ( 1322): map_binfile:map_binfile_open:Failed to load '/sdcard/navitmap.bin'
W/ActivityManager(  955): Activity pause timeout for HistoryRecord{43b325c0 org.navitproject.navit/.Navit}
D/gps_fr  (  955): gps timer exp
D/gps_fr  (  955): gps timer exp
D/gps_fr  (  955): gps timer exp
D/gps_fr  (  955): gps timer exp
E/navit   ( 1322): navit:main_real:Using '/sdcard/navit/navit.xml'
E/navit   ( 1322): graphics_android:event_android_main_loop_run:enter
E/navit   ( 1322): navit:Java_org_navitproject_navit_Navit_NavitActivity:enter 3
E/Navit   ( 1322): x=Austria
E/Navit   ( 1322): OnStart
E/navit   ( 1322): navit:Java_org_navitproject_navit_Navit_NavitActivity:enter 2
E/Navit   ( 1322): OnResume
E/navit   ( 1322): navit:Java_org_navitproject_navit_Navit_NavitActivity:enter 1
E/Navit   ( 1322): timestamp for navigate_to expired! not using data
D/PhoneWindow( 1322): couldn't save which view has focus because the focused view org.navitproject.navit.NavitGraphics$1@43c0c8b0 has no id.
E/Navit   ( 1322): OnPause
E/navit   ( 1322): navit:Java_org_navitproject_navit_Navit_NavitActivity:enter -1
E/NavitSpeech2( 1322): onActivityResult 1 1
I/ActivityManager(  955): Start proc android.tts for service android.tts/.TtsService: pid=1329 uid=10025 gids={3003, 1015}
E/Navit   ( 1322): OnResume
E/navit   ( 1322): navit:Java_org_navitproject_navit_Navit_NavitActivity:enter 1
E/Navit   ( 1322): timestamp for navigate_to expired! not using data
E/Navit   ( 1322): NavitGraphics -> onSizeChanged pixels x=480 pixels y=609
E/Navit   ( 1322): NavitGraphics -> onSizeChanged density=1.25
E/Navit   ( 1322): NavitGraphics -> onSizeChanged scaledDensity=1.25
D/installd(  910): DexInv: --- BEGIN '/system/app/TtsService.apk' ---
D/dalvikvm( 1322): GC_EXTERNAL_ALLOC freed 3340 objects / 215136 bytes in 232ms
E/navit   ( 1322): navit:Java_org_navitproject_navit_NavitGraphics_SizeChangedCallback:enter 0x3bf968 480 609
E/navit   ( 1322): graphics_android:resize_callback:w=480 h=609 ok
D/gps_fr  (  955): gps timer exp
E/navit   ( 1322): graphics_android:graphics_android_init:at 2 jnienv=0xba50
E/navit   ( 1322): graphics_android:graphics_android_init:at 3
E/navit   ( 1322): graphics_android:graphics_android_init:at 4 android_activity=0x43bf6da0
E/navit   ( 1322): graphics_android:graphics_android_init:result=0x43c16ee8
E/navit   ( 1322): graphics_android:graphics_android_init:result=0x43bfa400
E/navit   ( 1322): graphics_android:overlay_new:returning 0x1219e0
E/navit   ( 1322): navit:osd_set_std_graphic:accesskey (null)
E/navit   ( 1322): graphics_android:graphics_android_init:at 2 jnienv=0xba50
E/navit   ( 1322): graphics_android:graphics_android_init:at 3
E/navit   ( 1322): graphics_android:graphics_android_init:at 4 android_activity=0x43bf6da0
E/navit   ( 1322): graphics_android:graphics_android_init:result=0x43c0dbf8
E/navit   ( 1322): graphics_android:graphics_android_init:result=0x43bf9dc0
E/navit   ( 1322): graphics_android:overlay_new:returning 0x13a030
E/navit   ( 1322): navit:osd_set_std_graphic:accesskey (null)
E/navit   ( 1322): graphics_android:graphics_android_init:at 2 jnienv=0xba50
E/navit   ( 1322): graphics_android:graphics_android_init:at 3
E/navit   ( 1322): graphics_android:graphics_android_init:at 4 android_activity=0x43bf6da0
E/navit   ( 1322): graphics_android:graphics_android_init:result=0x43b14168
E/navit   ( 1322): graphics_android:graphics_android_init:result=0x43bf5908
E/navit   ( 1322): graphics_android:overlay_new:returning 0x1395c8
E/navit   ( 1322): navit:osd_set_std_graphic:accesskey (null)
E/navit   ( 1322): graphics_android:graphics_android_init:at 2 jnienv=0xba50
E/navit   ( 1322): graphics_android:graphics_android_init:at 3
E/navit   ( 1322): graphics_android:graphics_android_init:at 4 android_activity=0x43bf6da0
E/navit   ( 1322): graphics_android:graphics_android_init:result=0x43c163e0
E/navit   ( 1322): graphics_android:graphics_android_init:result=0x43bf57f0
E/navit   ( 1322): graphics_android:overlay_new:returning 0x139ae0
E/navit   ( 1322): navit:osd_set_std_graphic:accesskey (null)
D/dalvikvm( 1335): DexOpt: load 15ms, verify 185ms, opt 2ms
D/gps_fr  (  955): gps timer exp
D/installd(  910): DexInv: --- END '/system/app/TtsService.apk' (success) ---
I/ActivityManager(  955): Displayed activity org.navitproject.navit/.Navit: 10102 ms (total 10102 ms)
E/navit   ( 1322): graphics_android:graphics_android_init:at 2 jnienv=0xba50
E/navit   ( 1322): graphics_android:graphics_android_init:at 3
E/navit   ( 1322): graphics_android:graphics_android_init:at 4 android_activity=0x43bf6da0
E/navit   ( 1322): graphics_android:graphics_android_init:result=0x43c1a1f8
E/navit   ( 1322): graphics_android:graphics_android_init:result=0x43bf5048
V/TtsService( 1329): TtsService.onCreate()
E/navit   ( 1322): graphics_android:overlay_new:returning 0x11ac50
V/TtsService( 1329): About to load /system/lib/libttspico.so, applyFilter=true
D/gps_fr  (  955): gps timer exp
W/ActivityManager(  955): Activity idle timeout for HistoryRecord{43b325c0 org.navitproject.navit/.Navit}
V/TtsService( 1329): TtsService.setLanguage(deu, DEU, )
D/gps_fr  (  955): gps timer exp
D/gps_fr  (  955): gps timer exp
I/SVOX Pico Engine( 1329): loaded de-DE successfully
I/SynthProxy( 1329): setting speech rate to 100
E/NavitSpeech2( 1322): Status 0
D/gps_fr  (  955): gps timer exp
D/gps_fr  (  955): gps timer exp
D/gps_fr  (  955): gps timer exp
D/dalvikvm( 1285): GC_EXPLICIT freed 271 objects / 14568 bytes in 97ms
D/gps_fr  (  955): gps timer exp
D/gps_fr  (  955): gps timer exp
D/gps_fr  (  955): gps timer exp
D/gps_fr  (  955): gps timer exp
D/gps_fr  (  955): gps timer exp
D/dalvikvm( 1103): GC_EXPLICIT freed 328 objects / 19104 bytes in 86ms
D/gps_fr  (  955): gps timer exp
D/gps_fr  (  955): gps timer exp
D/gps_fr  (  955): gps timer exp
D/gps_fr  (  955): gps timer exp
D/gps_fr  (  955): gps timer exp
D/gps_fr  (  955): gps timer exp
D/gps_fr  (  955): gps timer exp
D/gps_fr  (  955): gps timer exp
D/gps_fr  (  955): gps timer exp
D/gps_fr  (  955): gps timer exp
D/gps_fr  (  955): gps timer exp
D/gps_fr  (  955): gps timer exp
D/gps_fr  (  955): gps timer exp
D/gps_fr  (  955): gps timer exp
D/gps_fr  (  955): gps timer exp
D/gps_fr  (  955): gps timer exp
D/gps_fr  (  955): gps timer exp
D/gps_fr  (  955): gps timer exp
I/ActivityManager(  955): Process com.android.email (pid 1136) has died.
D/gps_fr  (  955): gps timer exp
D/gps_fr  (  955): gps timer exp
D/gps_fr  (  955): gps timer exp
D/gps_fr  (  955): gps timer exp
D/gps_fr  (  955): gps timer exp
D/gps_fr  (  955): gps timer exp
