D/PackageManager(  956): Scanning package org.navitproject.navit
I/PackageManager(  956): New shared user org.navitproject.navit: id=10037
D/PackageManager(  956): Shared UserID org.navitproject.navit (uid=10037): packages=[]
I/PackageManager(  956): /data/app/org.navitproject.navit-1.apk changed; unpacking
D/PackageManager(  956): Caching shared lib lib/armeabi/libspeech_cmdline.so
D/PackageManager(  956): Caching shared lib lib/armeabi/libmap_filter.so
D/PackageManager(  956): Caching shared lib lib/armeabi/libvehicle_serial.so
D/PackageManager(  956): Caching shared lib lib/armeabi/libmap_textfile.so
D/PackageManager(  956): Caching shared lib lib/armeabi/libplugin_pedestrian.so
D/PackageManager(  956): Caching shared lib lib/armeabi/libgui_internal.so
D/PackageManager(  956): Caching shared lib lib/armeabi/libnavit.so
D/PackageManager(  956): Caching shared lib lib/armeabi/libmap_csv.so
D/PackageManager(  956): Caching shared lib lib/armeabi/libosd_core.so
D/PackageManager(  956): Caching shared lib lib/armeabi/libmap_shapefile.so
D/PackageManager(  956): Caching shared lib lib/armeabi/libvehicle_file.so
D/PackageManager(  956): Caching shared lib lib/armeabi/libmap_binfile.so
D/PackageManager(  956): Caching shared lib lib/armeabi/libgraphics_android.so
D/PackageManager(  956): Caching shared lib lib/armeabi/libmap_mg.so
D/PackageManager(  956): Caching shared lib lib/armeabi/libgraphics_null.so
D/PackageManager(  956): Caching shared lib lib/armeabi/libvehicle_android.so
D/PackageManager(  956): Caching shared lib lib/armeabi/libspeech_android.so
D/PackageManager(  956): Caching shared lib lib/armeabi/libvehicle_pipe.so
D/PackageManager(  956): Caching shared lib lib/armeabi/libvehicle_socket.so
D/PackageManager(  956): Caching shared lib lib/armeabi/libvehicle_demo.so
D/installd(  911): DexInv: --- BEGIN '/data/app/org.navitproject.navit-1.apk' ---
D/dalvikvm( 1211): DexOpt: load 68ms, verify 520ms, opt 13ms
D/installd(  911): DexInv: --- END '/data/app/org.navitproject.navit-1.apk' (success) ---
D/PackageManager(  956):   Activities: org.navitproject.navit.Navit org.navitproject.navit.NavitAddressSearchActivity org.navitproject.navit.NavitDownloadSelectMapActivity org.navitproject.navit.NavitAddressResultListActivity
I/ActivityManager(  956): Force stopping package org.navitproject.navit uid=10037
I/installd(  911): move /data/dalvik-cache/data@app@org.navitproject.navit-1.apk@classes.dex -> /data/dalvik-cache/data@app@org.navitproject.navit-1.apk@classes.dex
D/PackageManager(  956): New package installed in /data/app/org.navitproject.navit-1.apk
I/ActivityManager(  956): Start proc com.android.voicedialer for broadcast com.android.voicedialer/.VoiceDialerReceiver: pid=1212 uid=10021 gids={3002}
D/dalvikvm(  956): GC_EXPLICIT freed 21741 objects / 1141464 bytes in 487ms
D/AndroidRuntime( 1196): Shutting down VM
D/jdwp    ( 1196): adbd disconnected
I/AndroidRuntime( 1196): NOTE: attach of thread 'Binder Thread #3' failed
W/RecognitionManagerService(  956): no available voice recognition services found
D/VoiceDialerReceiver( 1212): onReceive Intent { act=android.intent.action.PACKAGE_ADDED dat=package:org.navitproject.navit flg=0x10000000 cmp=com.android.voicedialer/.VoiceDialerReceiver (has extras) }
V/RecognizerEngine( 1212): deleteCachedGrammarFiles /data/data/com.android.voicedialer/files/openentries.txt
I/ActivityManager(  956): Start proc com.svox.pico for broadcast com.svox.pico/.VoiceDataInstallerReceiver: pid=1221 uid=10031 gids={}
I/ActivityThread( 1221): Publishing provider com.svox.pico.providers.SettingsProvider: com.svox.pico.providers.SettingsProvider
D/dalvikvm( 1029): GC_EXTERNAL_ALLOC freed 4036 objects / 224616 bytes in 100ms
I/ActivityManager(  956): Starting activity: Intent { act=android.intent.action.MAIN cat=[android.intent.category.LAUNCHER] flg=0x10200000 cmp=org.navitproject.navit/.Navit }
I/ActivityManager(  956): Start proc org.navitproject.navit for activity org.navitproject.navit/.Navit: pid=1227 uid=10037 gids={1006, 3003, 1015}
D/dalvikvm( 1227): Trying to load lib /data/data/org.navitproject.navit/lib/libnavit.so 0x43b145b0
D/dalvikvm( 1227): Added shared lib /data/data/org.navitproject.navit/lib/libnavit.so 0x43b145b0
D/dalvikvm( 1227): No JNI_OnLoad found in /data/data/org.navitproject.navit/lib/libnavit.so 0x43b145b0, skipping init
E/Navit   ( 1227): **1**A android.intent.action.MAIN
E/Navit   ( 1227): **1**D null
E/NavitTextTranslations( 1227): initializing translated text ...
E/NavitTextTranslations( 1227): trying: exit navit
E/NavitTextTranslations( 1227): trying: zoom in
E/NavitTextTranslations( 1227): trying: zoom out
E/NavitTextTranslations( 1227): trying: address search
E/NavitTextTranslations( 1227): trying: Mapdownload
E/NavitTextTranslations( 1227): trying: downloading
E/NavitTextTranslations( 1227): trying: ETA
E/NavitTextTranslations( 1227): trying: Error downloading map!
E/NavitTextTranslations( 1227): trying: ready
E/NavitTextTranslations( 1227): trying: Ok
E/NavitTextTranslations( 1227): trying: No address found
E/NavitTextTranslations( 1227): trying: Enter: City and Street
E/NavitTextTranslations( 1227): trying: No search string entered
E/NavitTextTranslations( 1227): trying: setting destination to
E/NavitTextTranslations( 1227): trying: getting search results
E/NavitTextTranslations( 1227): trying: searching ...
E/NavitTextTranslations( 1227): trying: No Results found!
E/NavitTextTranslations( 1227): trying: Map data (c) OpenStreetMap contributors, CC-BY-SA
E/NavitTextTranslations( 1227): trying: partial match
E/NavitTextTranslations( 1227): trying: Search
E/NavitTextTranslations( 1227): trying: drive here
E/NavitTextTranslations( 1227): trying: loading search results
E/NavitTextTranslations( 1227): trying: towns
E/NavitTextTranslations( 1227): ... ready
E/Navit   ( 1227): lang=de
E/Navit   ( 1227): Country1 DE
E/Navit   ( 1227): Country2 DE
E/Navit   ( 1227): Language de
E/Navit   ( 1227): Navit -> pixels x=480 pixels y=640
E/Navit   ( 1227): Navit -> dpi=200
E/Navit   ( 1227): Navit -> density=1.25
E/Navit   ( 1227): Navit -> scaledDensity=1.25
E/Navit   ( 1227): Res Name de
E/Navit   ( 1227): result /data/data/org.navitproject.navit/locale/de/LC_MESSAGES/navit.mo
E/Navit   ( 1227): Res ID 2130903047
E/Navit   ( 1227): Checking /data
E/Navit   ( 1227): Checking /data/data
E/Navit   ( 1227): Checking /data/data/org.navitproject.navit
E/Navit   ( 1227): Checking /data/data/org.navitproject.navit/locale
E/Navit   ( 1227): Creating dir
E/Navit   ( 1227): Checking /data/data/org.navitproject.navit/locale/de
E/Navit   ( 1227): Creating dir
E/Navit   ( 1227): Checking /data/data/org.navitproject.navit/locale/de/LC_MESSAGES
E/Navit   ( 1227): Creating dir
E/Navit   ( 1227): Extracting resource
E/Navit   ( 1227): Res Name navithdpi
E/Navit   ( 1227): result /data/data/org.navitproject.navit/share/navit.xml
E/Navit   ( 1227): Res ID 2130903072
E/Navit   ( 1227): Checking /data
E/Navit   ( 1227): Checking /data/data
E/Navit   ( 1227): Checking /data/data/org.navitproject.navit
E/Navit   ( 1227): Checking /data/data/org.navitproject.navit/share
E/Navit   ( 1227): Extracting resource
E/Navit   ( 1227): android.os.Build.VERSION.SDK_INT=8
E/test    ( 1227): called
E/navit   ( 1227): navit:Java_org_navitproject_navit_Navit_NavitMain:enter env=0xba50 thiz=0x43b58e18 activity=0x43b58e18 lang=de_DE version=8
E/navit   ( 1227): navit:Java_org_navitproject_navit_Navit_NavitMain:*****displaydensity=hdpi
E/navit   ( 1227): navit:main_real:trying /data/data/org.navitproject.navit/home/navit.xml
E/navit   ( 1227): navit:main_real:trying navit.xml.local
E/navit   ( 1227): navit:main_real:trying navit.xml
E/navit   ( 1227): navit:main_real:trying /sdcard/navit/navit.xml
E/navit   ( 1227): support_wordexp:glob_recursive:searching for data/data/org.navitproject.navit/lib/libgraphics_android.so in /
E/navit   ( 1227): support_wordexp:glob_recursive:searching for data/org.navitproject.navit/lib/libgraphics_android.so in /data
E/navit   ( 1227): support_wordexp:glob_recursive:searching for org.navitproject.navit/lib/libgraphics_android.so in /data/data
E/navit   ( 1227): support_wordexp:glob_recursive:searching for lib/libgraphics_android.so in /data/data/org.navitproject.navit
E/navit   ( 1227): support_wordexp:glob_recursive:searching for libgraphics_android.so in /data/data/org.navitproject.navit/lib
E/navit   ( 1227): support_wordexp:glob_recursive:found /data/data/org.navitproject.navit/lib/libgraphics_android.so
E/navit   ( 1227): support_wordexp:glob_recursive:searching for data/data/org.navitproject.navit/lib/libvehicle_android.so in /
E/navit   ( 1227): support_wordexp:glob_recursive:searching for data/org.navitproject.navit/lib/libvehicle_android.so in /data
E/navit   ( 1227): support_wordexp:glob_recursive:searching for org.navitproject.navit/lib/libvehicle_android.so in /data/data
E/navit   ( 1227): support_wordexp:glob_recursive:searching for lib/libvehicle_android.so in /data/data/org.navitproject.navit
E/navit   ( 1227): support_wordexp:glob_recursive:searching for libvehicle_android.so in /data/data/org.navitproject.navit/lib
E/navit   ( 1227): support_wordexp:glob_recursive:found /data/data/org.navitproject.navit/lib/libvehicle_android.so
E/navit   ( 1227): support_wordexp:glob_recursive:searching for data/data/org.navitproject.navit/lib/libspeech_android.so in /
E/navit   ( 1227): support_wordexp:glob_recursive:searching for data/org.navitproject.navit/lib/libspeech_android.so in /data
E/navit   ( 1227): support_wordexp:glob_recursive:searching for org.navitproject.navit/lib/libspeech_android.so in /data/data
E/navit   ( 1227): support_wordexp:glob_recursive:searching for lib/libspeech_android.so in /data/data/org.navitproject.navit
E/navit   ( 1227): support_wordexp:glob_recursive:searching for libspeech_android.so in /data/data/org.navitproject.navit/lib
E/navit   ( 1227): support_wordexp:glob_recursive:found /data/data/org.navitproject.navit/lib/libspeech_android.so
E/navit   ( 1227): support_wordexp:glob_recursive:searching for data/data/org.navitproject.navit/lib/libgui_internal.so in /
E/navit   ( 1227): support_wordexp:glob_recursive:searching for data/org.navitproject.navit/lib/libgui_internal.so in /data
E/navit   ( 1227): support_wordexp:glob_recursive:searching for org.navitproject.navit/lib/libgui_internal.so in /data/data
E/navit   ( 1227): support_wordexp:glob_recursive:searching for lib/libgui_internal.so in /data/data/org.navitproject.navit
E/navit   ( 1227): support_wordexp:glob_recursive:searching for libgui_internal.so in /data/data/org.navitproject.navit/lib
E/navit   ( 1227): support_wordexp:glob_recursive:found /data/data/org.navitproject.navit/lib/libgui_internal.so
E/navit   ( 1227): support_wordexp:glob_recursive:searching for data/data/org.navitproject.navit/lib/libmap_textfile.so in /
E/navit   ( 1227): support_wordexp:glob_recursive:searching for data/org.navitproject.navit/lib/libmap_textfile.so in /data
E/navit   ( 1227): support_wordexp:glob_recursive:searching for org.navitproject.navit/lib/libmap_textfile.so in /data/data
E/navit   ( 1227): support_wordexp:glob_recursive:searching for lib/libmap_textfile.so in /data/data/org.navitproject.navit
E/navit   ( 1227): support_wordexp:glob_recursive:searching for libmap_textfile.so in /data/data/org.navitproject.navit/lib
E/navit   ( 1227): support_wordexp:glob_recursive:found /data/data/org.navitproject.navit/lib/libmap_textfile.so
E/navit   ( 1227): support_wordexp:glob_recursive:searching for data/data/org.navitproject.navit/lib/libmap_binfile.so in /
E/navit   ( 1227): support_wordexp:glob_recursive:searching for data/org.navitproject.navit/lib/libmap_binfile.so in /data
E/navit   ( 1227): support_wordexp:glob_recursive:searching for org.navitproject.navit/lib/libmap_binfile.so in /data/data
E/navit   ( 1227): support_wordexp:glob_recursive:searching for lib/libmap_binfile.so in /data/data/org.navitproject.navit
E/navit   ( 1227): support_wordexp:glob_recursive:searching for libmap_binfile.so in /data/data/org.navitproject.navit/lib
E/navit   ( 1227): support_wordexp:glob_recursive:found /data/data/org.navitproject.navit/lib/libmap_binfile.so
E/navit   ( 1227): support_wordexp:glob_recursive:searching for data/data/org.navitproject.navit/lib/libosd_core.so in /
E/navit   ( 1227): support_wordexp:glob_recursive:searching for data/org.navitproject.navit/lib/libosd_core.so in /data
E/navit   ( 1227): support_wordexp:glob_recursive:searching for org.navitproject.navit/lib/libosd_core.so in /data/data
E/navit   ( 1227): support_wordexp:glob_recursive:searching for lib/libosd_core.so in /data/data/org.navitproject.navit
E/navit   ( 1227): support_wordexp:glob_recursive:searching for libosd_core.so in /data/data/org.navitproject.navit/lib
E/navit   ( 1227): support_wordexp:glob_recursive:found /data/data/org.navitproject.navit/lib/libosd_core.so
E/navit   ( 1227): support_wordexp:glob_recursive:searching for data/data/org.navitproject.navitfp1/lib/libauto*.so in /
E/navit   ( 1227): support_wordexp:glob_recursive:searching for data/org.navitproject.navitfp1/lib/libauto*.so in /data
E/navit   ( 1227): support_wordexp:glob_recursive:searching for org.navitproject.navitfp1/lib/libauto*.so in /data/data
E/navit   ( 1227): support_wordexp:glob_recursive:searching for lib/libauto*.so in /data/data/org.navitproject.navitfp1
E/navit   ( 1227): support_wordexp:glob_recursive:searching for libauto*.so in /data/data/org.navitproject.navitfp1/lib
E/navit   ( 1227): support_wordexp:glob_recursive:in dir /data/data/org.navitproject.navitfp1/lib search for libauto*.so
E/navit   ( 1227): support_wordexp:glob_recursive:searching for data/data/org.navitproject.navitfp2/lib/libauto*.so in /
E/navit   ( 1227): support_wordexp:glob_recursive:searching for data/org.navitproject.navitfp2/lib/libauto*.so in /data
E/navit   ( 1227): support_wordexp:glob_recursive:searching for org.navitproject.navitfp2/lib/libauto*.so in /data/data
E/navit   ( 1227): support_wordexp:glob_recursive:searching for lib/libauto*.so in /data/data/org.navitproject.navitfp2
E/navit   ( 1227): support_wordexp:glob_recursive:searching for libauto*.so in /data/data/org.navitproject.navitfp2/lib
E/navit   ( 1227): support_wordexp:glob_recursive:in dir /data/data/org.navitproject.navitfp2/lib search for libauto*.so
E/navit   ( 1227): support_wordexp:glob_recursive:searching for data/data/org.navitproject.navitfp3/lib/libauto*.so in /
E/navit   ( 1227): support_wordexp:glob_recursive:searching for data/org.navitproject.navitfp3/lib/libauto*.so in /data
E/navit   ( 1227): support_wordexp:glob_recursive:searching for org.navitproject.navitfp3/lib/libauto*.so in /data/data
E/navit   ( 1227): support_wordexp:glob_recursive:searching for lib/libauto*.so in /data/data/org.navitproject.navitfp3
E/navit   ( 1227): support_wordexp:glob_recursive:searching for libauto*.so in /data/data/org.navitproject.navitfp3/lib
E/navit   ( 1227): support_wordexp:glob_recursive:in dir /data/data/org.navitproject.navitfp3/lib search for libauto*.so
E/navit   ( 1227): support_wordexp:glob_recursive:searching for data/data/org.navitproject.navitfp4/lib/libauto*.so in /
E/navit   ( 1227): support_wordexp:glob_recursive:searching for data/org.navitproject.navitfp4/lib/libauto*.so in /data
E/navit   ( 1227): support_wordexp:glob_recursive:searching for org.navitproject.navitfp4/lib/libauto*.so in /data/data
E/navit   ( 1227): support_wordexp:glob_recursive:searching for lib/libauto*.so in /data/data/org.navitproject.navitfp4
E/navit   ( 1227): support_wordexp:glob_recursive:searching for libauto*.so in /data/data/org.navitproject.navitfp4/lib
E/navit   ( 1227): support_wordexp:glob_recursive:in dir /data/data/org.navitproject.navitfp4/lib search for libauto*.so
E/navit   ( 1227): graphics_android:plugin_init:enter
E/navit   ( 1227): vehicle_android:plugin_init:enter
E/navit   ( 1227): navit:navit_get_user_data_directory:creating dir /data/data/org.navitproject.navit/home
E/navit   ( 1227): support_wordexp:glob_recursive:searching for data/data/org.navitproject.navit/home/bookmark.txt in /
E/navit   ( 1227): support_wordexp:glob_recursive:searching for data/org.navitproject.navit/home/bookmark.txt in /data
E/navit   ( 1227): support_wordexp:glob_recursive:searching for org.navitproject.navit/home/bookmark.txt in /data/data
E/navit   ( 1227): support_wordexp:glob_recursive:searching for home/bookmark.txt in /data/data/org.navitproject.navit
E/navit   ( 1227): support_wordexp:glob_recursive:searching for bookmark.txt in /data/data/org.navitproject.navit/home
E/navit   ( 1227): support_wordexp:glob_recursive:found /data/data/org.navitproject.navit/home/bookmark.txt
E/navit   ( 1227): navit:navit_ref:refcount 2
E/navit   ( 1227): graphics_android:event_android_new:enter
E/navit   ( 1227): graphics_android:event_android_new:ok
E/navit   ( 1227): graphics_android:graphics_android_init:at 2 jnienv=0xba50
E/navit   ( 1227): graphics_android:graphics_android_init:at 3
E/navit   ( 1227): graphics_android:graphics_android_init:at 4 android_activity=0x43b58e18
E/navit   ( 1227): graphics_android:graphics_android_init:result=0x43b69178
E/navit   ( 1227): graphics_android:graphics_android_init:result=0x43b72ba0
E/navit   ( 1227): graphics_android:graphics_android_new:returning 0x3d2108
E/navit   ( 1227): support_wordexp:glob_recursive:searching for %s_wh_64_64.png in 
E/navit   ( 1227): support_wordexp:glob_recursive:found %s_wh_64_64.png
E/navit   ( 1227): vehicle_android:vehicle_android_new_android:enter
E/navit   ( 1227): vehicle_android:vehicle_android_init:at 3
E/navit   ( 1227): vehicle_android:vehicle_android_init:at 4 android_activity=0x43b58e18
E/NavitVehicle( 1227): Providers [network, passive, gps]
E/NavitVehicle( 1227): Precise Provider gps
E/NavitVehicle( 1227): Fast Provider network
E/navit   ( 1227): vehicle_android:vehicle_android_init:result=0x43b72ec0
E/navit   ( 1227): vehicle_android:vehicle_android_new_android:return
E/navit   ( 1227): navit:vehicle_ref:refcount 2
E/navit   ( 1227): navit:vehicle_unref:refcount 1
E/navit   ( 1227): navit:tracking_ref:refcount 2
E/navit   ( 1227): navit:tracking_unref:refcount 1
E/navit   ( 1227): speech_android:speech_android_init:at 3
E/navit   ( 1227): speech_android:speech_android_init:at 4 android_activity=0x43b58e18
E/NavitSpeech2( 1227): Create
I/ActivityManager(  956): Starting activity: Intent { act=android.speech.tts.engine.CHECK_TTS_DATA cmp=com.svox.pico/.CheckVoiceData }
E/navit   ( 1227): speech_android:speech_android_init:result=0x43b7b1b8
E/navit   ( 1227): support_wordexp:glob_recursive:searching for sdcard/navitmap.bin in /
E/navit   ( 1227): support_wordexp:glob_recursive:searching for navitmap.bin in /sdcard
E/navit   ( 1227): support_wordexp:glob_recursive:found /sdcard/navitmap.bin
E/navit   ( 1227): map_binfile:map_binfile_open:Failed to load '/sdcard/navitmap.bin'
E/navit   ( 1227): support_wordexp:glob_recursive:searching for sdcard/navit/navitmap.bin in /
E/navit   ( 1227): support_wordexp:glob_recursive:searching for navit/navitmap.bin in /sdcard
E/navit   ( 1227): support_wordexp:glob_recursive:searching for navitmap.bin in /sdcard/navit
E/navit   ( 1227): support_wordexp:glob_recursive:found /sdcard/navit/navitmap.bin
W/ActivityManager(  956): Activity pause timeout for HistoryRecord{43d0f520 org.navitproject.navit/.Navit}
I/ActivityManager(  956): Process com.android.providers.calendar (pid 1130) has died.
E/navit   ( 1227): navit:tracking_ref:refcount 2
E/navit   ( 1227): support_wordexp:glob_recursive:searching for data/data/org.navitproject.navit/home/destination.txt in /
E/navit   ( 1227): support_wordexp:glob_recursive:searching for data/org.navitproject.navit/home/destination.txt in /data
E/navit   ( 1227): support_wordexp:glob_recursive:searching for org.navitproject.navit/home/destination.txt in /data/data
E/navit   ( 1227): support_wordexp:glob_recursive:searching for home/destination.txt in /data/data/org.navitproject.navit
E/navit   ( 1227): support_wordexp:glob_recursive:searching for destination.txt in /data/data/org.navitproject.navit/home
E/navit   ( 1227): support_wordexp:glob_recursive:found /data/data/org.navitproject.navit/home/destination.txt
E/navit   ( 1227): navit:navit_unref:refcount 1
E/navit   ( 1227): navit:main_real:Using '/sdcard/navit/navit.xml'
E/navit   ( 1227): graphics_android:event_android_main_loop_run:enter
D/dalvikvm( 1227): GC_FOR_MALLOC freed 3268 objects / 189960 bytes in 97ms
E/Navit   ( 1227): x=Österreich
E/Navit   ( 1227): OnResume
E/Navit   ( 1227): timestamp for navigate_to expired! not using data
D/PhoneWindow( 1227): couldn't save which view has focus because the focused view org.navitproject.navit.NavitGraphics$NavitView@43b69af0 has no id.
E/NavitSpeech2( 1227): onActivityResult 1 1
I/ActivityManager(  956): Start proc android.tts for service android.tts/.TtsService: pid=1235 uid=10025 gids={3003, 1015}
E/Navit   ( 1227): OnResume
E/Navit   ( 1227): timestamp for navigate_to expired! not using data
E/Navit   ( 1227): NavitGraphics -> onSizeChanged pixels x=480 pixels y=609
E/Navit   ( 1227): NavitGraphics -> onSizeChanged density=1.25
E/Navit   ( 1227): NavitGraphics -> onSizeChanged scaledDensity=1.25
D/dalvikvm( 1227): GC_EXTERNAL_ALLOC freed 560 objects / 54672 bytes in 182ms
E/navit   ( 1227): navit:Java_org_navitproject_navit_NavitGraphics_SizeChangedCallback:enter 0x3d2740 480 609
E/navit   ( 1227): graphics_android:resize_callback:w=480 h=609 ok
V/TtsService( 1235): TtsService.onCreate()
E/navit   ( 1227): graphics_android:graphics_android_init:at 2 jnienv=0xba50
E/navit   ( 1227): graphics_android:graphics_android_init:at 3
E/navit   ( 1227): graphics_android:graphics_android_init:at 4 android_activity=0x43b58e18
E/navit   ( 1227): graphics_android:graphics_android_init:result=0x43b62008
E/navit   ( 1227): graphics_android:graphics_android_init:result=0x43b5cc38
E/navit   ( 1227): graphics_android:overlay_new:returning 0x141f38
E/NavitGraphics( 1227): overlay_disable: 0Parent: true
E/navit   ( 1227): navit:osd_set_std_graphic:accesskey (null)
E/navit   ( 1227): graphics_android:graphics_android_init:at 2 jnienv=0xba50
E/navit   ( 1227): graphics_android:graphics_android_init:at 3
E/navit   ( 1227): graphics_android:graphics_android_init:at 4 android_activity=0x43b58e18
E/navit   ( 1227): graphics_android:graphics_android_init:result=0x43b5c0f8
E/navit   ( 1227): graphics_android:graphics_android_init:result=0x43b55440
E/navit   ( 1227): graphics_android:overlay_new:returning 0x1371d0
E/NavitGraphics( 1227): overlay_disable: 0Parent: true
E/navit   ( 1227): navit:osd_set_std_graphic:accesskey (null)
E/navit   ( 1227): graphics_android:graphics_android_init:at 2 jnienv=0xba50
E/navit   ( 1227): graphics_android:graphics_android_init:at 3
E/navit   ( 1227): graphics_android:graphics_android_init:at 4 android_activity=0x43b58e18
E/navit   ( 1227): graphics_android:graphics_android_init:result=0x43b7a7c0
E/navit   ( 1227): graphics_android:graphics_android_init:result=0x43b550e8
E/navit   ( 1227): graphics_android:overlay_new:returning 0x1395c8
E/NavitGraphics( 1227): overlay_disable: 0Parent: true
E/navit   ( 1227): navit:osd_set_std_graphic:accesskey (null)
E/navit   ( 1227): graphics_android:graphics_android_init:at 2 jnienv=0xba50
E/navit   ( 1227): graphics_android:graphics_android_init:at 3
E/navit   ( 1227): graphics_android:graphics_android_init:at 4 android_activity=0x43b58e18
E/navit   ( 1227): graphics_android:graphics_android_init:result=0x43b65528
E/navit   ( 1227): graphics_android:graphics_android_init:result=0x43b54b68
E/navit   ( 1227): graphics_android:overlay_new:returning 0x133538
E/NavitGraphics( 1227): overlay_disable: 0Parent: true
E/navit   ( 1227): navit:osd_set_std_graphic:accesskey (null)
V/TtsService( 1235): About to load /system/lib/libttspico.so, applyFilter=true
V/TtsService( 1235): TtsService.setLanguage(deu, DEU, )
I/ActivityManager(  956): Displayed activity org.navitproject.navit/.Navit: 9794 ms (total 9794 ms)
W/ActivityManager(  956): Launch timeout has expired, giving up wake lock!
E/navit   ( 1227): graphics_android:graphics_android_init:at 2 jnienv=0xba50
E/navit   ( 1227): graphics_android:graphics_android_init:at 3
E/navit   ( 1227): graphics_android:graphics_android_init:at 4 android_activity=0x43b58e18
E/navit   ( 1227): graphics_android:graphics_android_init:result=0x43b5d3e0
E/navit   ( 1227): graphics_android:graphics_android_init:result=0x43b4d340
E/navit   ( 1227): graphics_android:overlay_new:returning 0x12ecb8
I/SVOX Pico Engine( 1235): loaded de-DE successfully
I/SynthProxy( 1235): setting speech rate to 100
E/NavitSpeech2( 1227): Status 0
I/ActivityManager(  956): Process com.android.email (pid 1142) has died.
E/Navit   ( 1227): Ok, user saw the infobox
D/dalvikvm( 1029): GC_EXPLICIT freed 261 objects / 13544 bytes in 97ms
